F2: cave at 0xc4c00, 138 bytes = 96 code + 42 table; entered by jarl 0xC4C00, r6 from 0x29D76 (r6 = 0x29D7A)
  0xc4c00 C      c2 82              ('shl_i', 2, 16)                         displaced 0x29D76: 4 sp
  0xc4c02        ba 81              ('sub', 26, 16)                          displaced 0x29D78: E = 4 sp - r26
  0xc4c04        e4 47 a3 95        ('ld_hu', -27230, 4, 8)                  v = gp-0x6a5e (64 counts per km/h)            [G(v)]
  0xc4c08        29 06 60 4c 0c 00  ('mov_i32', 'TBL', 9)                    r9 -> table                                     [G(v)]
  0xc4c0e        e9 6f 01 00        ('ld_hu', 0, 9, 13)                      X0
  0xc4c12        ed 41              ('cmp', 13, 8)                           
  0xc4c14        cb 05              ('bh', 'L1')                             v > X0 (unsigned): walk
  0xc4c16        e9 47 03 00        ('ld_hu', 2, 9, 8)                       G = G0 (clamp low)
  0xc4c1a        b5 15              ('br', 'APPLY')                          
  0xc4c1c L1     e9 6f 07 00        ('ld_hu', 6, 9, 13)                      X(i+1)
  0xc4c20        ed 41              ('cmp', 13, 8)                           
  0xc4c22        c3 05              ('bnh', 'SEG')                           v <= X(i+1): segment i
  0xc4c24        09 4e 06 00        ('addi', 6, 9, 9)                        next row (the 0xFFFF row ends the walk)
  0xc4c28        a5 fd              ('br', 'L1')                             
  0xc4c2a SEG    e9 6f 01 00        ('ld_hu', 0, 9, 13)                      X(i)
  0xc4c2e        ad 41              ('sub', 13, 8)                           dv = v - X(i)
  0xc4c30        29 6f 04 00        ('ld_h', 4, 9, 13)                       S(i), Q12, signed
  0xc4c34        ed 47 20 02        ('mul', 13, 8, 0)                        dv * S(i) (low word)
  0xc4c38        ac 42              ('sar_i', 12, 8)                         >> 12
  0xc4c3a        e9 6f 03 00        ('ld_hu', 2, 9, 13)                      G(i)
  0xc4c3e        cd 41              ('add', 13, 8)                           G = G(i) + ((v - X(i)) * S(i) >> 12)
  0xc4c40 APPLY  e8 87 20 02        ('mul', 8, 16, 0)                        E * G (low word)                                 [THE SPEED GAIN]
  0xc4c44        a8 82              ('sar_i', 8, 16)                         E' = (E G) >> 8
  0xc4c46        e4 47 99 b0        ('ld_hu', -20328, 4, 8)                  |driver torque| gp-0x4f68                       [I FREEZE on the hand]
  0xc4c4a        20 6e 00 02        ('movea', 512, 0, 13)                    THR = 512
  0xc4c4e        ed 41              ('cmp', 13, 8)                           
  0xc4c50        cb 05              ('bh', 'FRZ')                            |tq| > THR (unsigned): freeze
  0xc4c52        ce 6e 00 80        ('andi', 32768, 14, 13)                  r14 = the ramp gp-0x69b0                         [I FREEZE on ramp-in/out]
  0xc4c56        ca 05              ('bne', 'DONE')                          ramp full: integrate
  0xc4c58 FRZ    00 32              ('mov_i5', 0, 6)                         r6 := e5 := 0 -> Honda's exc = 0 -> I unchanged
  0xc4c5a        b6 07 24 51        ('jr', 171390)                           return past 0x29D7A/0x29D7C
  0xc4c5e DONE   66 00              ('jmp', 6)                               return to 0x29D7A
  0xc4c60 TBL    ca 02              ('half', 714)                            table: X u16, G u16, S s16 Q12 per row
  table rows (X = gp-0x6a5e counts = 230.4 per m/s, G, S Q12): (714, 1187, 896) (1843, 1434, -6388) (2304, 715, -1779) (2707, 540, 2507) (4032, 1351, 1348) (6198, 2064, 0) (65535, 2064, 0)
