P5: cave at 0xc4c00, 150 bytes = 114 code + 36 table; entered by jarl 0xC4C00, r6 from 0x29D76 (r6 = 0x29D7A)
  0xc4c00 C      c2 82              ('shl_i', 2, 16)                         displaced 0x29D76: 4 sp
  0xc4c02        ba 81              ('sub', 26, 16)                          displaced 0x29D78: E = 4 sp - r26
  0xc4c04        24 d7 42 95        ('ld_h', -27326, 4, 26)                  op = gp-0x6abe (fresh 1 kHz motor-rate EMA)        [D OPERAND]
  0xc4c08        1a 46 c8 32        ('addi', 13000, 26, 8)                   Honda's validity form (FUN_0003f776): op + 13000
  0xc4c0c        20 6e 90 65        ('movea', 26000, 0, 13)                  
  0xc4c10        ed 41              ('cmp', 13, 8)                           
  0xc4c12        e0 d7 36 d3        ('cmovh', 0, 26, 26)                     op + 13000 > 26000 unsigned (incl. the 0x7FFF sentinel): op := 0
  0xc4c16        e4 47 a3 95        ('ld_hu', -27230, 4, 8)                  v = gp-0x6a5e (64 counts per km/h)            [G(v)]
  0xc4c1a        29 06 72 4c 0c 00  ('mov_i32', 'TBL', 9)                    r9 -> table                                     [G(v)]
  0xc4c20        e9 6f 01 00        ('ld_hu', 0, 9, 13)                      X0
  0xc4c24        ed 41              ('cmp', 13, 8)                           
  0xc4c26        cb 05              ('bh', 'L1')                             v > X0 (unsigned): walk
  0xc4c28        e9 47 03 00        ('ld_hu', 2, 9, 8)                       G = G0 (clamp low)
  0xc4c2c        b5 15              ('br', 'APPLY')                          
  0xc4c2e L1     e9 6f 07 00        ('ld_hu', 6, 9, 13)                      X(i+1)
  0xc4c32        ed 41              ('cmp', 13, 8)                           
  0xc4c34        c3 05              ('bnh', 'SEG')                           v <= X(i+1): segment i
  0xc4c36        09 4e 06 00        ('addi', 6, 9, 9)                        next row (the 0xFFFF row ends the walk)
  0xc4c3a        a5 fd              ('br', 'L1')                             
  0xc4c3c SEG    e9 6f 01 00        ('ld_hu', 0, 9, 13)                      X(i)
  0xc4c40        ad 41              ('sub', 13, 8)                           dv = v - X(i)
  0xc4c42        29 6f 04 00        ('ld_h', 4, 9, 13)                       S(i), Q12, signed
  0xc4c46        ed 47 20 02        ('mul', 13, 8, 0)                        dv * S(i) (low word)
  0xc4c4a        ac 42              ('sar_i', 12, 8)                         >> 12
  0xc4c4c        e9 6f 03 00        ('ld_hu', 2, 9, 13)                      G(i)
  0xc4c50        cd 41              ('add', 13, 8)                           G = G(i) + ((v - X(i)) * S(i) >> 12)
  0xc4c52 APPLY  e8 87 20 02        ('mul', 8, 16, 0)                        E * G (low word)                                 [THE SPEED GAIN]
  0xc4c56        a8 82              ('sar_i', 8, 16)                         E' = (E G) >> 8
  0xc4c58        e4 47 99 b0        ('ld_hu', -20328, 4, 8)                  |driver torque| gp-0x4f68                       [I FREEZE on the hand]
  0xc4c5c        20 6e 00 02        ('movea', 512, 0, 13)                    THR = 512
  0xc4c60        ed 41              ('cmp', 13, 8)                           
  0xc4c62        cb 05              ('bh', 'FRZ')                            |tq| > THR (unsigned): freeze
  0xc4c64        ce 6e 00 80        ('andi', 32768, 14, 13)                  r14 = the ramp gp-0x69b0                         [I FREEZE on ramp-in/out]
  0xc4c68        ca 05              ('bne', 'DONE')                          ramp full: integrate
  0xc4c6a FRZ    00 32              ('mov_i5', 0, 6)                         r6 := e5 := 0 -> Honda's exc = 0 -> I unchanged
  0xc4c6c        b6 07 12 51        ('jr', 171390)                           return past 0x29D7A/0x29D7C
  0xc4c70 DONE   66 00              ('jmp', 6)                               return to 0x29D7A
  0xc4c72 TBL    ca 02              ('half', 714)                            table: X u16, G u16, S s16 Q12 per row
  table rows (X = gp-0x6a5e counts = 230.4 per m/s, G, S Q12): (714, 1195, 1204) (1843, 1527, -7988) (2304, 628, -844) (2707, 545, 1866) (6198, 2135, 0) (65535, 2135, 0)
