
================================================================================================================
O1 DECOMPOSITION -- line window 7.4-8.6 Hz (7 bins of 0.1953 Hz), background = median PSD over 6-12 Hz excluding 7.0-9.0 Hz, floor = background x 31 bins
================================================================================================================
  rt   arm    rate    nwin  nep       v  |rate| |     LINE    FLOOR  line/fl |  CARRIER     CTRL
  85   hwy    0+        17    1    99.6     1.0 |        0     27.2     0.00 |     8.91     4.73
  96   hwy    0+        66    5   100.6     1.0 |     73.3     65.1     1.13 |      197     15.9
  97   hwy    0+       109   10    95.1     0.9 |        0     23.2     0.00 |     9.04     4.67
  9e   hwy    0+        31    2    89.3     0.9 |        0     58.5     0.00 |     29.9       11
  a4   hwy    0+        11    5    83.9     1.4 |     19.8     54.1     0.37 |      113     13.7
  96   hwy    5+        11    4   100.1     8.0 |      263      149     1.77 |      332     23.4
  a4   hwy    5+        11    4    82.3    10.1 |      202      131     1.54 |      277     22.5
  a5   hwy    5+         7    2    78.7    10.7 |      111      151     0.74 |      218     25.4
  96   hwy    15+        7    2    98.1    15.7 |      382      158     2.41 |      400     30.4
  a4   hwy    15+       44    3    97.1    25.0 |      406      157     2.59 |      383     28.7
  a5   hwy    15+       20    2    87.8    22.2 |      136      119     1.14 |      325     29.7
  85   hwy    ALL       17    1    99.6     1.0 |        0     27.2     0.00 |     8.91     4.73
  96   hwy    ALL       84    5   100.1     1.4 |      125     97.3     1.28 |      246     17.2
  97   hwy    ALL      109   10    95.1     0.9 |        0     23.2     0.00 |     9.04     4.67
  9e   hwy    ALL       32    2    89.4     0.9 |        0     58.8     0.00 |     32.1     11.6
  a4   hwy    ALL       66    5    93.6    21.3 |      317      148     2.14 |      351     27.1
  a5   hwy    ALL       29    2    86.8    20.9 |      121      121     1.00 |      305     27.8
  85   low    0+        11    3    29.6     2.0 |     33.4     57.7     0.58 |     19.1     10.2
  96   low    0+         9    4    28.5     1.0 |        0     42.6     0.00 |     27.7     6.34
  9e   low    0+         5    4    36.5     2.0 |     61.8     56.8     1.09 |     86.9     15.7
  a4   low    0+        10    5    30.2     1.4 |        0     73.4     0.00 |     26.3     8.31
  a5   low    0+        14    6    31.9     1.0 |     15.6     49.4     0.32 |     22.4     6.03
  85   low    5+        12    3    28.2    10.4 |      193     89.8     2.15 |       39     17.5
  9e   low    5+        14    4    36.3     8.7 |      317      149     2.12 |      194     22.7
  a4   low    5+         4    3    24.9     9.4 |      362      107     3.38 |      213     15.8
  a5   low    5+         7    6    31.1     9.8 |      187     99.6     1.88 |      182     20.1
  85   low    15+        4    2    26.0    16.5 |      295       86     3.43 |     59.5     12.9
  95   low    15+       12    4    28.0    28.1 |      824      204     4.03 |      293     38.5
  96   low    15+        6    5    23.5    23.0 |      301      214     1.40 |      192     23.7
  a4   low    15+        5    4    24.9    24.9 |      319      114     2.79 |      181     25.9
  a5   low    15+        6    4    25.8    23.2 |      251     94.1     2.67 |      135     27.1
  85   low    ALL       28    4    28.7     6.5 |      136     82.9     1.64 |     33.7     15.9
  95   low    ALL       16    4    28.9    25.8 |      666      204     3.26 |      303     37.8
  96   low    ALL       18    9    26.7     4.7 |     90.4     98.4     0.92 |      134     13.6
  97   low    ALL        7    5    27.3    10.2 |     4.51     19.8     0.23 |       27     21.7
  9e   low    ALL       21    8    36.1     8.1 |      213      134     1.59 |      167     21.7
  a4   low    ALL       20    9    27.5     4.8 |     48.7     86.6     0.56 |      106     13.9
  a5   low    ALL       27   11    29.0     3.6 |     76.2     84.1     0.91 |     76.1     11.2
  97   micro  0+         5    4     7.6     1.0 |     6.65     16.2     0.41 |     4.31     4.13
  a4   micro  0+         5    4     8.2     1.4 |       22     48.9     0.45 |     68.1     10.8
  a4   micro  5+         6    5     9.7     6.1 |      171     72.6     2.35 |      237     17.3
  85   micro  15+        4    1     7.0    21.5 |      556     75.1     7.40 |     56.4     16.4
  95   micro  15+        9    3     8.6    24.3 |      467      125     3.74 |      277     30.4
  9e   micro  15+        5    2     7.7    24.8 |      331      128     2.58 |      266     25.9
  a4   micro  15+        7    4    10.8    16.6 |      320     78.7     4.07 |      163     27.5
  a5   micro  15+        9    3     8.0    22.2 |      541      134     4.03 |       96     29.7
  9e   micro  40+        4    1    10.5    46.9 |      273     93.3     2.92 |     84.8     33.5
  85   micro  ALL        6    2     7.0    19.0 |      506     75.1     6.73 |       45     14.8
  95   micro  ALL       12    3     7.3    31.7 |      494      122     4.03 |      237     33.1
  96   micro  ALL        5    4     7.4     2.6 |      108     63.9     1.69 |      149     22.6
  97   micro  ALL        7    5     7.6     1.3 |     8.51     16.2     0.53 |     7.36      4.7
  9e   micro  ALL       11    3     7.8    33.7 |      331      116     2.85 |      135       28
  a4   micro  ALL       20    7     9.7    14.2 |      125     71.8     1.74 |      159       21
  a5   micro  ALL       11    4     7.5    22.2 |      597      133     4.48 |       96     26.9
  85   mid    0+        14    4    46.4     1.0 |     27.2     48.2     0.56 |     17.5     9.54
  96   mid    0+        39    7    58.2     1.0 |     13.9     37.9     0.37 |     16.3     5.65
  97   mid    0+        43   13    55.8     1.0 |     7.24     35.1     0.21 |     13.9     6.75
  9e   mid    0+        25    6    60.5     1.0 |     11.4     52.9     0.22 |     80.1     9.54
  a4   mid    0+        46   10    53.9     1.0 |     2.79     60.5     0.05 |     22.7      8.1
  a5   mid    0+        38    8    58.5     1.2 |      9.6     55.2     0.17 |     36.8     8.37
  85   mid    5+         9    2    54.2     9.0 |      248      143     1.73 |      102     21.4
  95   mid    5+         5    2    57.3     8.0 |      448      206     2.18 |      349     26.3
  97   mid    5+        13    8    44.3     7.1 |     8.42     35.5     0.24 |     15.7     11.6
  9e   mid    5+         8    4    64.3     8.0 |      297      146     2.04 |      211     31.7
  a4   mid    5+         6    3    51.7    12.3 |       35     88.8     0.39 |      158     23.3
  a5   mid    5+        14    3    58.0     7.5 |     64.2     88.4     0.73 |      132     18.1
  95   mid    15+       14    3    60.2    20.6 |      868      252     3.44 |      417       45
  85   mid    ALL       23    4    53.2     2.7 |     48.9     98.4     0.50 |     53.3     14.8
  95   mid    ALL       22    3    57.3    18.0 |      615      235     2.61 |      380     39.3
  96   mid    ALL       42    8    58.4     1.0 |     14.8     41.5     0.36 |       23     5.79
  97   mid    ALL       56   15    52.4     1.0 |     7.66     35.3     0.22 |     14.6     7.31
  9e   mid    ALL       33    8    61.0     1.5 |     19.3     75.1     0.26 |      107     11.6
  a4   mid    ALL       53   12    53.5     1.0 |     10.1     68.1     0.15 |     30.8     9.47
  a5   mid    ALL       53    8    58.3     2.8 |     16.8     67.2     0.25 |     73.7     11.8

================================================================================================================
⭐ O1 -- ELASTICITY SEPARATELY FOR LINE AND FLOOR, 6x/8x vs STOCK, matched on speed arm AND |rate_c| bin.   PRE-REGISTERED PREDICTION: E_line ~ 1, E_floor ~ 0
================================================================================================================
  rt   arm    rate   | CARRIER x stock      LINE x stock         FLOOR x stock        CTRL x stock     |   E_car  E_line E_floor
  85   mid    5+     |   6.51 [ 3.55,  7.01]  29.47 [13.98,248207124825288.88]   4.04 [ 1.86,  4.70]  1.85 [1.57, 2.75] |   1.000  +2.197  +0.620
  85   mid    ALL    |   3.65 [ 1.08,  6.98]   6.38 [ 1.14, 24.52]   2.79 [ 1.97,  3.66]  2.02 [0.85, 3.74] |   1.000  +1.944  +0.545
  85   micro  ALL    |   6.11 [ 0.86, 18.06]  59.46 [ 3.40,372.34]   4.65 [ 1.12,  5.13]  3.15 [0.36,10.20] |   1.000  +4.425  +0.587
  96   hwy    0+     |  21.79 [15.89, 28.75] 73306755700600.03 [18009018261036.70,159780901838160.66]   2.81 [ 1.14,  4.59]  3.40 [1.77, 3.95] |   1.000 +16.520  -0.103
  96   hwy    ALL    |  27.19 [18.40, 36.27] 124527364381206.09 [64678296840851.29,195946218160093.31]   4.19 [ 1.86,  6.97]  3.68 [3.22, 4.56] |   1.000 +15.574  +0.065
  96   low    ALL    |   4.96 [ 1.07, 36.33]  20.03 [ 0.00,90397927233437.59]   4.96 [ 0.96, 11.66]  0.63 [0.31, 7.63] |   1.000  +1.676  +1.000
  96   micro  ALL    |  20.25 [ 2.27,120.82]  12.69 [ 1.09,165.96]   3.95 [ 0.52,  4.94]  4.80 [0.46,15.77] |   1.000  +0.675  -0.135
  9e   hwy    0+     |   3.31 [ 1.66, 12.01]   0.00 [ 0.00,  0.00]   2.52 [ 1.28,  4.69]  2.36 [1.64, 3.56] |   1.000 -64.323  +0.191
  9e   hwy    ALL    |   3.55 [ 1.83, 12.23]   0.00 [ 0.00,  0.00]   2.54 [ 1.39,  4.89]  2.49 [1.80, 3.56] |   1.000 -60.540  +0.054
  9e   mid    0+     |   5.76 [ 1.23,  9.01]   1.58 [ 0.00,8331581290174.30]   1.51 [ 0.96,  2.07]  1.41 [0.73, 2.61] |   1.000  +0.079  +0.046
  9e   mid    5+     |  13.48 [ 7.29, 16.89]  35.31 [14.81,630014407701328.75]   4.11 [ 2.05,  5.01]  2.73 [1.56, 4.24] |   1.000  +1.603  +0.256
  9e   mid    ALL    |   7.32 [ 3.58, 12.79]   2.52 [ 0.92, 18.38]   2.13 [ 1.22,  3.00]  1.59 [0.84, 3.89] |   1.000  +0.300  +0.190
  9e   low    ALL    |   6.20 [ 4.34, 41.24]  47.27 [19.56,213269490213071.78]   6.77 [ 1.74, 11.99]  1.00 [0.72,12.70] |   1.000  +2.114  +1.048
  9e   micro  ALL    |  18.30 [ 4.88,118.01]  38.95 [ 6.36,258.62]   7.20 [ 1.69,  8.62]  5.97 [1.78,18.17] |   1.000  +1.674  +0.168
  a4   hwy    0+     |  12.47 [ 9.30, 23.58] 19773308603873.42 [ 0.00,43512712084854.09]   2.33 [ 0.62,  5.12]  2.94 [2.41, 4.76] |   1.000 +20.425  -0.159
  a4   hwy    ALL    |  38.84 [25.03, 49.38] 317176213713618.06 [114703369803099.95,401315531437345.31]   6.39 [ 4.50,  8.91]  5.81 [4.64, 6.89] |   1.000 +16.648  +0.050
  a4   mid    5+     |  10.12 [ 7.21, 12.58]   4.16 [ 1.97,35033000394980.86]   2.50 [ 1.45,  7.61]  2.00 [1.81, 3.03] |   1.000  +0.451  +0.137
  a4   low    ALL    |   3.91 [ 0.71, 29.19]  10.78 [ 0.00,57864175715123.20]   4.36 [ 1.01,  7.36]  0.64 [0.36, 6.27] |   1.000  +1.559  +1.060
  a4   micro  0+     |  15.79 [ 2.95, 39.31]   3.30 [ 0.00, 32.80]   3.02 [ 0.53,  5.31]  2.61 [1.09, 6.88] |   1.000  +0.129  +0.081
  a4   micro  ALL    |  21.62 [ 7.26, 63.46]  14.73 [ 1.90,144.04]   4.44 [ 1.05,  4.88]  4.47 [1.29,14.36] |   1.000  +0.756  -0.004
  a5   hwy    ALL    |  33.76 [31.23, 41.26] 120539748086590.47 [112866006200159.62,157922301332700.03]   5.22 [ 3.82,  7.51]  5.96 [5.36, 7.23] |   1.000 +17.663  -0.077
  a5   mid    5+     |   8.43 [ 5.96, 10.36]   7.62 [ 2.38,133337427813776.02]   2.49 [ 1.42,  4.62]  1.56 [1.34, 2.52] |   1.000  +0.940  +0.279
  a5   mid    ALL    |   5.05 [ 1.51,  9.09]   2.20 [ 0.00,  7.94]   1.90 [ 1.21,  2.88]  1.61 [0.83, 2.54] |   1.000  +0.274  +0.147
  a5   micro  ALL    |  13.04 [ 4.55, 39.84]  70.13 [ 6.36,438.70]   8.24 [ 1.55,  9.21]  5.72 [1.70,19.09] |   1.000  +3.041  +0.443
  95   mid    5+     |  22.30 [17.24, 24.26]  53.17 [18.10,447753133904734.69]   5.80 [ 2.47,  6.75]  2.27 [2.11, 3.38] |   1.000  +1.380  +0.411
  95   mid    ALL    |  26.03 [21.83, 37.08]  80.32 [33.32,185.20]   6.68 [ 4.83,  8.84]  5.38 [3.22, 8.44] |   1.000  +1.715  +0.137
  95   low    ALL    |  11.21 [ 7.48, 67.90] 147.62 [56.21,666077915048299.50]  10.29 [ 3.18, 15.60]  1.74 [1.42,22.56] |   1.000  +2.384  +0.954
  95   micro  ALL    |  32.26 [11.06, 96.27]  58.00 [ 2.66,594.56]   7.57 [ 1.20, 11.51]  7.04 [2.09,23.70] |   1.000  +1.385  +0.047

  ⭐ SUMMARY over 28 cells where the carrier moved >3x:
     E_rat    WHOLE BAND 6-12 (hf_lf_08's statistic) median +0.389   [-0.529, +1.688]   frac>0.7 0.25   frac<0.3 0.39
     E_line   LINE 7.4-8.6                           median +1.639   [-64.323, +20.425]   frac>0.7 0.71   frac<0.3 0.18
     E_floor  FLOOR (broadband)                      median +0.158   [-0.159, +1.060]   frac>0.7 0.14   frac<0.3 0.68

================================================================================================================
⭐ O2 -- DOSE-RESPONSE SLOPE  beta = d log(power) / d log(gain)  across the 1x/4x/6x/8x ladder (route 95 = V101 8x now included).  E_dose = beta_band / beta_carrier
================================================================================================================
  arm    rate   nroutes | beta CARRIER             beta LINE                beta FLOOR               beta CTRL                |   E_line  E_floor
  hwy    0+         5 | +1.240 [+1.067,+1.559]   +8.888 [+4.362,+9.132]   +0.513 [+0.192,+0.772]   +0.577 [+0.458,+0.738]   |  +12.524   -0.095
         routes in this cell: 97(1x)  85(4x)  96(6x)  9e(6x)  a4(6x)
  hwy    ALL        6 | +1.674 [+1.535,+1.886]   +11.049 [+10.881,+11.149] +0.834 [+0.627,+1.062]   +0.820 [+0.749,+0.934]   |  +11.974   +0.016
         routes in this cell: 97(1x)  85(4x)  96(6x)  9e(6x)  a4(6x)  a5(6x)
  mid    0+         6 | +0.477 [+0.216,+0.896]   +0.042 [-6.745,+6.193]   +0.207 [-0.003,+0.397]   +0.075 [-0.235,+0.359]   |   -0.082   +0.329
         routes in this cell: 97(1x)  85(4x)  96(6x)  9e(6x)  a4(6x)  a5(6x)
  mid    5+         6 | +1.390 [+1.212,+1.454]   +1.525 [+1.137,+13.420]  +0.693 [+0.369,+0.855]   +0.395 [+0.303,+0.634]   |   +1.136   +0.300
         routes in this cell: 97(1x)  85(4x)  9e(6x)  a4(6x)  a5(6x)  95(8x)
  mid    ALL        7 | +1.010 [+0.792,+1.295]   +0.999 [-1.507,+1.617]   +0.522 [+0.303,+0.668]   +0.380 [+0.134,+0.627]   |   +0.983   +0.226
         routes in this cell: 97(1x)  85(4x)  96(6x)  9e(6x)  a4(6x)  a5(6x)  95(8x)
  low    0+         5 | +1.460 [-0.015,+2.419]   -29.976 [-33.258,-12.296] -0.143 [-1.443,+0.748]   -0.470 [-2.220,+1.530]   |  -15.288   +0.169
         routes in this cell: 85(4x)  96(6x)  9e(6x)  a4(6x)  a5(6x)
  low    5+         4 | +3.979 [+2.539,+4.559]   +0.904 [-0.313,+2.473]   +0.648 [-0.851,+1.237]   +0.247 [-0.994,+1.427]   |   +0.176   +0.108
         routes in this cell: 85(4x)  9e(6x)  a4(6x)  a5(6x)
  low    15+        5 | +2.329 [+1.194,+3.399]   +1.302 [-1.332,+2.100]   +1.225 [+0.635,+1.597]   +1.592 [+1.255,+1.801]   |   -0.394   -0.497
         routes in this cell: 85(4x)  96(6x)  a4(6x)  a5(6x)  95(8x)
  low    ALL        7 | +0.992 [+0.659,+1.929]   +1.920 [-0.843,+13.397]  +0.978 [+0.359,+1.210]   -0.026 [-0.152,+1.299]   |   +1.910   +0.986
         routes in this cell: 97(1x)  85(4x)  96(6x)  9e(6x)  a4(6x)  a5(6x)  95(8x)
  micro  15+        5 | +2.327 [+0.976,+2.690]   -0.326 [-1.088,+0.411]   +0.762 [-1.607,+1.251]   +0.937 [+0.817,+1.366]   |   -0.909   -0.127
         routes in this cell: 85(4x)  9e(6x)  a4(6x)  a5(6x)  95(8x)
  micro  ALL        7 | +1.655 [+1.094,+2.266]   +1.811 [+1.043,+2.877]   +0.962 [+0.102,+1.052]   +0.933 [+0.313,+1.550]   |   +1.217   +0.040
         routes in this cell: 97(1x)  85(4x)  96(6x)  9e(6x)  a4(6x)  a5(6x)  95(8x)

wrote C:\Users\dudei\Desktop\Projects\accord-eps-torque-mod\rlog-tools\_hf_lf_linefloor.json
