
================================================================================================================
CELL CENSUS -- engaged, speed arm x |rate_c| bin.  n_win / n_ep / median speed / median |rate|, then band medians with EPISODE-bootstrap 95% CI
================================================================================================================
  rt   arm    rate bin   nwin  nep       v  |rate| | CARRIER 21-28          RATCHET 6-12           CTRL 32-38          
  85   hwy    0+           36    1    99.8     1.0 |    9.17 [   nan,   nan]    35.6 [   nan,   nan]   4.83 [  nan,  nan]
  96   hwy    0+          120    5   100.4     1.0 |    40.1 [  8.07,   172]      84 [  18.3,   173]   7.72 [ 4.09, 16.1]
  97   hwy    0+          233   10    94.0     0.8 |    8.81 [  6.67,  9.96]    35.2 [  23.1,  48.2]   4.68 [ 3.86, 5.32]
  9e   hwy    0+           60    2    89.2     0.9 |    14.8 [  10.8,  40.4]    47.5 [    42,  84.6]   8.27 [ 5.37, 15.1]
  a4   hwy    0+           31    5    83.3     1.2 |      97 [  9.29,   166]     147 [  48.2,   202]   13.7 [ 5.44, 17.5]
  a5   hwy    0+            7    2    84.5     1.1 |     115 [  75.6,   161]     149 [   115,   149]   13.9 [ 13.9, 15.1]
  96   hwy    5+           31    5    99.5    10.5 |     352 [   313,   372]     388 [   283,   486]   24.2 [ 22.7, 30.2]
  9e   hwy    5+            6    2    89.6    10.6 |     301 [   267,   337]     523 [   386,   547]   28.9 [ 28.7, 31.3]
  a4   hwy    5+           12    4    80.3    11.6 |     233 [   224,   306]     387 [   320,   554]   24.1 [ 20.7, 29.4]
  a5   hwy    5+           11    2    77.9     7.5 |     170 [   151,   175]     315 [   208,   330]   26.2 [ 24.4,   31]
  96   hwy    15+          23    4    99.0    18.0 |     399 [   384,   443]     449 [   340,   483]   32.9 [ 29.1, 40.6]
  a4   hwy    15+          96    3    96.5    25.0 |     371 [   352,   409]     447 [   376,   493]   34.7 [ 32.4, 36.6]
  a5   hwy    15+          44    2    89.8    22.2 |     319 [   318,   322]     274 [   233,   306]   31.6 [ 27.3,   37]
  85   hwy    ALL          36    1    99.8     1.0 |    9.17 [   nan,   nan]    35.6 [   nan,   nan]   4.83 [  nan,  nan]
  96   hwy    ALL         174    5   100.0     1.0 |     206 [  19.7,   276]     211 [    73,   253]   17.6 [ 6.67,   21]
  97   hwy    ALL         234   10    93.9     0.8 |    8.83 [  6.67,  9.96]    35.3 [  22.8,  47.9]   4.68 [ 3.91, 5.32]
  9e   hwy    ALL          67    2    89.2     1.0 |    19.3 [  12.2,  51.5]    58.8 [  45.2,   101]   9.95 [ 6.61,   16]
  a4   hwy    ALL         139    5    93.8    22.6 |     353 [   218,   395]     383 [   289,   439]   30.7 [ 21.6,   34]
  a5   hwy    ALL          62    2    86.8    20.7 |     296 [   295,   313]     265 [   253,   279]   29.3 [ 27.3, 30.2]
  85   low    0+           27    4    30.6     1.9 |    19.1 [  11.2,  26.8]    91.5 [  60.6,   163]   8.78 [ 5.42, 11.5]
  96   low    0+           21    5    28.8     1.0 |    13.2 [   9.7,  67.1]    45.2 [  29.6,  98.5]   6.18 [ 5.71,   16]
  97   low    0+            9    4    27.3     0.9 |    5.45 [  4.59,  31.9]    18.1 [  17.2,    90]   2.45 [ 2.41,   23]
  9e   low    0+           17    6    36.7     1.8 |    44.5 [    27,   130]    88.7 [  72.1,   135]   7.91 [ 6.37, 24.8]
  a4   low    0+           28    6    30.5     1.6 |    23.5 [  14.1,  35.2]    80.6 [  47.1,   119]   8.86 [ 5.37, 10.4]
  a5   low    0+           36    9    32.6     1.1 |    16.6 [  11.2,  40.7]    51.5 [  41.5,   102]   6.48 [ 5.57, 10.1]
  85   low    5+           22    3    28.6    10.1 |    43.3 [  34.4,  68.1]     253 [   200,   256]   15.1 [ 10.7, 15.9]
  96   low    5+           13    7    28.7     7.6 |     215 [   179,   290]     235 [   189,   615]   21.5 [ 18.1, 25.7]
  9e   low    5+           27    6    35.8     8.4 |     203 [   161,   249]     422 [   268,   806]   23.6 [ 21.5, 37.1]
  a4   low    5+           12    4    25.5    11.3 |     242 [   236,   268]     369 [   295,   527]   19.5 [ 15.8,   26]
  a5   low    5+           17    7    31.1     8.6 |     143 [  61.1,   189]     293 [   173,   454]   18.1 [ 12.9, 24.5]
  85   low    15+          11    3    28.0    18.8 |    57.2 [  52.5,  61.9]     328 [   318,   365]   24.9 [ 18.1, 34.8]
  96   low    15+          13    5    23.1    25.2 |     181 [   167,   224]     459 [   301,   624]     33 [ 22.8, 41.5]
  9e   low    15+          10    4    33.3    22.8 |     197 [   144,   248]     887 [   730,1.12e+03]   47.1 [ 32.6, 59.2]
  a4   low    15+           6    4    23.9    24.5 |     200 [  77.3,   226]     314 [   115,   412]   27.9 [ 22.9, 35.9]
  a5   low    15+          12    7    29.0    20.2 |     172 [   129,   219]     347 [   217,   515]   40.8 [ 37.1, 52.4]
  a4   low    40+           6    3    21.5    63.0 |     116 [   102,   123]     236 [  69.7,   247]   49.7 [ 16.2, 68.8]
  85   low    ALL          63    4    29.1     7.0 |    32.5 [  22.7,  49.2]     166 [  99.2,   220]   12.6 [ 9.94, 15.4]
  96   low    ALL          50    9    27.3     5.9 |     149 [    27,   180]     214 [  47.9,   406]   19.8 [ 7.85, 24.7]
  97   low    ALL          21    5    27.3     6.5 |    17.2 [  5.45,  44.2]    47.7 [  17.2,    96]   9.07 [ 2.45, 30.6]
  9e   low    ALL          55    8    35.8     6.6 |     161 [   125,   197]     392 [   181,   740]   23.9 [ 19.5,   33]
  a4   low    ALL          52    9    27.8     3.8 |    67.5 [  22.5,   196]     135 [  75.7,   279]   12.1 [  9.1, 20.2]
  a5   low    ALL          70   11    29.6     4.1 |    55.2 [  18.1,   118]     144 [  71.4,   237]   12.5 [ 6.59, 22.8]
  96   micro  0+            7    3     4.7     1.1 |    24.8 [  12.8,   199]    35.2 [  21.6,   274]   4.65 [ 2.87,   22]
  97   micro  0+           15    4     7.6     1.0 |    3.46 [  3.35,  5.73]    17.7 [  13.7,  44.7]   2.29 [  2.2, 5.26]
  a4   micro  0+           15    5     9.0     1.0 |    24.8 [  14.8,  26.6]    65.6 [  41.9,  80.3]   4.31 [ 3.31, 6.13]
  a4   micro  5+           16    6     9.9    10.3 |     185 [   177,   252]     192 [   118,   237]     20 [ 14.3, 31.1]
  85   micro  15+           9    1     7.1    21.6 |    51.9 [   nan,   nan]     536 [   nan,   nan]   19.3 [  nan,  nan]
  9e   micro  15+          12    3     7.5    22.7 |     359 [   113,   370]     353 [   130,   615]   29.6 [ 27.9, 42.9]
  a4   micro  15+          12    5     8.6    20.2 |     262 [   166,   326]     437 [   174,   537]   33.7 [ 20.2, 36.7]
  a5   micro  15+          16    4     7.4    21.7 |     104 [  73.8,   228]     692 [   197,   849]     34 [ 30.9, 41.5]
  9e   micro  40+          11    1    10.6    57.8 |    77.3 [   nan,   nan]     335 [   nan,   nan]   36.8 [  nan,  nan]
  a4   micro  40+           7    3    14.2    84.2 |     136 [  76.2,   181]     277 [   134,   324]   30.6 [ 26.1, 35.1]
  a5   micro  40+           7    3     7.7   115.5 |     105 [  68.9,   108]     461 [   117,   617]   44.4 [ 15.1, 54.4]
  85   micro  ALL          15    2     7.0    18.1 |    47.7 [  13.3,  48.8]     519 [  81.7,   536]   13.2 [ 4.55, 15.5]
  96   micro  ALL          16    4     7.4     6.0 |     200 [  24.8,   290]     108 [  21.7,   196]   16.2 [ 4.15, 24.9]
  97   micro  ALL          22    5     7.7     1.4 |    5.36 [  3.44,  13.6]      33 [  14.8,  51.3]    3.2 [  2.2,  8.8]
  9e   micro  ALL          26    3     8.0    26.4 |     161 [  83.1,   370]     309 [   130,   353]     33 [ 27.9, 41.4]
  a4   micro  ALL          50    7     9.3    12.8 |     146 [  82.6,   197]     179 [  89.3,   240]   19.8 [ 14.3, 31.1]
  a5   micro  ALL          28    4     7.5    24.0 |     106 [  85.3,   123]     657 [   197,   692]     31 [ 30.7, 40.3]
  85   mid    0+           33    4    46.6     1.1 |    18.2 [    17,  54.8]    99.9 [  65.1,   200]   10.4 [ 8.32, 12.3]
  96   mid    0+           84    8    57.3     1.0 |    12.7 [  10.1,  37.1]    38.4 [  28.3,  74.1]   5.31 [ 3.72, 8.89]
  97   mid    0+          109   14    56.1     1.0 |    12.2 [  9.27,  15.9]    50.2 [  41.4,    62]    6.3 [ 4.64, 9.21]
  9e   mid    0+           59    6    62.0     1.0 |    25.5 [  17.6,  62.6]      60 [  48.9,  74.1]   9.66 [ 7.47, 11.2]
  a4   mid    0+          104   10    52.9     1.0 |    18.6 [  13.3,  30.1]      76 [    50,   147]   7.59 [  6.4, 9.48]
  a5   mid    0+           81    8    58.7     1.3 |    28.9 [  16.5,  60.4]    62.6 [  50.9,  95.4]   8.31 [ 7.02, 8.92]
  85   mid    5+           17    2    54.0     9.3 |     111 [  73.7,   111]     374 [   366,   374]   23.2 [ 23.2, 27.7]
  96   mid    5+           14    7    56.9     7.3 |     231 [   186,   241]     335 [   231,   440]   23.3 [ 20.7, 26.8]
  97   mid    5+           26    8    44.6     8.9 |    16.7 [  13.2,  26.6]    50.8 [    45,   104]   11.3 [ 8.84, 16.1]
  9e   mid    5+           18    4    52.6     9.2 |     204 [   146,   252]     618 [   364,   814]   33.1 [ 16.9, 37.9]
  a4   mid    5+           14    6    52.0    10.7 |     167 [   148,   195]     217 [   136,   654]   23.1 [ 14.3, 26.2]
  a5   mid    5+           35    4    57.8     8.1 |     130 [   115,   154]     151 [   110,   648]   20.1 [   18, 24.2]
  a4   mid    15+           6    2    49.9    16.5 |     209 [   155,   213]     175 [   160,   296]   33.3 [ 21.8, 36.3]
  85   mid    ALL          52    4    52.9     2.6 |    49.1 [  17.5,  73.7]     177 [   107,   272]   13.1 [ 9.07, 22.7]
  96   mid    ALL          98    8    57.0     1.0 |    15.4 [  11.5,   111]    54.2 [  30.1,   108]   5.58 [ 4.43,   14]
  97   mid    ALL         137   15    52.2     1.0 |    13.1 [  10.2,  17.7]    50.3 [  42.9,    62]   7.17 [ 5.53,   11]
  9e   mid    ALL          78    8    62.4     1.5 |     110 [  21.2,   161]    90.6 [  52.5,   165]   11.3 [ 8.01, 20.6]
  a4   mid    ALL         124   12    52.5     1.1 |    22.6 [  15.5,    76]    92.7 [    58,   147]   9.37 [ 7.22, 13.8]
  a5   mid    ALL         118    8    58.6     2.1 |    59.8 [    19,   113]    93.2 [  52.6,   122]   10.2 [ 8.08, 13.2]

================================================================================================================
⭐ THE ELASTICITY  E = log(ratchet ratio) / log(carrier ratio),  6x build vs STOCK (97), MATCHED on speed arm AND |rate_c| bin
================================================================================================================
  E = 1.00 -> the ratchet is a by-product of the carrier (an AM sideband scales as m*A, a rectified envelope as A)
  E = 0.00 -> the ratchet is its own mode and does not care what the carrier does
  🛑 the CTRL band's own ratio is the PLACEBO: a drive-level offset moves every band, so the placebo-corrected column is the one to read

  rt   arm    rate bin   nep_a  nep_s | CARRIER x stock          RATCHET x stock          CTRL x stock     | E raw            E placebo-corrected
  85   hwy    0+             1     10 |    1.04 [  0.92,   1.37]    1.01 [  0.73,   1.57]   1.03 [ 0.91,  1.25] |     +nan     +nan 
  85   hwy    ALL            1     10 |    1.04 [  0.93,   1.37]    1.01 [  0.69,   1.55]   1.03 [ 0.91,  1.26] |     +nan     +nan 
  85   mid    0+             4     14 |    1.49 [  1.16,   4.25]    1.99 [  1.17,   4.06]   1.65 [ 1.01,  2.36] |   +1.739     +nan 
  85   mid    5+             2      8 |    6.65 [  3.71,   8.40]    7.37 [  3.61,   8.30]   2.06 [ 1.47,  3.14] |   +1.055   +1.088 <== carrier moved >3x
  85   mid    ALL            4     15 |    3.76 [  1.22,   6.64]    3.51 [  2.01,   5.72]   1.83 [ 1.03,  3.32] |   +0.949   +0.907 <== carrier moved >3x
  85   low    0+             4      4 |    3.50 [  0.54,   5.06]    5.05 [  0.95,   8.99]   3.59 [ 0.32,  4.70] |   +1.292     +nan <== carrier moved >3x
  85   low    ALL            4      5 |    1.89 [  0.73,   8.56]    3.47 [  1.48,  11.10]   1.39 [ 0.43,  5.73] |   +1.957   +2.983 
  85   micro  ALL            2      5 |    8.90 [  1.59,  13.94]   15.71 [  1.62,  34.45]   4.12 [ 0.65,  6.99] |   +1.260   +1.737 <== carrier moved >3x
  96   hwy    0+             5     10 |    4.55 [  0.91,  19.48]    2.39 [  0.48,   5.83]   1.65 [ 0.85,  3.66] |   +0.575   +0.365 <== carrier moved >3x
  96   hwy    ALL            5     10 |   23.29 [  3.64,  34.91]    5.98 [  1.86,   9.82]   3.75 [ 1.51,  4.88] |   +0.568   +0.256 <== carrier moved >3x
  96   mid    0+             8     14 |    1.04 [  0.75,   3.83]    0.77 [  0.52,   1.63]   0.84 [ 0.52,  1.46] |     +nan   -0.463 
  96   mid    5+             7      8 |   13.80 [  8.63,  17.71]    6.60 [  3.03,   9.65]   2.07 [ 1.32,  2.85] |   +0.719   +0.611 <== carrier moved >3x
  96   mid    ALL            8     15 |    1.18 [  0.78,   7.56]    1.08 [  0.56,   2.22]   0.78 [ 0.48,  1.89] |     +nan   +0.779 
  96   low    0+             5      4 |    2.42 [  0.38,  10.11]    2.49 [  0.50,   5.43]   2.53 [ 0.25,  4.26] |   +1.033     +nan 
  96   low    ALL            9      5 |    8.66 [  1.55,  31.47]    4.50 [  0.68,  17.49]   2.18 [ 0.56,  8.77] |   +0.696   +0.524 <== carrier moved >3x
  96   micro  0+             3      4 |    7.16 [  2.44,  58.58]    1.98 [  0.56,  18.89]   2.03 [ 0.82,  9.97] |   +0.348   -0.016 <== carrier moved >3x
  96   micro  ALL            4      5 |   37.28 [  3.70,  75.83]    3.28 [  0.56,   7.81]   5.06 [ 1.07,  9.58] |   +0.328   -0.217 <== carrier moved >3x
  9e   hwy    0+             2     10 |    1.68 [  1.12,   5.22]    1.35 [  0.94,   3.13]   1.77 [ 1.03,  3.63] |   +0.579     +nan 
  9e   hwy    ALL            2     10 |    2.18 [  1.28,   6.74]    1.66 [  1.03,   3.69]   2.13 [ 1.28,  3.83] |   +0.653     +nan 
  9e   mid    0+             6     14 |    2.08 [  1.32,   5.91]    1.20 [  0.86,   1.70]   1.53 [ 0.94,  2.09] |   +0.243   -0.820 
  9e   mid    5+             4      8 |   12.20 [  7.30,  18.77]   12.15 [  5.72,  17.50]   2.94 [ 1.48,  3.98] |   +0.998   +0.997 <== carrier moved >3x
  9e   mid    ALL            8     15 |    8.40 [  1.53,  13.98]    1.80 [  0.97,   4.62]   1.57 [ 0.97,  3.03] |   +0.276   +0.082 <== carrier moved >3x
  9e   low    0+             6      4 |    8.18 [  1.11,  23.91]    4.89 [  0.99,   6.10]   3.23 [ 0.32, 10.14] |   +0.755   +0.447 <== carrier moved >3x
  9e   low    ALL            8      5 |    9.39 [  3.65,  32.93]    8.22 [  2.18,  35.94]   2.64 [ 0.84, 10.72] |   +0.940   +0.895 <== carrier moved >3x
  9e   micro  ALL            3      5 |   30.02 [  7.67, 101.25]    9.34 [  3.54,  20.79]  10.32 [ 3.76, 17.66] |   +0.657   -0.094 <== carrier moved >3x
  a4   hwy    0+             5     10 |   11.01 [  1.21,  19.96]    4.17 [  1.12,   7.29]   2.92 [ 1.21,  4.08] |   +0.596   +0.270 <== carrier moved >3x
  a4   hwy    ALL            5     10 |   39.98 [ 24.55,  52.77]   10.83 [  6.73,  17.33]   6.57 [ 4.43,  8.09] |   +0.646   +0.277 <== carrier moved >3x
  a4   mid    0+            10     14 |    1.52 [  1.02,   2.71]    1.52 [  0.94,   2.92]   1.21 [ 0.80,  1.74] |   +0.994   +0.989 
  a4   mid    5+             6      8 |    9.99 [  6.42,  14.57]    4.27 [  2.09,  11.17]   2.05 [ 1.10,  2.86] |   +0.631   +0.463 <== carrier moved >3x
  a4   mid    ALL           12     15 |    1.73 [  1.11,   6.10]    1.84 [  1.08,   3.15]   1.31 [ 0.76,  2.09] |   +1.117   +1.230 
  a4   low    0+             6      4 |    4.31 [  0.63,   6.60]    4.44 [  0.81,   6.58]   3.62 [ 0.32,  4.26] |   +1.021     +nan <== carrier moved >3x
  a4   low    ALL            9      5 |    3.93 [  1.10,  23.45]    2.83 [  0.96,  12.84]   1.34 [ 0.43,  6.78] |   +0.761   +0.696 <== carrier moved >3x
  a4   micro  0+             5      4 |    7.16 [  2.83,   7.70]    3.70 [  1.11,   4.85]   1.88 [ 0.80,  2.56] |   +0.665   +0.507 <== carrier moved >3x
  a4   micro  ALL            7      5 |   27.30 [  9.90,  49.12]    5.43 [  2.26,  13.36]   6.17 [ 2.15, 12.71] |   +0.512   -0.086 <== carrier moved >3x
  a5   hwy    0+             2     10 |   13.06 [  8.04,  20.58]    4.24 [  2.64,   6.29]   2.97 [ 2.62,  3.72] |   +0.562   +0.241 <== carrier moved >3x
  a5   hwy    ALL            2     10 |   33.51 [ 29.97,  45.03]    7.50 [  5.21,  11.56]   6.25 [ 5.37,  7.53] |   +0.574   +0.108 <== carrier moved >3x
  a5   mid    0+             8     14 |    2.36 [  1.26,   5.39]    1.25 [  0.87,   2.10]   1.32 [ 0.88,  1.74] |   +0.258   -0.097 
  a5   mid    5+             4      8 |    7.77 [  4.89,  11.02]    2.96 [  1.45,  11.38]   1.78 [ 1.25,  2.54] |   +0.530   +0.346 <== carrier moved >3x
  a5   mid    ALL            8     15 |    4.57 [  1.36,   9.51]    1.85 [  1.03,   2.61]   1.42 [ 0.88,  2.11] |   +0.405   +0.228 <== carrier moved >3x
  a5   low    0+             9      4 |    3.05 [  0.50,   7.08]    2.84 [  0.56,   5.62]   2.65 [ 0.27,  3.95] |   +0.936     +nan <== carrier moved >3x
  a5   low    ALL           11      5 |    3.22 [  0.98,  18.82]    3.01 [  0.98,  11.18]   1.38 [ 0.41,  6.48] |   +0.945   +0.924 <== carrier moved >3x
  a5   micro  ALL            4      5 |   19.85 [  7.76,  32.15]   19.89 [  3.93,  42.50]   9.70 [ 3.53, 16.84] |   +1.001   +1.003 <== carrier moved >3x

================================================================================================================
K4 BEAT CENSUS -- spectral peaks 15-45 Hz and the separations between them that fall in 6-12 Hz.  A pair of carrier-region lines separated by ~8 Hz WOULD make a real ratchet.
================================================================================================================
  97   hwy    peaks: 16.60(1.1)  23.24(1.4)  24.02(1.4)  17.19(1.1)  22.66(1.1)  22.27(1.1)
        separations in 6-12 Hz: [6.05, 6.64, 6.84, 7.42]
  97   mid    peaks: 15.43(1.4)  16.02(1.1)  16.80(0.9)  28.32(1.9)  17.38(1.0)  26.95(1.4)
        separations in 6-12 Hz: [9.57, 10.16, 10.94, 11.52]
  97   low    peaks: 15.43(2.6)  30.08(2.0)  17.58(1.7)  27.73(1.8)  30.47(2.4)  28.91(1.5)
        separations in 6-12 Hz: [10.16, 11.33]
  97   micro  peaks: 15.62(1.7)  16.21(1.3)  16.80(1.1)  18.16(1.5)  17.19(1.3)  18.75(1.7)
        separations in 6-12 Hz: NONE
  85   hwy    peaks: 26.76(3.1)  27.15(2.7)  25.78(2.7)  16.60(1.0)  16.99(1.3)  19.73(1.8)
        separations in 6-12 Hz: [6.05, 7.03, 7.42, 8.79, 9.18, 9.77, 10.16, 10.55]
  85   mid    peaks: 21.48(2.5)  20.31(1.5)  19.92(1.4)  20.90(1.1)  15.43(1.2)  22.66(1.4)
        separations in 6-12 Hz: [6.05, 7.23]
  85   low    peaks: 21.29(3.1)  19.92(2.0)  17.19(2.0)  15.62(0.7)  18.36(0.6)  23.63(1.5)
        separations in 6-12 Hz: [6.45, 8.01]
  85   micro  peaks: 19.53(14.4)  15.23(5.0)  20.70(1.2)  22.66(3.2)  18.75(1.3)  16.02(1.3)
        separations in 6-12 Hz: [6.64, 7.42]
  96   hwy    peaks: 24.61(4.7)  25.78(1.5)  22.46(1.1)  21.68(1.0)  20.90(1.0)  19.34(1.0)
        separations in 6-12 Hz: [6.45]
  96   mid    peaks: 24.22(2.5)  22.85(1.7)  25.00(1.3)  22.07(1.0)  20.70(1.3)  25.39(1.8)
        separations in 6-12 Hz: NONE
  96   low    peaks: 21.88(2.9)  20.70(2.2)  22.27(2.9)  19.92(1.1)  18.95(1.4)  18.55(1.6)
        separations in 6-12 Hz: NONE
  96   micro  peaks: 21.68(29.7)  22.27(1.5)  23.24(0.6)  18.55(2.5)  17.38(2.2)  23.83(0.8)
        separations in 6-12 Hz: [6.45]
  9e   hwy    peaks: 23.83(4.6)  24.80(2.2)  25.78(1.8)  22.46(1.3)  21.88(1.0)  15.43(1.7)
        separations in 6-12 Hz: [6.45, 7.03, 8.4, 9.38, 10.35]
  9e   mid    peaks: 24.80(2.9)  23.24(2.3)  24.02(2.5)  21.88(1.0)  21.29(1.0)  20.51(1.2)
        separations in 6-12 Hz: NONE
  9e   low    peaks: 21.48(2.8)  21.88(2.3)  16.02(6.3)  22.66(1.8)  16.60(4.0)  20.90(1.2)
        separations in 6-12 Hz: [6.05, 6.64]
  9e   micro  peaks: 21.48(22.3)  19.92(1.6)  17.58(3.7)  19.34(0.7)  15.43(3.5)  22.66(1.0)
        separations in 6-12 Hz: [6.05, 7.23]
  a4   hwy    peaks: 26.37(18.7)  21.48(1.7)  20.90(1.5)  24.02(0.9)  23.05(0.6)  17.38(1.1)
        separations in 6-12 Hz: [6.64, 8.98]
  a4   mid    peaks: 21.48(2.5)  21.09(2.5)  20.70(1.8)  23.63(1.8)  22.85(1.2)  24.61(1.2)
        separations in 6-12 Hz: NONE
  a4   low    peaks: 23.24(5.9)  22.66(5.7)  21.68(2.6)  21.29(1.2)  24.02(0.9)  19.73(1.4)
        separations in 6-12 Hz: NONE
  a4   micro  peaks: 22.27(7.2)  21.09(2.4)  20.70(1.1)  20.31(1.3)  24.02(1.3)  19.14(1.1)
        separations in 6-12 Hz: NONE
  a5   hwy    peaks: 26.76(24.0)  19.92(2.2)  20.70(1.8)  18.36(1.3)  23.44(1.1)  22.07(0.9)
        separations in 6-12 Hz: [6.05, 6.84, 8.4]
  a5   mid    peaks: 27.15(2.9)  21.48(2.1)  20.90(1.6)  25.98(1.5)  20.12(1.3)  22.07(1.3)
        separations in 6-12 Hz: [6.25, 7.03]
  a5   low    peaks: 21.29(4.0)  20.70(2.2)  22.27(2.2)  19.92(1.1)  23.44(1.2)  18.95(1.3)
        separations in 6-12 Hz: NONE
  a5   micro  peaks: 20.12(3.3)  21.09(2.2)  16.02(4.0)  18.75(1.8)  23.44(3.3)  22.46(1.3)
        separations in 6-12 Hz: [6.45, 7.42]

================================================================================================================
K5 THREE-MODEL CALIBRATION -- partial regression  log(rat) ~ b_car log(car) + b_ctrl log(ctrl) + b_rate log(|rate|) + b_v log(v)
================================================================================================================
  M1 carrier demodulation (ratchet amplitude = the carrier's own analytic envelope)  => b_car must be POSITIVE
  M2 COMMON CAUSE (independent 6-12 Hz noise whose amplitude follows smoothed |rate_c|, carrier not involved) => b_car ~ 0, b_rate > 0
  M3 flat independent noise => every coefficient ~ 0

  rt   arm    record            b_car   b_ctrl   b_rate      b_v b_car 95% CI (episodes)
  97   hwy    M1 demod         +0.656   +0.265   -0.058   -1.533 [+0.380,+1.022]
  97   hwy    M2 commoncause   +0.179   +0.366   +0.856   -1.147 [-0.082,+0.355]
  97   hwy    M3 independent   +0.195   +0.041   -0.042   -1.768 [-0.127,+0.383]
  97   hwy    REAL             +0.420   +0.361   +0.613   -2.280 [+0.104,+0.684]

  97   mid    M1 demod         +1.031   -0.268   -0.017   +0.133 [+0.786,+1.247]
  97   mid    M2 commoncause   +0.513   -0.073   +0.238   -0.098 [+0.036,+0.931]
  97   mid    M3 independent   +0.420   -0.049   +0.045   +0.430 [+0.043,+0.658]
  97   mid    REAL             +0.660   +0.103   +0.060   +0.352 [+0.359,+0.810]



  85   mid    M1 demod         +0.856   +0.047   -0.058   +0.041 [+0.755,+1.079]
  85   mid    M2 commoncause   +0.223   +0.403   +0.343   -0.404 [+0.004,+0.680]
  85   mid    M3 independent   +0.151   -0.198   +0.115   +2.562 [-0.115,+0.257]
  85   mid    REAL             +0.191   +0.507   +0.456   -1.388 [-0.235,+0.550]

  85   low    M1 demod         +0.775   +0.153   -0.007   +0.513 [+0.733,+1.316]
  85   low    M2 commoncause   -0.135   +0.110   +0.877   -0.123 [-0.486,-0.026]
  85   low    M3 independent   +0.059   -0.107   +0.097   +0.293 [-0.157,+0.507]
  85   low    REAL             +0.390   +0.331   +0.150   -0.010 [+0.222,+0.959]


  96   hwy    M1 demod         +0.853   -0.021   +0.042   -0.567 [+0.763,+0.920]
  96   hwy    M2 commoncause   +0.622   -0.042   +0.147   -0.184 [+0.572,+0.689]
  96   hwy    M3 independent   +0.038   -0.035   +0.024   -1.443 [-0.005,+0.060]
  96   hwy    REAL             +0.549   +0.396   +0.030   -2.066 [+0.359,+0.682]

  96   mid    M1 demod         +0.751   -0.218   +0.371   -1.168 [+0.548,+0.956]
  96   mid    M2 commoncause   +0.503   -0.195   +0.584   -1.365 [+0.449,+0.603]
  96   mid    M3 independent   +0.062   -0.173   +0.429   -0.587 [-0.073,+0.256]
  96   mid    REAL             +0.235   +0.431   +0.389   +0.117 [-0.004,+0.493]

  96   low    M1 demod         +0.657   +0.308   +0.280   +0.229 [+0.358,+0.932]
  96   low    M2 commoncause   +0.027   +0.387   +0.673   -0.012 [-0.426,+0.266]
  96   low    M3 independent   -0.194   +0.233   +0.506   +0.631 [-0.587,+0.234]
  96   low    REAL             +0.147   +0.644   +0.343   +0.307 [-0.026,+0.444]


  9e   hwy    M1 demod         +0.951   -0.055   +0.032   +0.858 [+0.907,+0.996]
  9e   hwy    M2 commoncause   +0.623   +0.050   +0.190   +1.453 [+0.538,+0.708]
  9e   hwy    M3 independent   -0.033   +0.008   +0.049   +0.176 [-0.050,-0.022]
  9e   hwy    REAL             +0.480   +0.362   +0.109   +0.696 [+0.480,+0.523]

  9e   mid    M1 demod         +0.888   +0.058   +0.313   -1.278 [+0.770,+0.992]
  9e   mid    M2 commoncause   +0.515   +0.095   +0.492   -0.594 [+0.329,+0.662]
  9e   mid    M3 independent   -0.135   +0.389   +0.429   -0.344 [-0.237,+0.109]
  9e   mid    REAL             +0.254   +0.191   +0.523   -1.094 [+0.107,+0.462]

  9e   low    M1 demod         +0.544   +0.330   +0.374   +0.194 [+0.389,+0.909]
  9e   low    M2 commoncause   +0.129   +0.501   +0.525   +0.415 [-0.088,+0.351]
  9e   low    M3 independent   -0.166   +0.466   +0.298   +0.345 [-0.472,+0.619]
  9e   low    REAL             +0.080   +0.439   +0.550   +0.513 [-0.199,+0.829]

  9e   micro  M1 demod         +0.159   +0.259   -0.000   +0.389 [+0.150,+0.813]
  9e   micro  M2 commoncause   +0.087   -0.007   +0.461   -0.249 [+0.063,+0.187]
  9e   micro  M3 independent   -0.196   +0.277   +0.032   -0.019 [-0.200,-0.000]
  9e   micro  REAL             +0.111   +0.475   +0.196   +0.641 [+0.020,+0.696]

  a4   hwy    M1 demod         +0.827   +0.017   +0.015   -0.326 [+0.742,+0.952]
  a4   hwy    M2 commoncause   +0.500   +0.199   +0.138   -0.397 [+0.311,+0.634]
  a4   hwy    M3 independent   +0.199   +0.027   -0.076   +0.927 [+0.004,+0.393]
  a4   hwy    REAL             +0.405   +0.525   +0.030   +0.262 [+0.183,+0.478]

  a4   mid    M1 demod         +1.183   -0.184   -0.349   -2.248 [+0.861,+1.400]
  a4   mid    M2 commoncause   +0.792   -0.024   -0.180   -2.732 [+0.431,+1.034]
  a4   mid    M3 independent   +0.386   +0.201   -0.256   -0.909 [+0.060,+0.737]
  a4   mid    REAL             +0.769   -0.109   -0.152   -2.577 [+0.331,+1.069]

  a4   low    M1 demod         +0.728   +0.367   -0.178   -0.448 [+0.471,+0.871]
  a4   low    M2 commoncause   -0.079   +0.581   +0.224   -1.749 [-0.370,+0.582]
  a4   low    M3 independent   +0.386   +0.032   +0.100   +0.343 [+0.049,+0.703]
  a4   low    REAL             +0.629   +0.529   -0.258   -0.598 [+0.361,+0.890]

  a4   micro  M1 demod         +0.695   +0.071   +0.076   +0.101 [+0.392,+0.859]
  a4   micro  M2 commoncause   -0.065   +0.571   +0.368   -0.620 [-0.362,+0.234]
  a4   micro  M3 independent   +0.047   +0.065   +0.100   -0.017 [-0.095,+0.266]
  a4   micro  REAL             +0.390   +0.230   +0.057   +0.229 [+0.206,+0.576]

  a5   hwy    M1 demod         +0.691   +0.009   +0.021   +1.162 [+0.691,+0.918]
  a5   hwy    M2 commoncause   +0.503   +0.085   +0.108   +1.648 [+0.031,+0.503]
  a5   hwy    M3 independent   +0.006   +0.010   -0.030   +0.948 [+0.006,+0.862]
  a5   hwy    REAL             +0.453   +0.149   -0.007   -0.684 [-0.461,+0.643]

  a5   mid    M1 demod         +0.846   +0.072   +0.000   -1.640 [+0.603,+1.214]
  a5   mid    M2 commoncause   +0.469   +0.054   +0.275   -1.039 [+0.356,+0.846]
  a5   mid    M3 independent   +0.346   -0.228   +0.105   +0.208 [-0.101,+1.137]
  a5   mid    REAL             +0.230   +0.357   +0.295   +0.414 [+0.092,+0.517]

  a5   low    M1 demod         +0.848   +0.093   +0.047   +0.455 [+0.657,+0.970]
  a5   low    M2 commoncause   +0.232   +0.321   +0.423   +0.291 [+0.023,+0.488]
  a5   low    M3 independent   +0.190   +0.318   +0.065   +0.311 [-0.143,+0.461]
  a5   low    REAL             +0.682   +0.106   +0.077   +0.313 [+0.396,+0.910]

  a5   micro  M1 demod         +1.197   -0.085   -0.074   +0.448 [+0.595,+2.013]
  a5   micro  M2 commoncause   +0.753   -0.064   +0.613   -0.472 [+0.113,+1.120]
  a5   micro  M3 independent   +0.494   -0.028   +0.067   -0.099 [-0.165,+1.037]
  a5   micro  REAL             +1.039   -0.177   -0.081   +0.152 [-0.260,+1.316]

wrote C:\Users\dudei\Desktop\Projects\accord-eps-torque-mod\rlog-tools\_hf_lf_elasticity.json
