
================================================================================================================
ROUTE 9e (V103)  ARM ENGAGED hwy  2 ep, 89.8 s, 32 segments, v=81.7 km/h
================================================================================================================
  carrier peak (15-35 Hz) = 23.83 Hz | ratchet peak (5.5-9.5 Hz) = 8.01 Hz
  band   | coh2(env_HF, tq[6-9Hz]) 3-9 Hz window    | amp-amp rho vs env(6-9)      | env peak in 3-9
  15-22  | obs 0.078 null95 0.068 p 0.010  peak 0.392@8.40Hz | rho +0.569 null95 +0.200 p 0.016 | 3.91 Hz
  20-26  | obs 0.064 null95 0.059 p 0.015  peak 0.263@8.79Hz | rho +0.605 null95 +0.157 p 0.016 | 3.32 Hz
  22-26  | obs 0.063 null95 0.069 p 0.104  peak 0.247@8.79Hz | rho +0.625 null95 +0.187 p 0.016 | 3.12 Hz
  26-31  | obs 0.070 null95 0.049 p 0.005  peak 0.299@8.01Hz | rho +0.616 null95 +0.178 p 0.016 | 3.71 Hz
  32-38  | obs 0.126 null95 0.069 p 0.005  peak 0.448@8.40Hz | rho +0.563 null95 +0.171 p 0.016 | 3.12 Hz CTRL
  40-49  | obs 0.095 null95 0.054 p 0.005  peak 0.326@8.20Hz | rho +0.489 null95 +0.123 p 0.016 | 5.27 Hz
  SIDEBANDS at carrier 23.83 Hz: fm=8.01 both=1.04 (lo 1.19 / hi 1.04)  fm=1.00 both=0.60 (lo 0.60 / hi 1.09)  fm=2.00 both=0.83 (lo 0.83 / hi 1.58) | null p95 1.07, p=0.131
  BICOHERENCE: max b2=0.6567 at (f1=8.4, f2=32.0) null 0.0241 ratio 27.29 | mean b2 0.1176 vs null 0.0337 | ratchet x carrier (8.0,24.0) b2=0.0423 null 0.0303 ratio 1.39

================================================================================================================
ROUTE 9e (V103)  ARM manual hwy  1 ep, 28.6 s, 10 segments, v=86.0 km/h
================================================================================================================
  carrier peak (15-35 Hz) = 15.04 Hz | ratchet peak (5.5-9.5 Hz) = 7.03 Hz
  band   | coh2(env_HF, tq[6-9Hz]) 3-9 Hz window    | amp-amp rho vs env(6-9)      | env peak in 3-9
  15-22  | obs 0.073 null95 0.205 p 0.741  peak 0.221@3.12Hz | rho +0.189 null95 +0.085 p 0.016 | 4.10 Hz
  20-26  | obs 0.117 null95 0.164 p 0.493  peak 0.308@6.25Hz | rho +0.273 null95 +0.080 p 0.016 | 3.12 Hz
  22-26  | obs 0.149 null95 0.129 p 0.005  peak 0.425@6.25Hz | rho +0.308 null95 +0.080 p 0.016 | 3.12 Hz
  26-31  | obs 0.133 null95 0.146 p 0.119  peak 0.692@6.64Hz | rho +0.284 null95 +0.104 p 0.016 | 3.32 Hz
  32-38  | obs 0.128 null95 0.149 p 0.184  peak 0.622@6.25Hz | rho +0.315 null95 +0.086 p 0.016 | 3.32 Hz CTRL
  40-49  | obs 0.147 null95 0.133 p 0.005  peak 0.507@6.25Hz | rho +0.375 null95 +0.113 p 0.016 | 3.71 Hz
  SIDEBANDS at carrier 15.04 Hz: fm=7.03 both=0.78 (lo 1.26 / hi 0.78)  fm=1.00 both=0.59 (lo 2.68 / hi 0.59)  fm=2.00 both=0.95 (lo 1.38 / hi 0.95) | null p95 0.92, p=0.492
  BICOHERENCE: max b2=0.7724 at (f1=7.2, f2=35.0) null 0.0864 ratio 8.94 | mean b2 0.1921 vs null 0.1007 | ratchet x carrier (7.2,15.0) b2=0.0481 null 0.1056 ratio 0.46

================================================================================================================
ROUTE 9e (V103)  ARM ENGAGED mid  8 ep, 114.5 s, 33 segments, v=60.9 km/h
================================================================================================================
  carrier peak (15-35 Hz) = 24.80 Hz | ratchet peak (5.5-9.5 Hz) = 7.81 Hz
  band   | coh2(env_HF, tq[6-9Hz]) 3-9 Hz window    | amp-amp rho vs env(6-9)      | env peak in 3-9
  15-22  | obs 0.013 null95 0.029 p 0.851  peak 0.056@8.98Hz | rho +0.524 null95 +0.024 p 0.016 | 3.91 Hz
  20-26  | obs 0.018 null95 0.032 p 0.836  peak 0.091@6.05Hz | rho +0.562 null95 +0.085 p 0.016 | 3.12 Hz
  22-26  | obs 0.018 null95 0.049 p 1.000  peak 0.063@5.86Hz | rho +0.569 null95 +0.049 p 0.016 | 3.32 Hz
  26-31  | obs 0.049 null95 0.053 p 0.090  peak 0.204@6.25Hz | rho +0.375 null95 +0.071 p 0.016 | 3.12 Hz
  32-38  | obs 0.036 null95 0.048 p 0.338  peak 0.213@6.25Hz | rho +0.416 null95 -0.003 p 0.016 | 3.52 Hz CTRL
  40-49  | obs 0.022 null95 0.062 p 0.990  peak 0.085@4.10Hz | rho +0.344 null95 +0.031 p 0.016 | 3.52 Hz
  SIDEBANDS at carrier 24.80 Hz: fm=7.81 both=0.96 (lo 1.05 / hi 0.96)  fm=1.00 both=0.47 (lo 1.06 / hi 0.47)  fm=2.00 both=0.45 (lo 0.45 / hi 0.75) | null p95 1.38, p=0.672
  BICOHERENCE: max b2=0.3365 at (f1=10.0, f2=17.0) null 0.0476 ratio 7.07 | mean b2 0.0837 vs null 0.0768 | ratchet x carrier (8.0,25.0) b2=0.0050 null 0.0482 ratio 0.10

================================================================================================================
ROUTE 9e (V103)  ARM ENGAGED low  14 ep, 177.5 s, 50 segments, v=17.6 km/h
================================================================================================================
  carrier peak (15-35 Hz) = 21.48 Hz | ratchet peak (5.5-9.5 Hz) = 8.01 Hz
  band   | coh2(env_HF, tq[6-9Hz]) 3-9 Hz window    | amp-amp rho vs env(6-9)      | env peak in 3-9
  15-22  | obs 0.015 null95 0.031 p 0.920  peak 0.053@7.23Hz | rho +0.676 null95 +0.015 p 0.016 | 3.12 Hz
  20-26  | obs 0.017 null95 0.029 p 0.861  peak 0.070@4.88Hz | rho +0.653 null95 -0.022 p 0.016 | 3.12 Hz
  22-26  | obs 0.025 null95 0.023 p 0.020  peak 0.087@4.88Hz | rho +0.516 null95 +0.037 p 0.016 | 3.12 Hz
  26-31  | obs 0.039 null95 0.029 p 0.010  peak 0.124@8.20Hz | rho +0.508 null95 +0.005 p 0.016 | 3.12 Hz
  32-38  | obs 0.028 null95 0.033 p 0.144  peak 0.150@8.59Hz | rho +0.496 null95 +0.023 p 0.016 | 3.12 Hz CTRL
  40-49  | obs 0.026 null95 0.028 p 0.095  peak 0.095@7.62Hz | rho +0.512 null95 +0.008 p 0.016 | 3.12 Hz
  SIDEBANDS at carrier 21.48 Hz: fm=8.01 both=0.92 (lo 0.97 / hi 0.92)  fm=1.00 both=0.71 (lo 1.46 / hi 0.71)  fm=2.00 both=0.82 (lo 0.84 / hi 0.82) | null p95 0.99, p=0.131
  BICOHERENCE: max b2=0.2303 at (f1=2.8, f2=30.0) null 0.0261 ratio 8.82 | mean b2 0.0422 vs null 0.0324 | ratchet x carrier (8.0,21.0) b2=0.0735 null 0.0359 ratio 2.05

================================================================================================================
ROUTE 97 (STOCK (V9b))  ARM ENGAGED hwy  10 ep, 319.6 s, 109 segments, v=81.6 km/h
================================================================================================================
  carrier peak (15-35 Hz) = 15.04 Hz | ratchet peak (5.5-9.5 Hz) = 9.38 Hz
  band   | coh2(env_HF, tq[6-9Hz]) 3-9 Hz window    | amp-amp rho vs env(6-9)      | env peak in 3-9
  15-22  | obs 0.027 null95 0.016 p 0.005  peak 0.094@6.45Hz | rho +0.332 null95 +0.073 p 0.016 | 3.12 Hz
  20-26  | obs 0.022 null95 0.014 p 0.005  peak 0.068@3.71Hz | rho +0.353 null95 +0.071 p 0.016 | 3.12 Hz
  22-26  | obs 0.034 null95 0.016 p 0.005  peak 0.180@6.45Hz | rho +0.356 null95 +0.067 p 0.016 | 3.12 Hz
  26-31  | obs 0.017 null95 0.015 p 0.025  peak 0.048@5.08Hz | rho +0.334 null95 +0.053 p 0.016 | 3.12 Hz
  32-38  | obs 0.030 null95 0.017 p 0.005  peak 0.096@4.88Hz | rho +0.335 null95 +0.058 p 0.016 | 3.12 Hz CTRL
  40-49  | obs 0.029 null95 0.018 p 0.005  peak 0.090@4.49Hz | rho +0.324 null95 +0.058 p 0.016 | 3.12 Hz
  SIDEBANDS at carrier 15.04 Hz: fm=9.38 both=0.69 (lo 0.69 / hi 1.08)  fm=1.00 both=0.70 (lo 1.45 / hi 0.70)  fm=2.00 both=0.88 (lo 1.29 / hi 0.88) | null p95 0.78, p=0.787
  BICOHERENCE: max b2=0.3984 at (f1=10.8, f2=30.0) null 0.0110 ratio 36.30 | mean b2 0.1069 vs null 0.0136 | ratchet x carrier (9.2,15.0) b2=0.2820 null 0.0085 ratio 33.14

================================================================================================================
ROUTE 97 (STOCK (V9b))  ARM ENGAGED mid  15 ep, 206.0 s, 56 segments, v=52.7 km/h
================================================================================================================
  carrier peak (15-35 Hz) = 15.43 Hz | ratchet peak (5.5-9.5 Hz) = 8.59 Hz
  band   | coh2(env_HF, tq[6-9Hz]) 3-9 Hz window    | amp-amp rho vs env(6-9)      | env peak in 3-9
  15-22  | obs 0.018 null95 0.029 p 0.498  peak 0.130@6.84Hz | rho +0.378 null95 +0.000 p 0.016 | 3.71 Hz
  20-26  | obs 0.031 null95 0.024 p 0.005  peak 0.102@7.42Hz | rho +0.371 null95 +0.019 p 0.016 | 3.12 Hz
  22-26  | obs 0.018 null95 0.026 p 0.463  peak 0.082@3.91Hz | rho +0.356 null95 +0.041 p 0.016 | 3.12 Hz
  26-31  | obs 0.019 null95 0.024 p 0.209  peak 0.047@6.25Hz | rho +0.377 null95 +0.017 p 0.016 | 3.12 Hz
  32-38  | obs 0.018 null95 0.026 p 0.358  peak 0.071@8.40Hz | rho +0.352 null95 +0.029 p 0.016 | 3.12 Hz CTRL
  40-49  | obs 0.021 null95 0.026 p 0.219  peak 0.097@7.23Hz | rho +0.332 null95 +0.025 p 0.016 | 3.12 Hz
  SIDEBANDS at carrier 15.43 Hz: fm=8.59 both=1.00 (lo 1.18 / hi 1.00)  fm=1.00 both=0.54 (lo 1.05 / hi 0.54)  fm=2.00 both=0.85 (lo 1.14 / hi 0.85) | null p95 1.13, p=0.393
  BICOHERENCE: max b2=0.3014 at (f1=9.6, f2=14.0) null 0.0480 ratio 6.27 | mean b2 0.0703 vs null 0.0599 | ratchet x carrier (8.4,15.0) b2=0.0267 null 0.0363 ratio 0.73

================================================================================================================
ROUTE 97 (STOCK (V9b))  ARM ENGAGED low  13 ep, 132.1 s, 33 segments, v=20.7 km/h
================================================================================================================
  carrier peak (15-35 Hz) = 16.21 Hz | ratchet peak (5.5-9.5 Hz) = 5.66 Hz
  band   | coh2(env_HF, tq[6-9Hz]) 3-9 Hz window    | amp-amp rho vs env(6-9)      | env peak in 3-9
  15-22  | obs 0.022 null95 0.099 p 1.000  peak 0.184@7.62Hz | rho +0.433 null95 -0.038 p 0.016 | 3.12 Hz
  20-26  | obs 0.041 null95 0.087 p 0.716  peak 0.202@8.59Hz | rho +0.417 null95 -0.021 p 0.016 | 3.12 Hz
  22-26  | obs 0.030 null95 0.073 p 0.935  peak 0.172@7.62Hz | rho +0.406 null95 +0.011 p 0.016 | 3.12 Hz
  26-31  | obs 0.031 null95 0.069 p 0.771  peak 0.129@8.98Hz | rho +0.410 null95 +0.001 p 0.016 | 3.91 Hz
  32-38  | obs 0.031 null95 0.087 p 0.881  peak 0.180@6.64Hz | rho +0.409 null95 +0.012 p 0.016 | 3.32 Hz CTRL
  40-49  | obs 0.022 null95 0.096 p 0.915  peak 0.104@8.98Hz | rho +0.358 null95 +0.017 p 0.016 | 3.91 Hz
  SIDEBANDS at carrier 16.21 Hz: fm=5.66 both=0.95 (lo 0.95 / hi 0.99)  fm=1.00 both=0.53 (lo 0.69 / hi 0.53)  fm=2.00 both=0.94 (lo 1.31 / hi 0.94) | null p95 1.26, p=0.262
  BICOHERENCE: max b2=0.4230 at (f1=12.0, f2=14.0) null 0.0900 ratio 4.70 | mean b2 0.0837 vs null 0.2260 | ratchet x carrier (5.6,16.0) b2=0.0059 null 0.2514 ratio 0.02

================================================================================================================
ROUTE 96 (V102 6x)  ARM ENGAGED hwy  5 ep, 232.6 s, 84 segments, v=98.8 km/h
================================================================================================================
  carrier peak (15-35 Hz) = 24.61 Hz | ratchet peak (5.5-9.5 Hz) = 8.20 Hz
  band   | coh2(env_HF, tq[6-9Hz]) 3-9 Hz window    | amp-amp rho vs env(6-9)      | env peak in 3-9
  15-22  | obs 0.019 null95 0.017 p 0.015  peak 0.081@8.01Hz | rho +0.675 null95 +0.121 p 0.016 | 3.12 Hz
  20-26  | obs 0.018 null95 0.015 p 0.010  peak 0.067@6.84Hz | rho +0.761 null95 +0.082 p 0.016 | 3.12 Hz
  22-26  | obs 0.015 null95 0.020 p 0.174  peak 0.046@3.12Hz | rho +0.761 null95 +0.088 p 0.016 | 3.12 Hz
  26-31  | obs 0.016 null95 0.017 p 0.060  peak 0.074@8.01Hz | rho +0.696 null95 +0.083 p 0.016 | 3.52 Hz
  32-38  | obs 0.013 null95 0.017 p 0.303  peak 0.067@8.98Hz | rho +0.650 null95 +0.108 p 0.016 | 3.12 Hz CTRL
  40-49  | obs 0.017 null95 0.016 p 0.020  peak 0.118@6.45Hz | rho +0.615 null95 +0.085 p 0.016 | 3.12 Hz
  SIDEBANDS at carrier 24.61 Hz: fm=8.20 both=0.73 (lo 0.81 / hi 0.73)  fm=1.00 both=0.56 (lo 0.79 / hi 0.56)  fm=2.00 both=0.44 (lo 0.76 / hi 0.44) | null p95 0.82, p=0.820
  BICOHERENCE: max b2=0.1509 at (f1=11.6, f2=32.0) null 0.0104 ratio 14.55 | mean b2 0.0268 vs null 0.0138 | ratchet x carrier (8.4,25.0) b2=0.0161 null 0.0106 ratio 1.51

================================================================================================================
ROUTE 96 (V102 6x)  ARM ENGAGED mid  8 ep, 141.2 s, 42 segments, v=53.9 km/h
================================================================================================================
  carrier peak (15-35 Hz) = 24.22 Hz | ratchet peak (5.5-9.5 Hz) = 8.40 Hz
  band   | coh2(env_HF, tq[6-9Hz]) 3-9 Hz window    | amp-amp rho vs env(6-9)      | env peak in 3-9
  15-22  | obs 0.056 null95 0.036 p 0.010  peak 0.189@8.40Hz | rho +0.565 null95 +0.100 p 0.016 | 3.52 Hz
  20-26  | obs 0.050 null95 0.026 p 0.005  peak 0.272@8.59Hz | rho +0.561 null95 +0.045 p 0.016 | 3.52 Hz
  22-26  | obs 0.032 null95 0.046 p 0.259  peak 0.166@8.59Hz | rho +0.484 null95 +0.007 p 0.016 | 3.12 Hz
  26-31  | obs 0.037 null95 0.024 p 0.005  peak 0.118@8.79Hz | rho +0.510 null95 +0.046 p 0.016 | 3.52 Hz
  32-38  | obs 0.040 null95 0.072 p 0.154  peak 0.195@7.03Hz | rho +0.486 null95 +0.033 p 0.016 | 3.32 Hz CTRL
  40-49  | obs 0.048 null95 0.033 p 0.005  peak 0.186@7.81Hz | rho +0.437 null95 +0.040 p 0.016 | 4.30 Hz
  SIDEBANDS at carrier 24.22 Hz: fm=8.40 both=0.47 (lo 1.61 / hi 0.47)  fm=1.00 both=0.89 (lo 0.92 / hi 0.89)  fm=2.00 both=0.80 (lo 0.80 / hi 1.72) | null p95 0.58, p=0.426
  BICOHERENCE: max b2=0.7158 at (f1=0.8, f2=19.0) null 0.0463 ratio 15.48 | mean b2 0.1084 vs null 0.0600 | ratchet x carrier (8.4,24.0) b2=0.0124 null 0.0312 ratio 0.40

================================================================================================================
ROUTE 96 (V102 6x)  ARM ENGAGED low  13 ep, 172.6 s, 48 segments, v=22.5 km/h
================================================================================================================
  carrier peak (15-35 Hz) = 21.68 Hz | ratchet peak (5.5-9.5 Hz) = 8.01 Hz
  band   | coh2(env_HF, tq[6-9Hz]) 3-9 Hz window    | amp-amp rho vs env(6-9)      | env peak in 3-9
  15-22  | obs 0.025 null95 0.026 p 0.090  peak 0.086@6.45Hz | rho +0.632 null95 -0.006 p 0.016 | 3.32 Hz
  20-26  | obs 0.031 null95 0.049 p 0.443  peak 0.089@7.42Hz | rho +0.605 null95 -0.029 p 0.016 | 3.12 Hz
  22-26  | obs 0.023 null95 0.038 p 0.617  peak 0.093@3.12Hz | rho +0.545 null95 -0.023 p 0.016 | 3.12 Hz
  26-31  | obs 0.023 null95 0.024 p 0.114  peak 0.081@3.52Hz | rho +0.558 null95 -0.006 p 0.016 | 3.12 Hz
  32-38  | obs 0.029 null95 0.026 p 0.040  peak 0.091@7.42Hz | rho +0.583 null95 +0.011 p 0.016 | 3.32 Hz CTRL
  40-49  | obs 0.026 null95 0.028 p 0.080  peak 0.071@4.10Hz | rho +0.557 null95 -0.001 p 0.016 | 4.10 Hz
  SIDEBANDS at carrier 21.68 Hz: fm=8.01 both=0.75 (lo 0.75 / hi 1.12)  fm=1.00 both=0.65 (lo 1.38 / hi 0.65)  fm=2.00 both=0.70 (lo 0.70 / hi 0.89) | null p95 0.89, p=0.525
  BICOHERENCE: max b2=0.2396 at (f1=8.8, f2=29.0) null 0.0184 ratio 13.01 | mean b2 0.0502 vs null 0.0304 | ratchet x carrier (8.0,22.0) b2=0.0623 null 0.0369 ratio 1.69

================================================================================================================
ROUTE 85 (V100 4x)  ARM ENGAGED hwy  1 ep, 47.9 s, 17 segments, v=99.7 km/h
================================================================================================================
  carrier peak (15-35 Hz) = 15.04 Hz | ratchet peak (5.5-9.5 Hz) = 8.40 Hz
  band   | coh2(env_HF, tq[6-9Hz]) 3-9 Hz window    | amp-amp rho vs env(6-9)      | env peak in 3-9
  15-22  | obs 0.159 null95 0.107 p 0.005  peak 0.725@7.23Hz | rho +0.313 null95 +0.211 p 0.016 | 3.71 Hz
  20-26  | obs 0.270 null95 0.131 p 0.005  peak 0.789@8.79Hz | rho +0.309 null95 +0.135 p 0.016 | 3.91 Hz
  22-26  | obs 0.201 null95 0.133 p 0.005  peak 0.688@7.23Hz | rho +0.241 null95 +0.150 p 0.016 | 3.12 Hz
  26-31  | obs 0.145 null95 0.118 p 0.015  peak 0.431@7.42Hz | rho +0.367 null95 +0.195 p 0.016 | 3.12 Hz
  32-38  | obs 0.091 null95 0.106 p 0.104  peak 0.274@6.05Hz | rho +0.309 null95 +0.123 p 0.016 | 3.12 Hz CTRL
  40-49  | obs 0.129 null95 0.094 p 0.005  peak 0.425@8.20Hz | rho +0.278 null95 +0.137 p 0.016 | 3.12 Hz
  SIDEBANDS at carrier 15.04 Hz: fm=8.40 both=1.09 (lo 1.09 / hi 1.24)  fm=1.00 both=0.74 (lo 1.18 / hi 0.74)  fm=2.00 both=1.27 (lo 1.27 / hi 1.35) | null p95 1.21, p=0.410
  BICOHERENCE: max b2=0.6742 at (f1=8.4, f2=17.0) null 0.0526 ratio 12.81 | mean b2 0.2001 vs null 0.0591 | ratchet x carrier (8.4,15.0) b2=0.1254 null 0.0623 ratio 2.01

================================================================================================================
ROUTE 85 (V100 4x)  ARM ENGAGED mid  4 ep, 73.7 s, 23 segments, v=49.9 km/h
================================================================================================================
  carrier peak (15-35 Hz) = 21.48 Hz | ratchet peak (5.5-9.5 Hz) = 8.40 Hz
  band   | coh2(env_HF, tq[6-9Hz]) 3-9 Hz window    | amp-amp rho vs env(6-9)      | env peak in 3-9
  15-22  | obs 0.083 null95 0.064 p 0.005  peak 0.260@6.25Hz | rho +0.646 null95 +0.304 p 0.016 | 3.52 Hz
  20-26  | obs 0.053 null95 0.062 p 0.179  peak 0.295@6.64Hz | rho +0.622 null95 +0.308 p 0.016 | 3.12 Hz
  22-26  | obs 0.076 null95 0.085 p 0.144  peak 0.242@6.25Hz | rho +0.598 null95 +0.250 p 0.016 | 3.12 Hz
  26-31  | obs 0.093 null95 0.063 p 0.005  peak 0.253@6.25Hz | rho +0.510 null95 +0.284 p 0.016 | 3.12 Hz
  32-38  | obs 0.091 null95 0.077 p 0.015  peak 0.473@6.05Hz | rho +0.501 null95 +0.234 p 0.016 | 3.12 Hz CTRL
  40-49  | obs 0.098 null95 0.079 p 0.005  peak 0.225@7.62Hz | rho +0.464 null95 +0.245 p 0.016 | 3.12 Hz
  SIDEBANDS at carrier 21.48 Hz: fm=8.40 both=0.94 (lo 0.94 / hi 1.74)  fm=1.00 both=0.76 (lo 0.76 / hi 1.19)  fm=2.00 both=0.65 (lo 1.30 / hi 0.65) | null p95 1.12, p=0.475
  BICOHERENCE: max b2=0.7421 at (f1=3.6, f2=26.0) null 0.0453 ratio 16.38 | mean b2 0.1870 vs null 0.0578 | ratchet x carrier (8.4,21.0) b2=0.0715 null 0.0565 ratio 1.27

================================================================================================================
ROUTE 85 (V100 4x)  ARM ENGAGED low  4 ep, 116.9 s, 40 segments, v=21.0 km/h
================================================================================================================
  carrier peak (15-35 Hz) = 19.53 Hz | ratchet peak (5.5-9.5 Hz) = 7.62 Hz
  band   | coh2(env_HF, tq[6-9Hz]) 3-9 Hz window    | amp-amp rho vs env(6-9)      | env peak in 3-9
  15-22  | obs 0.031 null95 0.030 p 0.050  peak 0.112@7.23Hz | rho +0.618 null95 +0.106 p 0.016 | 3.71 Hz
  20-26  | obs 0.033 null95 0.026 p 0.015  peak 0.150@3.52Hz | rho +0.577 null95 +0.079 p 0.016 | 4.30 Hz
  22-26  | obs 0.017 null95 0.023 p 0.358  peak 0.101@8.40Hz | rho +0.546 null95 +0.134 p 0.016 | 3.12 Hz
  26-31  | obs 0.034 null95 0.037 p 0.114  peak 0.132@8.59Hz | rho +0.468 null95 +0.054 p 0.016 | 3.12 Hz
  32-38  | obs 0.024 null95 0.032 p 0.308  peak 0.127@7.81Hz | rho +0.437 null95 +0.118 p 0.016 | 3.12 Hz CTRL
  40-49  | obs 0.052 null95 0.034 p 0.005  peak 0.161@4.10Hz | rho +0.336 null95 +0.116 p 0.016 | 3.12 Hz
  SIDEBANDS at carrier 19.53 Hz: fm=7.62 both=0.73 (lo 0.73 / hi 1.52)  fm=1.00 both=0.50 (lo 0.79 / hi 0.50)  fm=2.00 both=1.20 (lo 1.20 / hi 2.88) | null p95 1.01, p=1.000
  BICOHERENCE: max b2=0.2015 at (f1=0.4, f2=24.0) null 0.0182 ratio 11.09 | mean b2 0.0443 vs null 0.0286 | ratchet x carrier (7.6,20.0) b2=0.1235 null 0.0438 ratio 2.82

wrote C:\Users\dudei\Desktop\Projects\accord-eps-torque-mod\rlog-tools\_hf_lf_sidebands.json
