============================================================================================================================
1.  ⭐⭐ THE SPECTRAL CENTROID, 15-45 Hz -- THE 'PITCH' STATISTIC.
    A frequency, so it inherits the peak location's immunity to level noise.
    The last two columns are the 30-45/18-30 energy SHARE and the strongest LINE's
    PROMINENCE -- the two quantities that say whether a MODE still exists at all.
============================================================================================================================

  low  < 16 km/h
         build   eps  centroid Hz       centroid 95 % CI    hi/lo share    line Hz   PROMINENCE
      STOCK 1x     7        23.28         [21.95, 24.78]         0.3624      31.97 2.5 [1.9,3.7]
       V104 6x     9        22.73         [22.56, 22.96]         0.0208      22.73 12.5 [6.4,38.5]
    V105 NOTCH     6        21.82         [21.32, 22.15]         0.0458      20.48 4.2 [3.0,15.2]
   V106 6b26x3    10        19.82         [19.11, 20.54]         0.0844      17.98 2.0 [1.8,4.6]
     centroid SHIFT a6 - V105 NOTCH    -1.94 Hz [-2.86, -1.11]   a6 null [-1.26, +1.27]  =>  CLEARS
     centroid SHIFT a6 - V104 6x       -2.86 Hz [-3.68, -2.16]   a6 null [-1.26, +1.27]  =>  CLEARS

  mid  16-40 km/h
         build   eps  centroid Hz       centroid 95 % CI    hi/lo share    line Hz   PROMINENCE
      STOCK 1x    10        23.92         [21.60, 25.90]         0.3750      16.98 2.4 [2.0,3.9]
       V104 6x    13        23.47         [22.93, 24.13]         0.0309      23.48 4.3 [2.6,7.7]
    V105 NOTCH    12        22.78         [22.48, 23.27]         0.0324      21.73 5.9 [2.3,12.6]
   V106 6b26x3     9        21.33         [20.25, 22.05]         0.0488      20.48 3.2 [2.1,5.1]
     centroid SHIFT a6 - V105 NOTCH    -1.44 Hz [-2.49, -0.65]   a6 null [-1.57, +1.52]  =>  inside null
     centroid SHIFT a6 - V104 6x       -2.12 Hz [-3.42, -1.23]   a6 null [-1.57, +1.52]  =>  CLEARS

  hwy  40-95 km/h
         build   eps  centroid Hz       centroid 95 % CI    hi/lo share    line Hz   PROMINENCE
      STOCK 1x    13        24.04         [22.84, 25.43]         0.2507      27.47 1.3 [1.3,2.3]
       V104 6x    13        26.12         [25.16, 26.36]         0.0154      26.47 13.3 [3.8,19.6]
    V105 NOTCH    10        26.61         [26.26, 26.88]         0.0124      26.97 24.0 [7.6,38.1]
   V106 6b26x3    12        26.18         [24.29, 26.86]         0.0511      27.22 6.5 [2.1,9.1]
     centroid SHIFT a6 - V105 NOTCH    -0.44 Hz [-2.32, +0.37]   a6 null [-2.51, +2.50]  =>  inside null
     centroid SHIFT a6 - V104 6x       +0.09 Hz [-1.86, +1.21]   a6 null [-2.51, +2.50]  =>  inside null

  hwy-mat 55-70 km/h
         build   eps  centroid Hz       centroid 95 % CI    hi/lo share    line Hz   PROMINENCE
      STOCK 1x     8        22.98         [22.22, 25.21]         0.1970      18.98 1.6 [1.5,3.3]
       V104 6x     4        25.72         [25.47, 27.01]         0.0101      25.97 6.1 [3.8,16.3]
    V105 NOTCH     4        26.25         [26.01, 26.36]         0.0241      27.47 5.1 [3.0,9.1]
   V106 6b26x3     7        24.80         [24.57, 25.25]         0.1604      20.23 1.4 [1.3,3.7]
     centroid SHIFT a6 - V105 NOTCH    -1.43 Hz [-1.72, -0.96]   a6 null [-0.94, +0.77]  =>  CLEARS
     centroid SHIFT a6 - V104 6x       -0.92 Hz [-2.27, -0.40]   a6 null [-0.94, +0.77]  =>  inside null

============================================================================================================================
2.  Q8 -- HOUSEKEEPING.  Cave rungs, faults, exposure, speed census.
============================================================================================================================
  frames 155348   duration 1535.8 s   ENGAGED 1224.0 s (79.69 %)   MANUAL 311.9 s
  engagement runs: 7 total;  >=2.5 s: 7;  >=10 s: 7;  >=60 s: 2;  longest 941.6 s
  ENGAGED <16 km/h: 100.7 s in 29 runs;  >=4.2 s: 10;  >=8.2 s: 1   (a5 gave 87.0 s / 20 runs / 6 / 2)

  speed histogram (engaged / manual seconds):
         0-5      km/h   engaged     16.8 s   manual    216.5 s
         5-8      km/h   engaged     14.6 s   manual     28.0 s
         8-16     km/h   engaged     69.3 s   manual     35.3 s
        16-25     km/h   engaged     57.0 s   manual      8.6 s
        25-40     km/h   engaged     63.7 s   manual      0.0 s
        40-60     km/h   engaged     95.2 s   manual      0.0 s
        60-80     km/h   engaged    129.3 s   manual      5.7 s
        80-100    km/h   engaged    230.7 s   manual      9.8 s
       100-999    km/h   engaged    547.3 s   manual      8.0 s

  cave rung duties (pooled / engaged / manual):
    b7 sign gp-0x6b4c        0.2650 / 0.3324 / 0.0003
    b6 governor clip         0.0000 / 0.0000 / 0.0000
    b5 friction>=inertia     0.2436 / 0.1907 / 0.4509
    b4 sign r24              0.3844 / 0.4154 / 0.2628
    b3 sign D-state          0.4647 / 0.4747 / 0.4253

  FAULT CENSUS:
    0x7FFF sentinels 0x14A/0x18F : 0 / 0
    STEER_STATUS histogram        : 0:155340  3:8
    DTC bit2 duty                 : 0.000000  (0 transitions)
    CONFIG_VALID duty             : 1.000000
    OUTPUT_DISABLED duty          : 0.000051

wrote analysis-2020accord/_ra6_pitch.json
