==============================================================================================================
1.  TAP SCALER SIZING for `gp-0x6c2c` on the 0x18F 10-bit lane (0..1023 unsigned).
    Pool = r77 + r78 engaged, MEASURED, n = 169449 frames.  corpus max 5286
==============================================================================================================
   shift    LSB cnt   full scale      clip frac  clip frac p99.9    p99 in LSBs
   sar 1          2         2046       0.000673         0.670588          560.7
   sar 2          4         4092       0.000012         0.011765          280.4
   sar 3          8         8184       0.000000         0.000000          140.2
   sar 4         16        16368       0.000000         0.000000           70.1
   sar 5         32        32736       0.000000         0.000000           35.0
  percentiles of measured |gp-0x6c2c| (engaged, r77+r78): p50 40  p90 323  p99 1121  p99.9 1922  max 5286

==============================================================================================================
2.  RESHAPE DUTY ON ROUTE a6's OWN ENGAGED ALPHA -- per-frame delivered coefficient after
    LERP (NOT a uniform stock-relative k).  Same held-out-validated law + residual spread.
==============================================================================================================
  law (pure-LERP form): log(|b26|/Y_eff) = 0.6985*log(alpha) -9.9982   resid sd 0.794
       variant    speed         n       p50       p90       p99       max     duty>=511
    V106 today    40-70     19580       8.1      32.5     102.5     980.1       0.00003
    V106 today     >=70     81821       6.0      28.3      97.4    1556.9       0.00002
    V106 today      <16     10186      46.2     185.0     427.8    2510.5       0.00519
     RESHAPE A    40-70     19580      21.8      85.2     256.5    2165.3       0.00145
     RESHAPE A     >=70     81821      29.3     136.0     474.6    7784.4       0.00807
     RESHAPE A      <16     10186      59.1     242.5     562.7    3287.5       0.01410
     RESHAPE B    40-70     19580      14.6      57.1     175.6    1529.9       0.00030
     RESHAPE B     >=70     81821      16.0      74.6     259.1    4223.5       0.00091
     RESHAPE B      <16     10186      53.4     216.5     502.0    2940.3       0.00933
     RESHAPE C    40-70     19580      18.0      70.7     217.1    1887.0       0.00086
     RESHAPE C     >=70     81821      20.0      93.2     323.8    5279.4       0.00221
     RESHAPE C      <16     10186      59.1     242.5     562.7    3287.5       0.01410

wrote analysis-2020accord/_ra6_tapspec.json
