============================================================================================================================
0.  🛑 CONTROL -- IS THE DEMAND AXIS THE SAME ON ALL FOUR ROUTES?
    A demand->rate curve is meaningless if `e4tq` is scaled differently, or if one route
    simply never asked for as much.  Percentiles of |e4tq| over ENGAGED frames:
============================================================================================================================
             build      n eng       p50       p90       p99     p99.9       max  sec engaged
   V88  (route 73)      44439       599      4096      4096      4096      4096        439.3
   V104 (route a4)      67039       196      2383      4096      4096      4096        662.8
   V105 (route a5)      49021       263      3341      4096      4096      4096        484.6
   V106 (route a6)     123802       134       791      4096      4096      4096       1224.0

============================================================================================================================
1.  |d(steering angle)/dt| DURING ENGAGED FRAMES -- the operator's own quantity.
    ⚠ Speed-stratified, because achievable rate is a strong function of speed.
============================================================================================================================

  ALL ENGAGED
             build    speed         n       p50       p90       p99     p99.9       MAX
   V88  (route 73)       <8      2946       8.0     226.5     463.6     491.1     500.0
   V88  (route 73)     8-16      9232      28.0     300.0     454.0     529.8     544.0
   V88  (route 73)    16-40     16193       6.0      66.0     214.0     280.8     304.0
   V88  (route 73)    40-70      7295       3.0      19.0      45.0      59.0      87.0
   V88  (route 73)      70+      8773       1.0       7.0      26.3      45.0     103.0
   V104 (route a4)       <8      4523      11.0      63.0     218.0     276.0     281.0
   V104 (route a4)     8-16      7131       8.0      61.0     198.0     248.4     254.0
   V104 (route a4)    16-40     14384       5.0      56.0     204.2     289.6     308.0
   V104 (route a4)    40-70     21182       2.0      18.0      49.0      79.8     100.0
   V104 (route a4)      70+     19819      23.0      50.0      66.0      79.2     103.0
   V105 (route a5)       <8      4930      14.0     129.0     297.0     338.0     342.0
   V105 (route a5)     8-16      3865      18.0     169.0     322.7     365.3     372.0
   V105 (route a5)    16-40     13336       4.0      48.0     187.6     258.0     273.0
   V105 (route a5)    40-70     18263       2.0      18.0      39.4      60.0      81.0
   V105 (route a5)      70+      8627      23.0      44.0      56.0      65.0      82.0
   V106 (route a6)       <8      3173       6.0     118.0     219.0     233.8     240.0
   V106 (route a6)     8-16      7013      14.0     119.0     251.0     304.0     311.0
   V106 (route a6)    16-40     12215       5.0      63.0     158.9     196.0     204.0
   V106 (route a6)    40-70     19580       1.0       6.0      25.0      60.4      82.0
   V106 (route a6)      70+     81821       1.0       8.0      30.0      45.0     100.0

  ENGAGED, HANDS-OFF (|tq| < 200)
             build    speed         n       p50       p90       p99     p99.9       MAX
   V88  (route 73)       <8      1267       1.0      11.0      38.3      52.7      57.0
   V88  (route 73)     8-16      2253       8.0      34.8      51.5     183.5     201.0
   V88  (route 73)    16-40      6704       1.0      13.0      32.0      62.9     105.0
   V88  (route 73)    40-70      3278       1.0       9.0      26.0      38.0      48.0
   V88  (route 73)      70+      6116       1.0       5.0      16.0      36.0      51.0
   V104 (route a4)       <8      2057       2.0      22.0      55.4      72.9      86.0
   V104 (route a4)     8-16      3220       3.0      16.1      47.0      60.3      74.0
   V104 (route a4)    16-40      7059       2.0      13.0      47.0      64.9     173.0
   V104 (route a4)    40-70     13010       1.0       6.0      28.0      53.0      78.0
   V104 (route a4)      70+      6611       3.0      47.0      65.0      81.4     103.0
   V105 (route a5)       <8      1496       2.0      24.0      58.0      72.5      77.0
   V105 (route a5)     8-16       956       3.0      34.0      66.4      91.2      96.0
   V105 (route a5)    16-40      6012       1.0      12.0      42.9      59.0      72.0
   V105 (route a5)    40-70     11531       1.0      13.0      28.0      50.0      81.0
   V105 (route a5)      70+      2711       9.0      41.0      54.0      65.3      66.0
   V106 (route a6)       <8      1544       1.0       8.0      32.0      41.5      44.0
   V106 (route a6)     8-16      1601       5.0      21.0      55.0      65.8      76.0
   V106 (route a6)    16-40      5049       1.0      11.0      38.0      58.9      67.0
   V106 (route a6)    40-70     14664       1.0       3.0      10.0      33.0      50.0
   V106 (route a6)      70+     62225       1.0       5.0      23.0      38.0      70.0

============================================================================================================================
2.  ⭐ THE DEMAND -> ACHIEVED-RATE CURVE.  **THE RATE AT MAX LKAS DEMAND.**
    H-RATE (slew ceiling) predicts a PLATEAU; H-ACC (acceleration penalty) predicts the
    curve keeps climbing but the LOW-demand end is depressed.
============================================================================================================================

  engaged, <16 km/h   -- p90 of |rate_c| (deg/s), then MAX in brackets
             build             <200          200-400          400-700           700-1k          1k-1.5k        1.5k-2.2k            2.2k+
   V88  (route 73)     84.4 [  440]    154.8 [  438]    174.0 [  454]    195.2 [  464]    247.2 [  476]    259.0 [  461]    326.3 [  544]
   V104 (route a4)     29.0 [  221]     29.0 [  219]     38.5 [  216]     52.0 [  198]    110.6 [  193]    112.4 [  208]    166.0 [  281]
   V105 (route a5)     15.0 [  286]     24.0 [  291]     76.4 [  306]    117.5 [  306]    147.1 [  310]    193.0 [  345]    229.0 [  372]
   V106 (route a6)      8.0 [  252]     12.0 [  255]     22.0 [  286]     36.0 [  296]     55.9 [  296]    138.5 [  283]    157.0 [  311]

  engaged, 16-70 km/h   -- p90 of |rate_c| (deg/s), then MAX in brackets
             build             <200          200-400          400-700           700-1k          1k-1.5k        1.5k-2.2k            2.2k+
   V88  (route 73)     10.0 [  256]     11.0 [  268]     16.0 [  275]     31.0 [  297]     66.0 [  304]     51.0 [  279]     94.0 [  281]
   V104 (route a4)      6.0 [  221]     12.0 [  226]     20.0 [  232]     43.0 [  244]     62.0 [  254]     68.1 [  260]     94.0 [  308]
   V105 (route a5)      8.0 [  169]     14.0 [  177]     22.0 [  191]     30.0 [  194]     46.0 [  195]     53.4 [  204]     95.0 [  273]
   V106 (route a6)      3.0 [  131]      7.0 [  167]     20.0 [  200]     52.7 [  203]     59.0 [  200]     64.0 [  195]    117.0 [  204]

  engaged, 70+ km/h   -- p90 of |rate_c| (deg/s), then MAX in brackets
             build             <200          200-400          400-700           700-1k          1k-1.5k        1.5k-2.2k            2.2k+
   V88  (route 73)      4.0 [   51]      7.0 [   83]     11.0 [   74]     16.0 [   55]     23.3 [  103]        --               --       
   V104 (route a4)     50.0 [  103]     51.0 [  103]     48.0 [   91]     46.0 [   69]        --               --               --       
   V105 (route a5)     44.0 [   66]     43.0 [   72]     42.0 [   66]        --               --               --               --       
   V106 (route a6)      5.0 [   72]     12.0 [   88]     19.0 [  100]     25.8 [   66]     29.0 [   65]        --               --       

============================================================================================================================
3.  THE PILE-UP TEST -- a SLEW CEILING is a rail, and a rail is a spike in the histogram.
    Top distinct |rate_c| values, engaged, and the share of frames within 5 %% of the p99.9.
    (V80's postmortem: 'does not clip' and 'is not a relay' are different statements --
     so this looks for a PILE-UP, not for a clip.)
============================================================================================================================
             build        p99.9          MAX frac >=.95p999   top distinct values : count
   V88  (route 73)        480.6        544.0        0.00263   532:2  534:1  537:1  539:1  542:1  544:2
   V104 (route a4)        252.0        308.0        0.00157   297:3  300:1  302:1  303:1  304:3  308:2
   V105 (route a5)        326.0        372.0        0.00159   362:1  364:1  365:2  367:1  368:1  372:2
   V106 (route a6)        228.2        311.0        0.00141   305:1  306:1  308:1  309:2  310:1  311:1

============================================================================================================================
4.  ⭐⭐ THE DISCRIMINATOR -- THE ONSET TRANSIENT vs THE SUSTAINED VALUE.
    Events: engaged, |e4tq| crosses 800 upward after >= 0.5 s below 300.  Aligned at the
    crossing.  H-ACC => the RISE is slower but the PLATEAU is the same.  H-RATE => the
    PLATEAU itself is lower.
============================================================================================================================
             build   events    0.00s    0.10s    0.20s    0.30s    0.40s    0.49s    0.59s    0.69s    0.79s    0.89s    0.99s    1.09s    1.19s    1.29s    1.38s    1.48s
   V88  (route 73)        0   -- too few onset events --
   V104 (route a4)        0   -- too few onset events --
   V105 (route a5)        0   -- too few onset events --
   V106 (route a6)        0   -- too few onset events --
  ⇒ compare the FIRST 0.25 s (the rise) against the LAST 0.5 s (the plateau):
             build  rise 0-0.25 s plateau 1.0-1.5 s   rise/plateau

============================================================================================================================
5.  THE SUSTAINED-DEMAND TEST -- `H(f=0) = 0` SAYS A HELD COMMAND SEES NOTHING.
    Frames where |e4tq| has been >= 800 CONTINUOUSLY for >= 0.4 s (so the transient is
    over).  If V106 is an acceleration penalty ONLY, this row must be UNCHANGED.
============================================================================================================================
             build          n       p50       p90       p99       MAX
   V88  (route 73)      15128      20.0     181.0     437.5     544.0
   V104 (route a4)       8720      23.0      97.0     227.0     308.0
   V105 (route a5)       8504      26.0     124.0     293.0     372.0
   V106 (route a6)       8298      26.0     130.0     226.0     311.0

wrote analysis-2020accord/_ra6_rate.json
