
================================================================================================================
ROUTE 9e (V103)   ARM ENGAGED hwy   2 episodes, 89.8 s, v=81.7 km/h (wheel orders 10.9 / 21.8 / 32.7 Hz)
================================================================================================================
  LF (0.25-3.0 Hz) presence: tq rms=47.9 prom=1.87@0.78Hz  rate_c rms=0.989 prom=2.37@1.17Hz  ang rms=0.277 prom=8.75@0.29Hz  e4tq rms=82 prom=1.84@0.39Hz
  band       env    mod | ENVELOPE LINE (prominence) | coh2(env, tq_LF) obs/null95/p/art  | coh2(env, rate_c) obs/null95/p/art
  15-22    58.56  1.099 |  5.30@0.29Hz null 2.26 p0.005 | 0.056/0.087/0.841/0.074 | 0.081/0.124/0.194/0.065 
  20-30    89.56  2.096 |  7.17@0.29Hz null 2.34 p0.005 | 0.079/0.095/0.289/0.060 | 0.101/0.151/0.214/0.055 
  22-26    85.92  1.783 |  8.74@0.29Hz null 2.41 p0.005 | 0.066/0.107/0.637/0.082 | 0.104/0.140/0.204/0.062 
  26-31    34.54  0.992 |  3.72@0.29Hz null 2.87 p0.010 | 0.083/0.088/0.109/0.057 | 0.125/0.151/0.100/0.072 
  32-38    13.47  1.175 |  3.04@0.29Hz null 2.11 p0.005 | 0.056/0.095/0.816/0.048 | 0.179/0.134/0.005/0.084 CTRL
  40-49    18.08  1.427 |  2.15@0.49Hz null 2.18 p0.075 | 0.092/0.086/0.030/0.069 | 0.173/0.123/0.005/0.052 
  cross-band envelope coh2 (one slow process would raise ALL of these): 15-22~20-30=0.407  15-22~22-26=0.415  15-22~26-31=0.178  15-22~32-38=0.207  15-22~40-49=0.194  20-30~22-26=0.755  20-30~26-31=0.138  20-30~32-38=0.326  20-30~40-49=0.235  22-26~26-31=0.129  22-26~32-38=0.266  22-26~40-49=0.155  26-31~32-38=0.232  26-31~40-49=0.232  32-38~40-49=0.383

================================================================================================================
ROUTE 9e (V103)   ARM manual hwy   1 episodes, 28.6 s, v=86.0 km/h (wheel orders 11.5 / 23.0 / 34.5 Hz)
================================================================================================================
  LF (0.25-3.0 Hz) presence: tq rms=461 prom=6.50@0.39Hz  rate_c rms=3.45 prom=3.03@0.39Hz  ang rms=1.16 prom=8.47@0.39Hz  e4tq rms=0 prom=0.00@nanHz
  band       env    mod | ENVELOPE LINE (prominence) | coh2(env, tq_LF) obs/null95/p/art  | coh2(env, rate_c) obs/null95/p/art
  15-22    20.59  0.726 |  2.34@2.73Hz null 4.67 p0.721 | 0.240/0.345/0.920/0.169 | 0.277/0.394/0.542/0.267 
  20-30    22.60  0.955 |  3.53@0.68Hz null 4.67 p0.224 | 0.271/0.337/0.254/0.260 | 0.250/0.415/0.751/0.229 
  22-26    14.94  1.094 |  3.82@1.37Hz null 4.64 p0.169 | 0.289/0.334/0.368/0.269 | 0.269/0.337/0.542/0.207 
  26-31    16.74  0.941 |  3.26@0.88Hz null 4.68 p0.318 | 0.273/0.309/0.348/0.277 | 0.280/0.369/0.522/0.283 
  32-38    12.72  1.048 |  3.42@0.88Hz null 4.73 p0.209 | 0.220/0.336/0.861/0.291 | 0.263/0.374/0.866/0.198 CTRL
  40-49    17.57  1.395 |  3.62@0.68Hz null 4.36 p0.144 | 0.308/0.319/0.104/0.282 | 0.293/0.363/0.502/0.197 
  cross-band envelope coh2 (one slow process would raise ALL of these): 15-22~20-30=0.426  15-22~22-26=0.387  15-22~26-31=0.467  15-22~32-38=0.414  15-22~40-49=0.464  20-30~22-26=0.657  20-30~26-31=0.605  20-30~32-38=0.517  20-30~40-49=0.514  22-26~26-31=0.557  22-26~32-38=0.430  22-26~40-49=0.522  26-31~32-38=0.549  26-31~40-49=0.627  32-38~40-49=0.582

================================================================================================================
ROUTE 9e (V103)   ARM ENGAGED mid   5 episodes, 93.2 s, v=61.0 km/h (wheel orders 8.1 / 16.3 / 24.4 Hz)
================================================================================================================
  LF (0.25-3.0 Hz) presence: tq rms=58.2 prom=2.14@0.39Hz  rate_c rms=1.83 prom=2.57@0.29Hz  ang rms=0.704 prom=13.55@0.29Hz  e4tq rms=145 prom=2.44@0.39Hz
  band       env    mod | ENVELOPE LINE (prominence) | coh2(env, tq_LF) obs/null95/p/art  | coh2(env, rate_c) obs/null95/p/art
  15-22    62.13  1.272 |  2.54@0.49Hz null 2.71 p0.075 | 0.119/0.111/0.035/0.064 | 0.131/0.103/0.005/0.096 
  20-30    60.28  1.998 |  1.96@0.49Hz null 2.57 p0.448 | 0.104/0.114/0.144/0.085 | 0.073/0.093/0.229/0.081 
  22-26    53.28  1.837 |  1.97@0.49Hz null 2.78 p0.582 | 0.080/0.125/0.697/0.072 | 0.086/0.115/0.174/0.108 
  26-31    25.58  1.146 |  3.24@0.49Hz null 2.53 p0.010 | 0.114/0.117/0.100/0.064 | 0.067/0.118/0.801/0.053 
  32-38    12.79  1.081 |  2.77@0.49Hz null 2.52 p0.025 | 0.071/0.117/0.741/0.087 | 0.065/0.137/0.970/0.088 CTRL
  40-49    15.06  1.401 |  2.92@0.39Hz null 2.52 p0.025 | 0.095/0.117/0.363/0.072 | 0.089/0.118/0.328/0.068 
  cross-band envelope coh2 (one slow process would raise ALL of these): 15-22~20-30=0.387  15-22~22-26=0.232  15-22~26-31=0.193  15-22~32-38=0.172  15-22~40-49=0.141  20-30~22-26=0.654  20-30~26-31=0.266  20-30~32-38=0.281  20-30~40-49=0.286  22-26~26-31=0.235  22-26~32-38=0.237  22-26~40-49=0.294  26-31~32-38=0.230  26-31~40-49=0.224  32-38~40-49=0.354

================================================================================================================
ROUTE 9e (V103)   ARM ENGAGED low   7 episodes, 125.5 s, v=24.0 km/h (wheel orders 3.2 / 6.4 / 9.6 Hz)
================================================================================================================
  LF (0.25-3.0 Hz) presence: tq rms=560 prom=4.85@0.29Hz  rate_c rms=36.5 prom=7.83@0.39Hz  ang rms=13.6 prom=30.12@0.39Hz  e4tq rms=953 prom=3.90@0.68Hz
  band       env    mod | ENVELOPE LINE (prominence) | coh2(env, tq_LF) obs/null95/p/art  | coh2(env, rate_c) obs/null95/p/art
  15-22   212.46  0.933 |  3.08@0.29Hz null 2.66 p0.020 | 0.072/0.153/0.995/0.074 | 0.062/0.113/0.731/0.092 
  20-30   222.07  0.962 |  5.45@0.29Hz null 2.59 p0.005 | 0.096/0.117/0.264/0.051 | 0.042/0.122/1.000/0.062 
  22-26   118.42  0.954 |  5.80@0.39Hz null 3.02 p0.005 | 0.053/0.115/0.910/0.050 | 0.029/0.130/0.985/0.051 
  26-31    34.48  0.937 |  3.21@0.39Hz null 2.22 p0.010 | 0.068/0.080/0.269/0.052 | 0.064/0.072/0.194/0.042 
  32-38    26.14  1.089 |  2.59@0.39Hz null 2.22 p0.020 | 0.087/0.124/0.403/0.070 | 0.052/0.096/0.726/0.088 CTRL
  40-49    26.00  1.162 |  3.01@0.39Hz null 2.18 p0.005 | 0.048/0.080/0.761/0.053 | 0.044/0.099/0.831/0.044 
  cross-band envelope coh2 (one slow process would raise ALL of these): 15-22~20-30=0.215  15-22~22-26=0.115  15-22~26-31=0.155  15-22~32-38=0.117  15-22~40-49=0.149  20-30~22-26=0.279  20-30~26-31=0.061  20-30~32-38=0.105  20-30~40-49=0.174  22-26~26-31=0.120  22-26~32-38=0.101  22-26~40-49=0.102  26-31~32-38=0.146  26-31~40-49=0.163  32-38~40-49=0.316

================================================================================================================
ROUTE 9e (V103)   ARM manual low   4 episodes, 135.1 s, v=0.5 km/h (wheel orders 0.1 / 0.1 / 0.2 Hz)
================================================================================================================
  LF (0.25-3.0 Hz) presence: tq rms=492 prom=7.29@0.29Hz  rate_c rms=36.5 prom=24.80@0.29Hz  ang rms=19.5 prom=200.30@0.29Hz  e4tq rms=0.00594 prom=196.00@0.29Hz
  band       env    mod | ENVELOPE LINE (prominence) | coh2(env, tq_LF) obs/null95/p/art  | coh2(env, rate_c) obs/null95/p/art
  15-22    10.67  0.872 |  2.17@2.64Hz null 2.05 p0.035 | 0.114/0.039/0.005/0.023 | 0.187/0.051/0.005/0.033 
  20-30     8.50  0.805 |  3.97@0.88Hz null 2.01 p0.005 | 0.188/0.055/0.005/0.029 | 0.230/0.056/0.005/0.042 
  22-26     6.39  0.839 |  2.82@0.29Hz null 2.03 p0.005 | 0.112/0.056/0.005/0.034 | 0.170/0.063/0.005/0.047 
  26-31     4.51  0.884 |  2.21@1.95Hz null 2.00 p0.030 | 0.154/0.058/0.005/0.021 | 0.190/0.052/0.005/0.031 
  32-38     2.77  0.738 |  2.82@0.29Hz null 2.01 p0.005 | 0.165/0.092/0.005/0.035 | 0.147/0.149/0.065/0.044 CTRL
  40-49     2.60  0.952 |  5.47@0.39Hz null 1.98 p0.005 | 0.116/0.069/0.005/0.040 | 0.161/0.140/0.030/0.060 
  cross-band envelope coh2 (one slow process would raise ALL of these): 15-22~20-30=0.231  15-22~22-26=0.220  15-22~26-31=0.220  15-22~32-38=0.159  15-22~40-49=0.253  20-30~22-26=0.454  20-30~26-31=0.358  20-30~32-38=0.192  20-30~40-49=0.253  22-26~26-31=0.266  22-26~32-38=0.190  22-26~40-49=0.172  26-31~32-38=0.172  26-31~40-49=0.251  32-38~40-49=0.166

================================================================================================================
ROUTE 97 (STOCK (V9b))   ARM ENGAGED hwy   8 episodes, 302.1 s, v=87.7 km/h (wheel orders 11.7 / 23.4 / 35.1 Hz)
================================================================================================================
  LF (0.25-3.0 Hz) presence: tq rms=148 prom=4.50@0.49Hz  rate_c rms=1.35 prom=2.71@0.68Hz  ang rms=0.54 prom=11.63@0.29Hz  e4tq rms=248 prom=5.64@0.29Hz
  band       env    mod | ENVELOPE LINE (prominence) | coh2(env, tq_LF) obs/null95/p/art  | coh2(env, rate_c) obs/null95/p/art
  15-22    16.67  0.903 |  1.85@0.29Hz null 2.13 p0.289 | 0.036/0.077/0.169/0.008 | 0.109/0.038/0.005/0.018 
  20-30    12.67  1.722 |  1.44@0.29Hz null 1.67 p0.353 | 0.011/0.119/0.517/0.007 | 0.153/0.053/0.005/0.020 
  22-26     8.07  1.870 |  1.78@0.29Hz null 1.67 p0.020 | 0.025/0.072/0.219/0.006 | 0.106/0.039/0.005/0.014 
  26-31     8.68  1.034 |  1.71@0.49Hz null 1.70 p0.050 | 0.025/0.293/0.184/0.008 | 0.050/0.132/0.184/0.015 
  32-38     5.96  1.239 |  1.77@0.29Hz null 1.68 p0.020 | 0.012/0.258/0.463/0.010 | 0.060/0.134/0.139/0.026 CTRL
  40-49     6.27  1.522 |  1.53@0.49Hz null 1.59 p0.109 | 0.013/0.139/0.468/0.007 | 0.133/0.073/0.005/0.018 
  cross-band envelope coh2 (one slow process would raise ALL of these): 15-22~20-30=0.371  15-22~22-26=0.300  15-22~26-31=0.155  15-22~32-38=0.188  15-22~40-49=0.291  20-30~22-26=0.716  20-30~26-31=0.348  20-30~32-38=0.321  20-30~40-49=0.553  22-26~26-31=0.208  22-26~32-38=0.283  22-26~40-49=0.469  26-31~32-38=0.306  26-31~40-49=0.273  32-38~40-49=0.413

================================================================================================================
ROUTE 97 (STOCK (V9b))   ARM ENGAGED mid   9 episodes, 157.1 s, v=54.4 km/h (wheel orders 7.3 / 14.5 / 21.8 Hz)
================================================================================================================
  LF (0.25-3.0 Hz) presence: tq rms=322 prom=4.29@0.29Hz  rate_c rms=6.19 prom=2.67@0.29Hz  ang rms=2.19 prom=18.59@0.29Hz  e4tq rms=353 prom=9.61@0.29Hz
  band       env    mod | ENVELOPE LINE (prominence) | coh2(env, tq_LF) obs/null95/p/art  | coh2(env, rate_c) obs/null95/p/art
  15-22    22.21  0.909 |  2.67@0.29Hz null 2.29 p0.010 | 0.083/0.073/0.015/0.050 | 0.052/0.082/0.483/0.061 
  20-30    16.45  1.335 |  2.44@0.29Hz null 2.15 p0.025 | 0.072/0.070/0.045/0.054 | 0.051/0.066/0.328/0.057 
  22-26    10.12  1.114 |  2.67@0.29Hz null 2.22 p0.010 | 0.058/0.076/0.318/0.064 | 0.049/0.085/0.652/0.066 
  26-31    12.69  1.387 |  2.07@0.29Hz null 2.14 p0.100 | 0.098/0.073/0.005/0.053 | 0.055/0.070/0.294/0.052 
  32-38     8.44  0.959 |  2.68@0.49Hz null 2.07 p0.005 | 0.075/0.080/0.100/0.049 | 0.072/0.067/0.025/0.058 CTRL
  40-49     9.10  1.340 |  3.67@0.49Hz null 2.09 p0.005 | 0.086/0.070/0.005/0.073 | 0.065/0.072/0.100/0.112 
  cross-band envelope coh2 (one slow process would raise ALL of these): 15-22~20-30=0.409  15-22~22-26=0.275  15-22~26-31=0.322  15-22~32-38=0.291  15-22~40-49=0.264  20-30~22-26=0.595  20-30~26-31=0.742  20-30~32-38=0.411  20-30~40-49=0.376  22-26~26-31=0.437  22-26~32-38=0.243  22-26~40-49=0.248  26-31~32-38=0.361  26-31~40-49=0.267  32-38~40-49=0.370

================================================================================================================
ROUTE 97 (STOCK (V9b))   ARM ENGAGED low   4 episodes, 66.5 s, v=13.5 km/h (wheel orders 1.8 / 3.6 / 5.4 Hz)
================================================================================================================
  LF (0.25-3.0 Hz) presence: tq rms=436 prom=3.58@0.29Hz  rate_c rms=27.2 prom=2.42@0.29Hz  ang rms=10.9 prom=21.32@0.29Hz  e4tq rms=879 prom=5.19@0.29Hz
  band       env    mod | ENVELOPE LINE (prominence) | coh2(env, tq_LF) obs/null95/p/art  | coh2(env, rate_c) obs/null95/p/art
  15-22    15.38  0.652 |  2.73@2.64Hz null 2.97 p0.100 | 0.156/0.195/0.308/0.164 | 0.139/0.204/0.423/0.186 
  20-30    10.69  0.766 |  3.73@0.29Hz null 2.70 p0.005 | 0.142/0.164/0.174/0.133 | 0.215/0.142/0.005/0.163 
  22-26     6.77  0.864 |  1.92@1.86Hz null 2.77 p0.687 | 0.138/0.147/0.104/0.129 | 0.172/0.173/0.060/0.143 
  26-31     8.21  0.933 |  3.02@0.29Hz null 2.82 p0.045 | 0.174/0.174/0.060/0.134 | 0.226/0.149/0.005/0.187 
  32-38     4.66  0.742 |  2.48@1.27Hz null 2.78 p0.164 | 0.209/0.194/0.030/0.125 | 0.161/0.209/0.313/0.124 CTRL
  40-49     4.67  0.928 |  5.80@0.39Hz null 3.07 p0.005 | 0.136/0.171/0.194/0.105 | 0.126/0.189/0.343/0.147 
  cross-band envelope coh2 (one slow process would raise ALL of these): 15-22~20-30=0.154  15-22~22-26=0.172  15-22~26-31=0.158  15-22~32-38=0.201  15-22~40-49=0.186  20-30~22-26=0.385  20-30~26-31=0.473  20-30~32-38=0.226  20-30~40-49=0.220  22-26~26-31=0.188  22-26~32-38=0.154  22-26~40-49=0.171  26-31~32-38=0.302  26-31~40-49=0.228  32-38~40-49=0.178

================================================================================================================
ROUTE 97 (STOCK (V9b))   ARM manual low   9 episodes, 368.8 s, v=0.0 km/h (wheel orders 0.0 / 0.0 / 0.0 Hz)
================================================================================================================
  LF (0.25-3.0 Hz) presence: tq rms=259 prom=6.71@0.29Hz  rate_c rms=18.6 prom=10.44@0.29Hz  ang rms=9.49 prom=57.42@0.29Hz  e4tq rms=0.0117 prom=195.99@0.29Hz
  band       env    mod | ENVELOPE LINE (prominence) | coh2(env, tq_LF) obs/null95/p/art  | coh2(env, rate_c) obs/null95/p/art
  15-22     1.50  0.799 |  3.02@0.59Hz null 1.59 p0.005 | 0.018/0.020/0.129/0.012 | 0.019/0.022/0.075/0.014 
  20-30     2.11  0.722 |  2.26@1.86Hz null 1.87 p0.015 | 0.024/0.034/0.179/0.012 | 0.015/0.028/0.388/0.014 
  22-26     1.93  0.748 |  2.26@1.86Hz null 1.83 p0.005 | 0.036/0.028/0.025/0.012 | 0.018/0.034/0.318/0.017 
  26-31     0.74  0.769 |  2.17@0.59Hz null 1.55 p0.005 | 0.019/0.032/0.294/0.009 | 0.020/0.033/0.284/0.010 
  32-38     0.69  0.867 |  2.05@0.59Hz null 1.52 p0.005 | 0.018/0.038/0.547/0.011 | 0.015/0.040/0.562/0.012 CTRL
  40-49     0.73  0.878 |  4.63@0.49Hz null 1.62 p0.005 | 0.018/0.036/0.423/0.017 | 0.025/0.033/0.129/0.019 
  cross-band envelope coh2 (one slow process would raise ALL of these): 15-22~20-30=0.176  15-22~22-26=0.129  15-22~26-31=0.100  15-22~32-38=0.148  15-22~40-49=0.150  20-30~22-26=0.536  20-30~26-31=0.217  20-30~32-38=0.154  20-30~40-49=0.172  22-26~26-31=0.117  22-26~32-38=0.134  22-26~40-49=0.133  26-31~32-38=0.120  26-31~40-49=0.129  32-38~40-49=0.203

================================================================================================================
ROUTE 96 (V102 6x)   ARM ENGAGED hwy   4 episodes, 223.5 s, v=100.0 km/h (wheel orders 13.4 / 26.7 / 40.1 Hz)
================================================================================================================
  LF (0.25-3.0 Hz) presence: tq rms=53.9 prom=2.05@0.39Hz  rate_c rms=1.51 prom=1.74@0.88Hz  ang rms=0.379 prom=6.77@0.29Hz  e4tq rms=104 prom=1.45@0.29Hz
  band       env    mod | ENVELOPE LINE (prominence) | coh2(env, tq_LF) obs/null95/p/art  | coh2(env, rate_c) obs/null95/p/art
  15-22    79.92  1.054 |  3.65@0.29Hz null 1.75 p0.005 | 0.046/0.039/0.015/0.036 | 0.054/0.038/0.005/0.033 
  20-30   221.19  1.402 |  3.19@0.29Hz null 1.89 p0.005 | 0.036/0.040/0.144/0.027 | 0.040/0.033/0.010/0.049 
  22-26   218.95  1.266 |  3.62@0.29Hz null 1.97 p0.005 | 0.036/0.038/0.065/0.032 | 0.044/0.035/0.010/0.035 
  26-31    80.56  0.940 |  3.33@0.29Hz null 2.22 p0.005 | 0.028/0.037/0.353/0.029 | 0.020/0.041/0.871/0.034 
  32-38    15.37  1.282 |  2.17@2.05Hz null 1.67 p0.005 | 0.040/0.038/0.035/0.035 | 0.046/0.035/0.005/0.039 CTRL
  40-49    17.69  1.504 |  2.66@0.29Hz null 1.69 p0.005 | 0.030/0.032/0.144/0.020 | 0.028/0.034/0.239/0.023 
  cross-band envelope coh2 (one slow process would raise ALL of these): 15-22~20-30=0.193  15-22~22-26=0.120  15-22~26-31=0.124  15-22~32-38=0.129  15-22~40-49=0.105  20-30~22-26=0.694  20-30~26-31=0.102  20-30~32-38=0.155  20-30~40-49=0.166  22-26~26-31=0.117  22-26~32-38=0.140  22-26~40-49=0.097  26-31~32-38=0.149  26-31~40-49=0.188  32-38~40-49=0.330

================================================================================================================
ROUTE 96 (V102 6x)   ARM ENGAGED mid   6 episodes, 124.2 s, v=56.9 km/h (wheel orders 7.6 / 15.2 / 22.8 Hz)
================================================================================================================
  LF (0.25-3.0 Hz) presence: tq rms=63.6 prom=4.34@0.29Hz  rate_c rms=1.1 prom=2.73@2.93Hz  ang rms=0.391 prom=17.01@0.29Hz  e4tq rms=105 prom=2.26@0.98Hz
  band       env    mod | ENVELOPE LINE (prominence) | coh2(env, tq_LF) obs/null95/p/art  | coh2(env, rate_c) obs/null95/p/art
  15-22    66.75  1.137 |  2.61@0.29Hz null 2.34 p0.010 | 0.048/0.081/0.841/0.094 | 0.140/0.098/0.010/0.095 
  20-30    56.83  1.904 |  9.28@0.29Hz null 2.78 p0.005 | 0.046/0.086/0.896/0.083 | 0.081/0.080/0.050/0.101 
  22-26    32.20  1.931 |  8.95@0.29Hz null 2.67 p0.005 | 0.050/0.091/0.925/0.068 | 0.072/0.065/0.040/0.074 
  26-31    20.93  1.138 |  5.51@0.29Hz null 2.35 p0.005 | 0.068/0.095/0.512/0.089 | 0.111/0.098/0.015/0.069 
  32-38     8.49  1.185 |  3.32@0.29Hz null 2.23 p0.005 | 0.062/0.089/0.502/0.068 | 0.120/0.082/0.005/0.068 CTRL
  40-49    11.64  1.467 |  1.79@2.44Hz null 2.21 p0.423 | 0.050/0.071/0.622/0.069 | 0.091/0.065/0.005/0.066 
  cross-band envelope coh2 (one slow process would raise ALL of these): 15-22~20-30=0.354  15-22~22-26=0.278  15-22~26-31=0.368  15-22~32-38=0.323  15-22~40-49=0.265  20-30~22-26=0.732  20-30~26-31=0.307  20-30~32-38=0.243  20-30~40-49=0.293  22-26~26-31=0.278  22-26~32-38=0.258  22-26~40-49=0.280  26-31~32-38=0.454  26-31~40-49=0.290  32-38~40-49=0.385

================================================================================================================
ROUTE 96 (V102 6x)   ARM ENGAGED low   8 episodes, 134.8 s, v=20.8 km/h (wheel orders 2.8 / 5.6 / 8.3 Hz)
================================================================================================================
  LF (0.25-3.0 Hz) presence: tq rms=571 prom=16.33@0.29Hz  rate_c rms=29.4 prom=6.67@0.29Hz  ang rms=12.6 prom=39.14@0.29Hz  e4tq rms=1.24e+03 prom=7.50@0.49Hz
  band       env    mod | ENVELOPE LINE (prominence) | coh2(env, tq_LF) obs/null95/p/art  | coh2(env, rate_c) obs/null95/p/art
  15-22   196.93  0.995 |  5.09@0.29Hz null 2.59 p0.005 | 0.073/0.113/0.672/0.108 | 0.066/0.101/0.652/0.092 
  20-30   191.23  1.165 |  3.35@0.59Hz null 2.60 p0.005 | 0.086/0.082/0.035/0.088 | 0.071/0.082/0.174/0.085 
  22-26    83.03  0.908 |  5.40@0.29Hz null 3.48 p0.005 | 0.086/0.088/0.060/0.080 | 0.107/0.082/0.005/0.058 
  26-31    20.97  0.913 |  2.94@0.39Hz null 2.28 p0.005 | 0.066/0.083/0.289/0.068 | 0.087/0.084/0.030/0.076 
  32-38    13.86  1.092 |  2.56@2.44Hz null 2.24 p0.015 | 0.081/0.087/0.134/0.092 | 0.077/0.095/0.363/0.101 CTRL
  40-49    14.74  1.185 |  3.06@0.49Hz null 2.29 p0.005 | 0.074/0.080/0.134/0.086 | 0.074/0.081/0.134/0.102 
  cross-band envelope coh2 (one slow process would raise ALL of these): 15-22~20-30=0.305  15-22~22-26=0.127  15-22~26-31=0.140  15-22~32-38=0.150  15-22~40-49=0.143  20-30~22-26=0.234  20-30~26-31=0.151  20-30~32-38=0.160  20-30~40-49=0.201  22-26~26-31=0.167  22-26~32-38=0.122  22-26~40-49=0.178  26-31~32-38=0.256  26-31~40-49=0.174  32-38~40-49=0.359

================================================================================================================
ROUTE 96 (V102 6x)   ARM manual low   9 episodes, 278.0 s, v=0.0 km/h (wheel orders 0.0 / 0.0 / 0.0 Hz)
================================================================================================================
  LF (0.25-3.0 Hz) presence: tq rms=420 prom=4.07@0.29Hz  rate_c rms=31.5 prom=6.46@0.29Hz  ang rms=14.1 prom=45.84@0.29Hz  e4tq rms=0.00584 prom=196.17@0.29Hz
  band       env    mod | ENVELOPE LINE (prominence) | coh2(env, tq_LF) obs/null95/p/art  | coh2(env, rate_c) obs/null95/p/art
  15-22     1.38  1.091 |  2.96@0.49Hz null 1.74 p0.005 | 0.012/0.048/0.881/0.023 | 0.016/0.038/0.806/0.017 
  20-30     2.79  1.093 |  3.17@0.49Hz null 2.15 p0.005 | 0.012/0.070/0.915/0.032 | 0.015/0.058/0.891/0.015 
  22-26     1.30  1.027 |  3.11@0.49Hz null 2.01 p0.005 | 0.017/0.066/0.891/0.035 | 0.023/0.058/0.761/0.025 
  26-31     0.88  0.964 |  2.25@0.49Hz null 1.71 p0.005 | 0.013/0.077/0.881/0.025 | 0.017/0.063/0.816/0.021 
  32-38     0.80  1.083 |  3.22@0.49Hz null 1.73 p0.005 | 0.019/0.084/0.851/0.031 | 0.018/0.069/0.801/0.018 CTRL
  40-49     0.90  1.073 |  3.36@0.49Hz null 1.74 p0.005 | 0.018/0.094/0.866/0.042 | 0.024/0.075/0.786/0.025 
  cross-band envelope coh2 (one slow process would raise ALL of these): 15-22~20-30=0.343  15-22~22-26=0.256  15-22~26-31=0.181  15-22~32-38=0.208  15-22~40-49=0.211  20-30~22-26=0.540  20-30~26-31=0.373  20-30~32-38=0.280  20-30~40-49=0.314  22-26~26-31=0.156  22-26~32-38=0.184  22-26~40-49=0.201  26-31~32-38=0.253  26-31~40-49=0.246  32-38~40-49=0.255

================================================================================================================
ROUTE 85 (V100 4x)   ARM ENGAGED hwy   1 episodes, 47.9 s, v=99.7 km/h (wheel orders 13.3 / 26.6 / 39.9 Hz)
================================================================================================================
  LF (0.25-3.0 Hz) presence: tq rms=56.8 prom=2.53@0.78Hz  rate_c rms=1.01 prom=3.19@0.78Hz  ang rms=0.348 prom=10.00@0.29Hz  e4tq rms=121 prom=2.76@0.78Hz
  band       env    mod | ENVELOPE LINE (prominence) | coh2(env, tq_LF) obs/null95/p/art  | coh2(env, rate_c) obs/null95/p/art
  15-22    18.15  0.883 |  2.40@1.66Hz null 2.87 p0.219 | 0.125/0.187/0.353/0.116 | 0.179/0.151/0.005/0.127 
  20-30    13.97  1.153 |  2.23@1.27Hz null 2.74 p0.353 | 0.149/0.180/0.239/0.085 | 0.189/0.188/0.050/0.116 
  22-26     8.75  0.792 |  2.31@1.27Hz null 3.17 p0.338 | 0.135/0.166/0.284/0.096 | 0.177/0.154/0.005/0.112 
  26-31     9.91  1.221 |  3.39@1.27Hz null 2.97 p0.030 | 0.141/0.197/0.289/0.115 | 0.192/0.157/0.005/0.146 
  32-38     5.59  0.822 |  2.52@0.49Hz null 2.78 p0.144 | 0.111/0.176/0.507/0.108 | 0.173/0.178/0.199/0.101 CTRL
  40-49     6.80  0.863 |  2.63@1.27Hz null 2.71 p0.075 | 0.140/0.158/0.264/0.124 | 0.147/0.152/0.169/0.128 
  cross-band envelope coh2 (one slow process would raise ALL of these): 15-22~20-30=0.496  15-22~22-26=0.255  15-22~26-31=0.485  15-22~32-38=0.354  15-22~40-49=0.353  20-30~22-26=0.397  20-30~26-31=0.695  20-30~32-38=0.305  20-30~40-49=0.300  22-26~26-31=0.372  22-26~32-38=0.227  22-26~40-49=0.221  26-31~32-38=0.274  26-31~40-49=0.266  32-38~40-49=0.302

================================================================================================================
ROUTE 85 (V100 4x)   ARM ENGAGED mid   3 episodes, 64.7 s, v=53.9 km/h (wheel orders 7.2 / 14.4 / 21.6 Hz)
================================================================================================================
  LF (0.25-3.0 Hz) presence: tq rms=315 prom=8.97@0.29Hz  rate_c rms=6.13 prom=7.54@0.29Hz  ang rms=2.74 prom=36.03@0.29Hz  e4tq rms=681 prom=18.28@0.29Hz
  band       env    mod | ENVELOPE LINE (prominence) | coh2(env, tq_LF) obs/null95/p/art  | coh2(env, rate_c) obs/null95/p/art
  15-22    76.00  0.904 |  1.96@0.29Hz null 2.85 p0.567 | 0.111/0.183/0.333/0.085 | 0.183/0.203/0.100/0.175 
  20-30    64.97  0.913 |  2.80@2.83Hz null 2.73 p0.055 | 0.153/0.254/0.731/0.098 | 0.176/0.208/0.159/0.131 
  22-26    49.64  0.862 |  1.84@0.29Hz null 2.80 p0.746 | 0.134/0.206/0.403/0.076 | 0.145/0.205/0.199/0.096 
  26-31    36.50  1.135 |  2.61@0.29Hz null 2.70 p0.080 | 0.111/0.243/0.741/0.069 | 0.255/0.298/0.085/0.154 
  32-38    16.68  0.887 |  2.34@2.83Hz null 2.98 p0.239 | 0.127/0.211/0.537/0.109 | 0.170/0.320/0.224/0.085 CTRL
  40-49    19.38  1.221 |  1.69@0.49Hz null 2.62 p0.891 | 0.079/0.218/0.542/0.133 | 0.130/0.397/0.219/0.135 
  cross-band envelope coh2 (one slow process would raise ALL of these): 15-22~20-30=0.297  15-22~22-26=0.211  15-22~26-31=0.240  15-22~32-38=0.232  15-22~40-49=0.205  20-30~22-26=0.392  20-30~26-31=0.389  20-30~32-38=0.293  20-30~40-49=0.268  22-26~26-31=0.240  22-26~32-38=0.195  22-26~40-49=0.153  26-31~32-38=0.363  26-31~40-49=0.330  32-38~40-49=0.288

================================================================================================================
ROUTE 85 (V100 4x)   ARM ENGAGED low   4 episodes, 116.9 s, v=21.0 km/h (wheel orders 2.8 / 5.6 / 8.4 Hz)
================================================================================================================
  LF (0.25-3.0 Hz) presence: tq rms=529 prom=3.85@0.29Hz  rate_c rms=25.8 prom=4.47@0.59Hz  ang rms=8.92 prom=13.44@0.29Hz  e4tq rms=1.1e+03 prom=11.96@0.29Hz
  band       env    mod | ENVELOPE LINE (prominence) | coh2(env, tq_LF) obs/null95/p/art  | coh2(env, rate_c) obs/null95/p/art
  15-22    69.88  0.918 |  2.39@0.29Hz null 2.28 p0.040 | 0.056/0.053/0.030/0.055 | 0.030/0.048/0.706/0.051 
  20-30    58.69  0.859 |  2.95@0.29Hz null 2.25 p0.005 | 0.057/0.073/0.199/0.054 | 0.057/0.065/0.134/0.038 
  22-26    28.83  1.011 |  3.44@0.29Hz null 2.20 p0.005 | 0.079/0.071/0.030/0.047 | 0.052/0.053/0.085/0.034 
  26-31    19.27  1.057 |  1.51@1.27Hz null 2.00 p0.771 | 0.045/0.072/0.682/0.058 | 0.036/0.070/0.856/0.063 
  32-38    11.30  1.343 |  2.06@0.49Hz null 2.23 p0.095 | 0.075/0.068/0.030/0.064 | 0.065/0.052/0.015/0.041 CTRL
  40-49    10.19  1.292 |  2.24@0.49Hz null 2.07 p0.030 | 0.085/0.062/0.010/0.063 | 0.078/0.067/0.015/0.062 
  cross-band envelope coh2 (one slow process would raise ALL of these): 15-22~20-30=0.291  15-22~22-26=0.096  15-22~26-31=0.148  15-22~32-38=0.163  15-22~40-49=0.147  20-30~22-26=0.234  20-30~26-31=0.241  20-30~32-38=0.147  20-30~40-49=0.178  22-26~26-31=0.125  22-26~32-38=0.090  22-26~40-49=0.120  26-31~32-38=0.385  26-31~40-49=0.342  32-38~40-49=0.486

================================================================================================================
ROUTE 85 (V100 4x)   ARM manual low   1 episodes, 37.6 s, v=4.3 km/h (wheel orders 0.6 / 1.1 / 1.7 Hz)
================================================================================================================
  LF (0.25-3.0 Hz) presence: tq rms=1.13e+03 prom=15.67@0.29Hz  rate_c rms=104 prom=14.92@0.29Hz  ang rms=49.8 prom=90.40@0.29Hz  e4tq rms=0.0164 prom=196.19@0.29Hz
  band       env    mod | ENVELOPE LINE (prominence) | coh2(env, tq_LF) obs/null95/p/art  | coh2(env, rate_c) obs/null95/p/art
  15-22    17.43  0.914 |  2.89@0.39Hz null 3.42 p0.139 | 0.202/0.191/0.030/0.198 | 0.185/0.208/0.303/0.139 
  20-30    13.76  0.776 |  1.94@0.88Hz null 2.99 p0.826 | 0.172/0.237/0.488/0.217 | 0.174/0.207/0.547/0.179 
  22-26     9.52  0.805 |  2.25@0.29Hz null 3.40 p0.587 | 0.182/0.288/0.632/0.209 | 0.210/0.244/0.149/0.167 
  26-31     8.47  0.822 |  2.45@0.29Hz null 3.43 p0.423 | 0.137/0.266/0.736/0.251 | 0.189/0.204/0.209/0.238 
  32-38     5.41  0.941 |  2.97@0.49Hz null 3.32 p0.119 | 0.208/0.274/0.264/0.199 | 0.163/0.237/0.766/0.173 CTRL
  40-49     4.63  1.098 |  5.49@0.49Hz null 3.32 p0.005 | 0.138/0.237/0.866/0.230 | 0.171/0.221/0.244/0.189 
  cross-band envelope coh2 (one slow process would raise ALL of these): 15-22~20-30=0.367  15-22~22-26=0.295  15-22~26-31=0.198  15-22~32-38=0.182  15-22~40-49=0.275  20-30~22-26=0.465  20-30~26-31=0.353  20-30~32-38=0.235  20-30~40-49=0.361  22-26~26-31=0.208  22-26~32-38=0.215  22-26~40-49=0.277  26-31~32-38=0.245  26-31~40-49=0.303  32-38~40-49=0.223

wrote C:\Users\dudei\Desktop\Projects\accord-eps-torque-mod\rlog-tools\_hf_lf_coupling.json
