==========================================================================================================================
1.  THE RELOCATION TEST -- PEAK of the 18-30 Hz band, FULL LADDER, with CIs.
    ⭐ Last column is `|H_V105|` at THAT build's own peak: the frequency-relocation
       discriminator.  A limit cycle sliding out of the notch makes it RISE.
==========================================================================================================================

  engaged < 16 km/h  (the operator's grinding window)
         build   eps   peak Hz         peak 95 % CI    peak PSD   18-30 RMS          RMS 95 % CI |H_V105| @pk
      STOCK 1x     7     18.23       [18.23, 23.73]       0.018      0.2638       [0.193, 0.352]       0.7292
       V100 4x     3     19.98       [19.98, 20.98]       6.014      3.2016       [0.927, 3.852]       0.5911
       V102 6x     6     21.98       [21.48, 21.98]     151.847     11.6900      [6.767, 14.961]       0.3878
       V103 6x     3     21.73       [20.73, 21.73]     165.156     11.6887      [5.490, 16.464]       0.4152
       V104 6x     9     22.73       [22.48, 22.98]      51.356      8.2173      [6.439, 10.289]       0.3039
       V101 8x     3     22.98       [21.73, 25.47]      68.549     11.2393      [3.155, 12.911]       0.2756
 V105 6x+NOTCH     6     20.48       [20.23, 21.98]      17.478      6.3107       [4.990, 8.777]       0.5442

  engaged 40-95 km/h  (highway)
         build   eps   peak Hz         peak 95 % CI    peak PSD   18-30 RMS          RMS 95 % CI |H_V105| @pk
      STOCK 1x    13     18.98       [18.73, 28.72]       0.051      0.6794       [0.537, 0.813]       0.6752
       V100 4x     3     21.48       [21.48, 23.98]       1.867      3.3042       [0.948, 3.700]       0.4421
       V102 6x    10     24.73       [23.23, 24.73]      13.817      5.6058       [3.758, 7.327]       0.0807
       V103 6x     6     24.23       [23.98, 25.22]      13.565      6.1108       [5.053, 6.888]       0.1351
       V104 6x    13     26.47       [26.22, 27.22]      49.047      8.8631      [4.796, 12.042]       0.0936
       V101 8x     2   -- fewer than 3 episodes --
 V105 6x+NOTCH    10     26.97       [26.97, 27.47]      79.100      9.5674      [4.720, 12.861]       0.1379

  engaged 55-70 km/h  (SPEED-MATCHED highway)
         build   eps   peak Hz         peak 95 % CI    peak PSD   18-30 RMS          RMS 95 % CI |H_V105| @pk
      STOCK 1x     8     18.98       [18.98, 26.72]       0.029      0.4170       [0.299, 0.485]       0.6752
       V100 4x     2   -- fewer than 3 episodes --
       V102 6x     5     24.48       [23.48, 24.48]      11.166      4.6471       [1.240, 7.406]       0.1077
       V103 6x     5     25.22       [23.73, 25.22]      19.579      6.7561       [2.961, 9.049]       0.0281
       V104 6x     4     25.97       [24.97, 26.97]       7.741      3.8750       [0.517, 5.830]       0.0467
       V101 8x     2   -- fewer than 3 episodes --
 V105 6x+NOTCH     4     27.47       [26.97, 27.72]      11.424      5.2271       [3.352, 6.889]       0.1795

  V105 / V104, 18-30 Hz band RMS, episode bootstrap:
     engaged < 16 km/h  (the operator's grinding window)  RMS ratio 0.769 [0.548, 1.135]   peak SHIFT -2.25 Hz [-2.50, -0.50]
     engaged 40-95 km/h  (highway)                        RMS ratio 1.072 [0.478, 2.159]   peak SHIFT +0.50 Hz [-0.25, +1.00]
     engaged 55-70 km/h  (SPEED-MATCHED highway)          RMS ratio 1.364 [0.751, 10.968]   peak SHIFT +1.50 Hz [+0.50, +2.50]

==========================================================================================================================
2.  WHERE THE BAND'S POWER ACTUALLY SITS -- sub-band decomposition of 18-30 Hz.
    This is the number that says whether a 25.5 Hz notch could ever have mattered.
==========================================================================================================================

  engaged < 16 km/h  (the operator's grinding window)
         build       18-21       21-23     23-24.5   24.5-26.5     26.5-28       28-30 frac in notch
      STOCK 1x      0.1536      0.1199      0.0843      0.0865      0.0910      0.0937        0.1075
       V100 4x      2.6531      1.4757      0.6919      0.3790      0.4647      0.4422        0.0140
       V102 6x      3.6863     10.9527      1.5047      0.6738      0.3740      0.4975        0.0033
       V103 6x      4.9695     10.4152      1.4321      0.8452      0.6552      0.5103        0.0052
       V104 6x      2.5945      7.1324      2.8078      0.9112      0.7605      0.7937        0.0123
       V101 8x      3.7681      7.2203      6.6140      3.0824      1.9026      1.7676        0.0752
 V105 6x+NOTCH      4.1950      4.0987      1.7140      1.0597      0.7763      0.8746        0.0282

  engaged 40-95 km/h  (highway)
         build       18-21       21-23     23-24.5   24.5-26.5     26.5-28       28-30 frac in notch
      STOCK 1x      0.3534      0.2849      0.2385      0.2776      0.2421      0.2509        0.1669
       V100 4x      1.4879      1.7125      1.3511      1.4222      1.0459      0.9106        0.1853
       V102 6x      1.3843      1.9450      3.2743      3.6599      1.1277      0.5811        0.4263
       V103 6x      1.2642      1.9219      3.9388      3.7479      1.4046      0.7182        0.3762
       V104 6x      1.5276      2.0268      1.8372      5.7435      5.7414      1.6690        0.4199
 V105 6x+NOTCH      1.8906      1.7228      1.5350      3.1615      8.2669      2.0735        0.1092

  engaged 55-70 km/h  (SPEED-MATCHED highway)
         build       18-21       21-23     23-24.5   24.5-26.5     26.5-28       28-30 frac in notch
      STOCK 1x      0.2336      0.1555      0.1678      0.1575      0.1526      0.1375        0.1426
       V102 6x      0.5019      1.3415      3.3879      2.6971      0.7971      0.3954        0.3368
       V103 6x      1.3615      2.1058      4.4020      4.1681      1.4212      0.7652        0.3806
       V104 6x      0.3830      0.5254      1.3048      3.2610      1.3203      0.7161        0.7082
 V105 6x+NOTCH      1.1549      1.3612      1.2530      2.6020      3.6439      1.5867        0.2478
  'frac in notch' = share of 18-30 Hz POWER inside the notch's own -20 dB region
  (24.5-26.5 Hz).  🛑 A notch can only remove what is inside its stopband.

==========================================================================================================================
3.  IS THE NOTCH'S OWN SHAPE STAMPED ON THE MEASURED SPECTRUM?
    Test: the measured V105/V104 AMPLITUDE ratio against the two images' own |H5|/|H4|.
    If the lane dominated the wheel spectrum, they would coincide.
==========================================================================================================================

  engaged < 16 km/h  (the operator's grinding window)
      Hz     measured    predicted    meas/pred
   19.23       2.2631       0.3985       5.6791
   19.48       1.9532       0.3873       5.0428
   19.73       1.6525       0.3756       4.3999
   19.98       1.3474       0.3633       3.7090
   20.23       1.6939       0.3504       4.8342
   20.48       1.8434       0.3370       5.4707
   20.73       1.4358       0.3230       4.4451
   20.98       1.2297       0.3085       3.9857
   21.23       1.1276       0.2936       3.8411
   21.48       0.9195       0.2781       3.3059
   21.73       1.0641       0.2623       4.0574
   21.98       1.0069       0.2460       4.0927
   22.23       0.6529       0.2294       2.8459
   22.48       0.4104       0.2125       1.9310
   22.73       0.3051       0.1954       1.5616
   22.98       0.2101       0.1780       1.1807
   23.23       0.3175       0.1604       1.9794
   23.48       0.8747       0.1427       6.1286
   23.73       0.8675       0.1250       6.9416
   23.98       0.8915       0.1072       8.3190
   24.23       0.7924       0.0894       8.8654
   24.48       0.8771       0.0716      12.2452
   24.73       1.2762       0.0540      23.6503
   24.97       0.9265       0.0364      25.4487
   25.22       1.1755       0.0190      61.8728
   25.47       1.4926       0.0018     847.0281   <- 25.5 Hz, the notch centre
   25.72       1.3902       0.0153      90.9812
   25.97       1.1601       0.0321      36.1309
   26.22       1.0727       0.0487      22.0236
   26.47       0.9179       0.0651      14.1082
   26.72       0.9674       0.0812      11.9203
   26.97       1.0824       0.0970      11.1595
   27.22       1.0709       0.1126       9.5133
   27.47       0.9390       0.1279       7.3427
   27.72       0.9037       0.1429       6.3234
   27.97       1.1776       0.1577       7.4676
   28.22       1.4752       0.1722       8.5664
   28.47       0.9521       0.1865       5.1062
   28.72       1.2502       0.2005       6.2359
   28.97       0.9985       0.2143       4.6604
   29.22       1.0799       0.2278       4.7407
   29.47       1.1963       0.2411       4.9615
   29.72       0.9114       0.2542       3.5850
   29.97       0.9473       0.2672       3.5460
  measured ratio: global min at 22.98 Hz (0.2101);  min inside 24.5-26.5 = 0.9179 at 26.47 Hz
  predicted ratio min: 0.001762 at 25.47 Hz

  engaged 55-70 km/h  (SPEED-MATCHED highway)
      Hz     measured    predicted    meas/pred
   19.23       2.2893       0.3985       5.7449
   19.48       2.0467       0.3873       5.2842
   19.73       2.2606       0.3756       6.0189
   19.98       3.1394       0.3633       8.6420
   20.23       2.9839       0.3504       8.5157
   20.48       2.8604       0.3370       8.4886
   20.73       3.6256       0.3230      11.2245
   20.98       5.2657       0.3085      17.0672
   21.23       4.6642       0.2936      15.8885
   21.48       3.3152       0.2781      11.9196
   21.73       3.1117       0.2623      11.8644
   21.98       2.5665       0.2460      10.4320
   22.23       2.3529       0.2294      10.2555
   22.48       2.3643       0.2125      11.1250
   22.73       2.3687       0.1954      12.1252
   22.98       1.7683       0.1780       9.9359
   23.23       1.7211       0.1604      10.7292
   23.48       1.7654       0.1427      12.3690
   23.73       1.3952       0.1250      11.1648
   23.98       1.2956       0.1072      12.0889
   24.23       0.8294       0.0894       9.2793
   24.48       0.6256       0.0716       8.7347
   24.73       0.6302       0.0540      11.6795
   24.97       0.6245       0.0364      17.1527
   25.22       0.6667       0.0190      35.0890
   25.47       0.6362       0.0018     361.0484   <- 25.5 Hz, the notch centre
   25.72       0.7308       0.0153      47.8244
   25.97       0.7873       0.0321      24.5189
   26.22       0.9265       0.0487      19.0232
   26.47       1.3853       0.0651      21.2926
   26.72       2.1415       0.0812      26.3863
   26.97       3.6285       0.0970      37.4080
   27.22       3.2407       0.1126      28.7882
   27.47       3.0155       0.1279      23.5816
   27.72       2.6437       0.1429      18.4984
   27.97       2.4652       0.1577      15.6332
   28.22       2.2001       0.1722      12.7757
   28.47       2.0717       0.1865      11.1101
   28.72       1.9347       0.2005       9.6503
   28.97       2.4525       0.2143      11.4467
   29.22       4.2764       0.2278      18.7728
   29.47       2.5807       0.2411      10.7028
   29.72       2.3558       0.2542       9.2663
   29.97       2.3246       0.2672       8.7013
  measured ratio: global min at 24.97 Hz (0.6245);  min inside 24.5-26.5 = 0.6245 at 24.97 Hz
  predicted ratio min: 0.001762 at 25.47 Hz

==========================================================================================================================
4.  THE 6-9 Hz RATCHET-BAND BLAST-RADIUS CHECK.
    🛑 |H_V104|(7.79) = 1.81845  ->  |H_V105|(7.79) = 0.98628  =  **0.5424x**, NOT 1.4 %.
    V105 REVERTS V104's 1.85x lane boost at 6-9 Hz.  The band is NOT protected by
    construction, so a move here is EXPECTED, not a blast-radius surprise.
==========================================================================================================================

  engaged < 16 km/h
         build   eps   6-9 Hz RMS                95 % CI      x STOCK
      STOCK 1x     7       0.4611       [0.2648, 0.6645]        1.00x
       V100 4x     3       3.6317       [0.5650, 4.4146]        7.88x
       V102 6x     6       1.5138       [0.9988, 1.9768]        3.28x
       V103 6x     3       2.5801       [2.0015, 2.7419]        5.60x
       V104 6x     9       1.8072       [1.0517, 2.3474]        3.92x
       V101 8x     3       4.5272       [1.1112, 5.7500]        9.82x
 V105 6x+NOTCH     6       4.1129       [2.3408, 4.7527]        8.92x
     ⇒ V105/V104 6-9 Hz = **2.238**  [1.152, 4.369]  (episode boot)
       within-drive random-split null, V104 6x      [0.296, 3.081]  =>  measured is INSIDE (unchanged)
       within-drive random-split null, V105 6x+NOTCH [0.313, 3.193]  =>  measured is INSIDE (unchanged)

  engaged 40-95 km/h
         build   eps   6-9 Hz RMS                95 % CI      x STOCK
      STOCK 1x    13       0.3778       [0.3195, 0.4342]        1.00x
       V100 4x     3       1.3771       [0.3350, 1.5473]        3.65x
       V102 6x    10       0.8830       [0.5674, 1.1528]        2.34x
       V103 6x     6       1.2100       [0.9364, 1.9744]        3.20x
       V104 6x    13       1.4106       [0.7903, 1.8492]        3.73x
 V105 6x+NOTCH    10       1.1983       [0.5851, 1.6096]        3.17x
     ⇒ V105/V104 6-9 Hz = **0.827**  [0.380, 1.631]  (episode boot)
       within-drive random-split null, V104 6x      [0.376, 2.416]  =>  measured is INSIDE (unchanged)
       within-drive random-split null, V105 6x+NOTCH [0.363, 2.755]  =>  measured is INSIDE (unchanged)

wrote _ra5_relocation.json
