======================================================================================================================
A.  ABSOLUTE SPECTRA, NOT RATIOS -- 18-33 Hz, 0.25 Hz bins, engaged, per window.
    A ratio of 0.04 at 23 Hz can mean 'V105 removed it' or 'V104 had a peak there'.
======================================================================================================================

  engaged < 16 km/h
       Hz   STOCK 1x    V102 6x    V103 6x    V104 6x V105 NOTCH
    18.23     0.0179     0.4849     1.8086     0.2346     0.9009
    18.48     0.0089     0.3862     0.8563     0.2715     1.4683
    18.73     0.0074     0.6916     1.6001     0.3705     1.8395
    18.98     0.0066     1.1677     2.1170     0.4361     2.0073
    19.23     0.0074     0.9261     3.1569     0.6811     3.4884
    19.48     0.0061     0.9028     4.4218     0.9915     3.7826
    19.73     0.0057     0.6980     2.7233     1.5075     4.1168
    19.98     0.0055     0.5000     8.1901     3.0730     5.5789
    20.23     0.0060     1.8576    10.8160     4.0951    11.7498
    20.48     0.0100     4.7934     7.5647     5.1433    17.4785
    20.73     0.0078    13.5406    16.6294     4.9211    10.1451
    20.98     0.0050    28.4602    39.0003     5.2279     7.9054
    21.23     0.0111    26.7783    73.2707     7.5801     9.6378
    21.48     0.0089    73.7935   127.9799     8.0306     6.7892
    21.73     0.0077    93.4975   165.1561     8.8892    10.0659
    21.98     0.0079   151.8469    45.5644    14.5071    14.7079
    22.23     0.0067    89.8612    12.0669    28.9944    12.3601
    22.48     0.0036    22.4459     5.1719    41.8488     7.0479
    22.73     0.0058    14.8538     3.0569    51.3561     4.7793
    22.98     0.0059     7.2566     2.0731    42.4809     1.8758
    23.23     0.0068     2.6840     2.0221    18.2256     1.8375
    23.48     0.0058     1.7107     1.6507     4.0863     3.1267
    23.73     0.0067     1.0063     1.2344     3.4057     2.5628
    23.98     0.0032     1.2190     1.2108     2.2300     1.7725
    24.23     0.0021     1.6001     1.2550     2.2615     1.4198
    24.48     0.0039     0.8452     0.8384     1.3571     1.0441
    24.73     0.0027     0.4459     0.6181     0.5492     0.8945
    24.97     0.0056     0.2236     0.2915     0.5811     0.4988
    25.22     0.0040     0.1319     0.2780     0.4795     0.6626
    25.47     0.0032     0.2727     0.2695     0.2802     0.6242
    25.72     0.0056     0.3734     0.3418     0.2957     0.5715
    25.97     0.0045     0.1921     0.4557     0.3300     0.4441
    26.22     0.0025     0.1068     0.3482     0.3881     0.4466
    26.47     0.0018     0.0716     0.2573     0.4204     0.3542
    26.72     0.0032     0.1030     0.3111     0.4121     0.3857
    26.97     0.0037     0.0540     0.3522     0.3526     0.4131
    27.22     0.0047     0.1069     0.2347     0.3123     0.3582
    27.47     0.0072     0.1005     0.2377     0.4029     0.3552
    27.72     0.0077     0.0867     0.3066     0.4528     0.3698
    27.97     0.0067     0.1091     0.2764     0.3829     0.5310
    28.22     0.0068     0.1341     0.1507     0.2415     0.5256
    28.47     0.0035     0.1252     0.1405     0.3006     0.2725
    28.72     0.0024     0.1403     0.1351     0.2530     0.3954
    28.97     0.0036     0.1467     0.1433     0.3228     0.3219
    29.22     0.0030     0.1625     0.0961     0.3587     0.4183
    29.47     0.0029     0.1421     0.1352     0.4030     0.5767
    29.72     0.0053     0.0894     0.1056     0.3666     0.3046
    29.97     0.0076     0.0508     0.1364     0.2762     0.2479
    30.22     0.0035     0.0642     0.1097     0.2891     0.1987
    30.47     0.0027     0.0390     0.0807     0.2742     0.1469
    30.72     0.0028     0.0428     0.1935     0.2581     0.2146
    30.97     0.0011     0.0661     0.2204     0.1646     0.2054
    31.22     0.0011     0.0623     0.1808     0.2078     0.3275
    31.47     0.0023     0.0549     0.1776     0.2330     0.3214
    31.72     0.0058     0.0720     0.1673     0.1659     0.3606
    31.97     0.0068     0.0485     0.1642     0.1489     0.2719
    32.22     0.0020     0.0629     0.0858     0.1246     0.1731
    32.47     0.0018     0.0688     0.1252     0.1573     0.1272
    32.72     0.0034     0.0660     0.1065     0.2413     0.1770
    32.97     0.0034     0.0591     0.0936     0.1462     0.2337
  PSD of `rate_f`, (deg/s)^2/Hz.  PEAK of each build in 18-33 Hz:
     STOCK 1x    peak  18.23 Hz  PSD     0.0179   band RMS 21-28   0.1930  24.5-26.5   0.0865
     V102 6x     peak  21.98 Hz  PSD   151.8469   band RMS 21-28  11.0824  24.5-26.5   0.6738
     V103 6x     peak  21.73 Hz  PSD   165.1561   band RMS 21-28  10.5674  24.5-26.5   0.8452
     V104 6x     peak  22.73 Hz  PSD    51.3561   band RMS 21-28   7.7565  24.5-26.5   0.9112
     V105 NOTCH  peak  20.48 Hz  PSD    17.4785   band RMS 21-28   4.6328  24.5-26.5   1.0597

  engaged 40-95 km/h
       Hz   STOCK 1x    V102 6x    V103 6x    V104 6x V105 NOTCH
    18.23     0.0444     0.0971     0.2760     0.3355     0.6433
    18.48     0.0383     0.1101     0.2914     0.3081     0.7667
    18.73     0.0470     0.1536     0.2785     0.3324     0.6506
    18.98     0.0513     0.2363     0.2244     0.3940     0.6460
    19.23     0.0450     0.4291     0.2877     0.5045     0.6300
    19.48     0.0454     0.5291     0.4155     0.7084     0.9695
    19.73     0.0430     0.6256     0.4810     0.7482     1.4413
    19.98     0.0364     0.7954     0.5875     0.9963     1.6079
    20.23     0.0343     1.1071     0.7630     1.0362     1.8775
    20.48     0.0416     1.1398     0.7444     1.1276     1.5786
    20.73     0.0398     1.1514     0.9800     1.3597     1.5862
    20.98     0.0336     1.2988     1.0704     1.4927     1.9142
    21.23     0.0404     1.5486     0.9371     1.4897     1.5525
    21.48     0.0449     1.3657     1.4479     1.9668     1.6358
    21.73     0.0437     1.1891     1.0152     2.5511     1.6097
    21.98     0.0449     1.0761     1.5216     2.3879     1.3572
    22.23     0.0403     1.7669     1.4429     2.4741     1.4460
    22.48     0.0341     2.4878     1.9252     2.0228     1.2719
    22.73     0.0370     2.4289     2.6177     1.7153     1.4634
    22.98     0.0399     3.2844     3.8827     1.8413     1.5474
    23.23     0.0405     4.4184     4.8184     2.1232     1.3800
    23.48     0.0352     4.2461     7.5439     1.6694     1.4059
    23.73     0.0396     5.4816    11.5935     2.1113     1.3270
    23.98     0.0449     6.8163    12.7451     2.2055     1.6270
    24.23     0.0311     9.8388    13.5655     2.5868     1.8510
    24.48     0.0366    12.1260    11.8539     2.8188     1.8437
    24.73     0.0453    13.8166    10.7699     3.1367     2.1476
    24.97     0.0365    12.3526    11.4856     3.6774     2.3082
    25.22     0.0331     9.6261    12.8242     4.6189     2.6795
    25.47     0.0356     5.1115     7.7348     5.5601     3.2901
    25.72     0.0330     4.7986     4.6156     9.0899     4.3553
    25.97     0.0417     3.8040     3.8919    18.6647     5.9543
    26.22     0.0403     2.1095     2.7414    38.2908     7.3143
    26.47     0.0430     2.0149     2.1807    49.0465    11.9703
    26.72     0.0298     1.3925     2.2545    48.6767    44.1292
    26.97     0.0315     1.0043     1.9098    34.0741    79.0997
    27.22     0.0395     0.9288     1.6414    25.8478    59.6940
    27.47     0.0483     0.8166     0.9416    12.9050    36.7635
    27.72     0.0459     0.5255     0.6344     6.2887    31.6800
    27.97     0.0399     0.4245     0.5183     4.1971    22.2763
    28.22     0.0353     0.3690     0.4818     2.5307     8.4176
    28.47     0.0458     0.2085     0.4158     1.9746     3.5367
    28.72     0.0443     0.1978     0.2731     1.6071     1.7362
    28.97     0.0396     0.1551     0.1872     1.0478     1.0845
    29.22     0.0287     0.1460     0.2314     1.1116     0.8125
    29.47     0.0212     0.1279     0.1923     1.1252     0.6679
    29.72     0.0210     0.0854     0.1534     1.0351     0.5921
    29.97     0.0159     0.0624     0.1304     0.7214     0.3678
    30.22     0.0161     0.0703     0.1280     0.4871     0.2602
    30.47     0.0197     0.0650     0.1157     0.3788     0.2237
    30.72     0.0199     0.0657     0.0919     0.3030     0.2269
    30.97     0.0163     0.0656     0.0995     0.3066     0.2600
    31.22     0.0154     0.0588     0.0883     0.2474     0.2096
    31.47     0.0137     0.0470     0.0590     0.1977     0.1501
    31.72     0.0134     0.0382     0.0454     0.1620     0.1435
    31.97     0.0112     0.0405     0.0362     0.1350     0.1235
    32.22     0.0119     0.0485     0.0353     0.1080     0.1187
    32.47     0.0119     0.0513     0.0461     0.0833     0.1537
    32.72     0.0097     0.0352     0.0410     0.0885     0.1607
    32.97     0.0085     0.0266     0.0414     0.0764     0.1137
  PSD of `rate_f`, (deg/s)^2/Hz.  PEAK of each build in 18-33 Hz:
     STOCK 1x    peak  18.98 Hz  PSD     0.0513   band RMS 21-28   0.5232  24.5-26.5   0.2776
     V102 6x     peak  24.73 Hz  PSD    13.8166   band RMS 21-28   5.4010  24.5-26.5   3.6599
     V103 6x     peak  24.23 Hz  PSD    13.5655   band RMS 21-28   5.9353  24.5-26.5   3.7479
     V104 6x     peak  26.47 Hz  PSD    49.0465   band RMS 21-28   8.5695  24.5-26.5   5.7435
     V105 NOTCH  peak  26.97 Hz  PSD    79.0997   band RMS 21-28   9.1466  24.5-26.5   3.1615

======================================================================================================================
B/C.  THE HEADLINE STRATUM (15-40 deg/s, engaged < 16 km/h): WITHIN-STRATUM SPLIT-HALF
      NULL and EXPOSURE MATCH.  Both must pass before 'V105/V104 = 0.343' is quotable.
======================================================================================================================
       build   runs      sec | rate p10 rate p50 rate p90 |    v p10    v p50    v p90
    STOCK 1x      4      4.0 |     16.0     25.0     35.0 |     5.00     8.44    10.37
     V102 6x     14     15.2 |     16.0     25.0     36.0 |     3.44     7.88    13.62
     V103 6x     10     22.1 |     17.0     26.0     37.0 |     3.44     7.52    13.18
     V104 6x     17     25.5 |     16.0     24.0     36.0 |     3.19     8.53    14.51
  V105 NOTCH     13     21.1 |     16.0     23.0     35.0 |     4.25     7.49    12.91

  SPLIT-HALF NULL inside the stratum (runs ordered in time, ODD vs EVEN):
       build     half A     half B            A/B
    STOCK 1x        nan      0.916            nan
     V102 6x     28.190     23.929          1.178
     V103 6x     10.814     31.337          0.345
     V104 6x     17.970     25.312          0.710
  V105 NOTCH      7.870      5.560          1.416

======================================================================================================================
D.  PLACEBO-CORRECTED PRIMARY, JOINT EPISODE BOOTSTRAP (both bands from the SAME
    resampled episodes, so the correction carries its own uncertainty).
======================================================================================================================
  15-40 deg/s, engaged < 16 km/h, V105 / V104:
     21-28 Hz RAW        0.332  [0.164, 0.481]
     32-45 Hz PLACEBO    0.726  [0.503, 0.939]
     ⇒ CORRECTED         0.454  [0.300, 0.592]
     (bootstrap medians; the point estimates from the direct computation are
      0.343 raw / 0.734 placebo / 0.468 corrected)

======================================================================================================================
E.  🛑 WHEEL ORDER AT THE HIGHWAY -- the confound the < 16 km/h window does not have.
======================================================================================================================
  order 2 = 0.962 * v(m/s) Hz,  order 3 = 1.442 * v(m/s) Hz  [`accord-v57-confirms-...`]
       build      sec |    v p10    v p50    v p90 |   ord2 p10-p90   ord3 p10-p90
    STOCK 1x    383.5 |    42.90    63.51    85.73 |      11.5-22.9      17.2-34.3
     V102 6x    188.0 |    45.28    59.17    87.98 |      12.1-23.5      18.1-35.2
     V103 6x    219.2 |    43.30    68.13    90.43 |      11.6-24.2      17.3-36.2
     V104 6x    311.4 |    46.76    56.73    84.17 |      12.5-22.5      18.7-33.7
  V105 NOTCH    251.3 |    44.42    62.48    89.84 |      11.9-24.0      17.8-36.0
  🛑 If ord2 or ord3 lands inside 24.5-26.5 Hz for one build and inside 20-23 / 29-33 for
     another, the highway CORE:SHOULDER contrast is a SPEED artifact, not a notch.

  E2. SPEED-MATCHED HIGHWAY RE-RUN -- 55-70 km/h only, where a4 and a5 both have
      exposure.  Orders 2/3 then span a NARROW, common range on both builds.
       build episodes        sec       CORE P   SHOULDER P   core/shldr
    STOCK 1x        8       77.8       0.0248       0.0604       1.4360
     V102 6x        5       70.4       7.2744       2.0219      12.5924
     V103 6x        5       77.1      17.3733       5.7919      10.4986
     V104 6x        4       33.2      10.6341       0.4405      84.5022
  V105 NOTCH        4       99.0       6.7703       3.3865       6.9972
    ⇒ SPEED-MATCHED (55-70 km/h) V105/V104 CORE:SHOULDER = 0.083  [0.042, 3.859]

    fine-grain V105/V104 ratio, 55-70 km/h, 18-33 Hz:
      18.23: 9.285  18.48:14.792  18.73: 5.758  18.98: 4.068  19.23: 5.241  19.48: 4.189
      19.73: 5.111  19.98: 9.856  20.23: 8.904  20.48: 8.182  20.73:13.145  20.98:27.727
      21.23:21.754  21.48:10.990  21.73: 9.683  21.98: 6.587  22.23: 5.536  22.48: 5.590
      22.73: 5.611  22.98: 3.127  23.23: 2.962  23.48: 3.117  23.73: 1.947  23.98: 1.679
      24.23: 0.688  24.48: 0.391  24.73: 0.397  24.97: 0.390  25.22: 0.444  25.47: 0.405
      25.72: 0.534  25.97: 0.620  26.22: 0.858  26.47: 1.919  26.72: 4.586  26.97:13.166
      27.22:10.502  27.47: 9.093  27.72: 6.989  27.97: 6.077  28.22: 4.840  28.47: 4.292
      28.72: 3.743  28.97: 6.015  29.22:18.287  29.47: 6.660  29.72: 5.550  29.97: 5.404
      30.22: 6.670  30.47: 6.704  30.72: 4.342  30.97: 8.666  31.22: 8.935  31.47: 7.275
      31.72: 4.618  31.97: 6.723  32.22: 4.719  32.47: 4.177  32.72: 5.141  32.97: 5.442

======================================================================================================================
F.  THE CORPUS ORDERING -- headline cell (15-40 deg/s, engaged < 16 km/h), all builds.
======================================================================================================================
       build        sec   21-28 in-b   32-45 in-b ratio to STOCK
    STOCK 1x        4.0        0.916        0.764         1.0x
     V102 6x       15.2       26.767        2.745        29.2x
     V103 6x       22.1       27.201        2.739        29.7x
     V104 6x       25.5       21.074        1.970        23.0x
  V105 NOTCH       21.1        7.239        1.447         7.9x

wrote _ra5_adjudicate.json
