======================================================================================================================
N1/N2.  PEAK FREQUENCY WITH AN EPISODE-BOOTSTRAP CI -- pooled, then RATE-MATCHED.
        A 0.25 Hz bin shift is noise.  A shift whose CI excludes the other build's
        peak is a moved pole.
======================================================================================================================

  engaged < 16 km/h, ALL rates
       build    eps    peak Hz 95 % CI (episode boot)     peak PSD
    STOCK 1x      7      18.23         [18.23, 23.73]       0.0179
     V102 6x      6      21.98         [21.48, 21.98]     151.8469
     V103 6x      3      21.73         [20.73, 21.73]     165.1561
     V104 6x      9      22.73         [22.48, 22.98]      51.3561
  V105 NOTCH      6      20.48         [20.23, 21.98]      17.4785

  engaged < 16 km/h, RATE-MATCHED 15-40 deg/s
       build    eps    peak Hz 95 % CI (episode boot)     peak PSD
    STOCK 1x      2   -- fewer than 3 episodes, no CI --
     V102 6x      2   -- fewer than 3 episodes, no CI --
     V103 6x      3      21.73         [20.73, 21.73]     269.4320
     V104 6x      5      22.73         [22.23, 22.73]     111.9414
  V105 NOTCH      5      20.48         [20.23, 21.98]      22.0074

  engaged 40-95 km/h
       build    eps    peak Hz 95 % CI (episode boot)     peak PSD
    STOCK 1x     13      18.98         [18.73, 28.72]       0.0513
     V102 6x     10      24.73         [23.48, 24.73]      13.8166
     V103 6x      6      24.23         [23.98, 25.22]      13.5655
     V104 6x     13      26.47         [26.22, 27.22]      49.0465
  V105 NOTCH     10      26.97         [26.97, 27.47]      79.0997

  engaged 55-70 km/h (SPEED-MATCHED)
       build    eps    peak Hz 95 % CI (episode boot)     peak PSD
    STOCK 1x      8      18.98         [18.98, 26.72]       0.0294
     V102 6x      5      24.48         [23.48, 24.48]      11.1660
     V103 6x      5      25.22         [23.73, 25.22]      19.5792
     V104 6x      4      25.97         [24.97, 26.97]       7.7413
  V105 NOTCH      4      27.47         [26.97, 27.72]      11.4243

======================================================================================================================
N3.  🛑 THE WITHIN-DRIVE RANDOM-SPLIT NULL for the headline statistic
     (21-28 Hz in-burst median envelope, engaged < 16 km/h, 15-40 deg/s).
     2000 random splits of each drive's OWN episodes into two halves.  The cross-build
     ratio must sit OUTSIDE this null to be quotable.
======================================================================================================================
       build    eps   random-split ratio 95 % null     null half-width (log2)
    STOCK 1x      4   -- fewer than 6 episodes, no null --
     V102 6x     14                 [0.587, 1.658]                      0.749
     V103 6x     10                 [0.431, 2.319]                      1.213
     V104 6x     17                 [0.610, 1.644]                      0.715
  V105 NOTCH     13                 [0.393, 2.463]                      1.325

  MEASURED CROSS-BUILD RATIO V105/V104 in this cell:  21-28 Hz **0.343**   32-45 Hz 0.734
                                        placebo-corrected **0.468**
  Widest within-drive null bound below 1.00 across all builds: 0.393
     vs V102 6x     null [0.587, 1.658]  =>  measured 0.343 is OUTSIDE
     vs V103 6x     null [0.431, 2.319]  =>  measured 0.343 is OUTSIDE
     vs V104 6x     null [0.610, 1.644]  =>  measured 0.343 is OUTSIDE
     vs V105 NOTCH  null [0.393, 2.463]  =>  measured 0.343 is OUTSIDE

======================================================================================================================
N4.  SPEED-MATCHED HIGHWAY (55-70 km/h) -- ABSOLUTE spectra, 22-30 Hz.
     The ratio there is contaminated by a moving peak; only absolutes say who is louder.
======================================================================================================================
     Hz    STOCK 1x     V102 6x     V103 6x     V104 6x  V105 NOTCH
  22.23      0.0115      0.5113      1.8069      0.1605      0.8887
  22.48      0.0083      0.9676      2.2580      0.1361      0.7608
  22.73      0.0086      1.7810      2.8658      0.1590      0.8921
  22.98      0.0101      3.0684      4.7263      0.2647      0.8277
  23.23      0.0161      4.6345      6.9861      0.2027      0.6005
  23.48      0.0198      6.2829      9.6030      0.2884      0.8990
  23.73      0.0189      7.0830     14.3161      0.5289      1.0297
  23.98      0.0166      5.9482     15.9481      0.7292      1.2240
  24.23      0.0217     10.8438     15.4389      1.8554      1.2762
  24.48      0.0197     11.1660     15.2981      3.2119      1.2572
  24.73      0.0151      3.9535     12.7555      3.9074      1.5520
  24.97      0.0139      3.4755     14.8710      4.6464      1.8120
  25.22      0.0124      8.4017     19.5792      4.3908      1.9514
  25.47      0.0078      4.3137      9.8094      5.5946      2.2645
  25.72      0.0090      4.8200      5.9747      7.7290      4.1274
  25.97      0.0101      2.5030      3.2614      7.7413      4.7978
  26.22      0.0140      0.6253      1.9538      5.5082      4.7286
  26.47      0.0169      1.0341      1.3585      3.0615      5.8749
  26.72      0.0202      0.6817      1.9477      1.5800      7.2458
  26.97      0.0169      0.2595      1.5586      0.6796      8.9471
  27.22      0.0147      0.6295      1.9622      0.7097      7.4534
  27.47      0.0151      0.4313      1.4465      1.2563     11.4243
  27.72      0.0146      0.3099      0.6797      1.4889     10.4065
  27.97      0.0117      0.2317      0.4925      1.2652      7.6887
  28.22      0.0099      0.1713      0.4268      0.8831      4.2743
  28.47      0.0088      0.0950      0.4889      0.5250      2.2533
  28.72      0.0096      0.1015      0.3530      0.3078      1.1521
  28.97      0.0114      0.0813      0.2543      0.1383      0.8317
  29.22      0.0095      0.0482      0.2369      0.0315      0.5761
  29.47      0.0097      0.0723      0.2289      0.0622      0.4146
  29.72      0.0095      0.0292      0.1820      0.0580      0.3217
  29.97      0.0074      0.0272      0.1734      0.0475      0.2567

  STOCK 1x    21-28 RMS   0.3169   24.5-26.5 RMS   0.1575   26.5-28 RMS   0.1526   eps 8
  V102 6x     21-28 RMS   4.6030   24.5-26.5 RMS   2.6971   26.5-28 RMS   0.7971   eps 5
  V103 6x     21-28 RMS   6.5731   24.5-26.5 RMS   4.1681   26.5-28 RMS   1.4212   eps 5
  V104 6x     21-28 RMS   3.7889   24.5-26.5 RMS   3.2610   26.5-28 RMS   1.3203   eps 4
  V105 NOTCH  21-28 RMS   4.8447   24.5-26.5 RMS   2.6020   26.5-28 RMS   3.6439   eps 4
  V105/V104 RMS  24.5-26.5 (INSIDE the notch)    0.816  [0.508, 12.534]
  V105/V104 RMS  26.5-28.0 (JUST ABOVE it)       2.787  [1.455, 16.307]
  V105/V104 RMS  21.0-24.5 (BELOW it)            1.340  [0.625, 6.357]
  ⚠ 4 episodes per arm.  These CIs are WIDE by construction; read the DIRECTION.

wrote _ra5_pole.json
