LERP self-check: V106 |Y_eff| at 5 mph (8.047 km/h) = 24546   (mechanism: 24,546)  OK
Knee |gp-0x6c2c| = 31403507 / |Y_eff|.  V106 @>=90 km/h: |Y|=5898 -> knee 5324   RESHAPE A: |Y|=29490 -> knee 1065

============================================================================================================================
1.  ⭐⭐ `|gp-0x6c2c|` BY SPEED BAND -- **MEASURED**, engaged, from the r77/r78 wire.
    This is the number that picks the reshape variant.  ⚠ r77 ran x1.00 with NO added
    damping, so this is the UNDAMPED distribution and an UPPER BOUND for V107.
============================================================================================================================
 route    speed  n frames      sec        p50        p90        p99        max  |Y_eff| med
   r77      <16     22079    218.3        103        546       1183       2503         8142
   r77    16-40     42744    422.6         59        376        914       3306         5292
   r77    40-70     27842    275.3         29        324       1096       5286         3773
   r77    70-90     14688    145.2         40        626       1836       2641         2605
   r77     >=90       109      1.1          0         50        100        250         1966
   r78      <16      7418     73.3         43        197        577       1027        12386
   r78    16-40     10317    102.0         47        236        623       1722         7836
   r78    40-70     23301    230.4         20        136        491       1927         5687
   r78    70-90     10856    107.3         23         89        280       1081         3665
   r78     >=90     10095     99.8         33        167        867       1901         2949

  SAME, BY |rate_c| BIN, at >= 40 km/h only (the road-speed arm):
 route |rate| bin         n        p50        p90        p99        max
   r77        0-5     32166         27        158        644       2641
   r77       5-15      7455        167        675       1715       5286
   r77      15-40      2880        624       1578       2121       5285
   r77     40-100       138        948       2130       2626       2741
   r78        0-5     40062         19         96        301       1801
   r78       5-15      3830        114        421       1000       1901
   r78      15-40       357        500       1367       1836       1927

  🛑 QUANTISATION FLOOR, so the percentiles are not over-read: one wire LSB = 1.6 counts of |b26|, which at a given |Y_eff| is
     <16    |gp-0x6c2c| step =     12.1 counts   (8.3 % of frames read wire 0)
     16-40  |gp-0x6c2c| step =     18.6 counts   (17.8 % of frames read wire 0)
     40-70  |gp-0x6c2c| step =     26.1 counts   (29.8 % of frames read wire 0)
     70-90  |gp-0x6c2c| step =     37.7 counts   (30.3 % of frames read wire 0)
     >=90   |gp-0x6c2c| step =     50.0 counts   (63.3 % of frames read wire 0)

============================================================================================================================
2.  THE SAME QUANTITY RECONSTRUCTED ON ROUTE a6 ITSELF -- the ALREADY-DAMPED distribution,
    which is the operative one for sizing V107.  🛑 RECONSTRUCTION (r77 alpha->b26 law,
    residuals resampled from r77's own), +-20 %% on the tail.  Not a measurement.
============================================================================================================================
   speed  n frames      sec        p50        p90        p99        max
     <16     10186    100.7         80        367        914       5719
   16-40     12215    120.8         79        360       1015       5802
   40-70     19580    193.6         59        250        780       6121
   70-90     10194    100.8        178        756       2025      13460
    >=90     71627    708.1        145        740       2952      28643

============================================================================================================================
3.  ⭐⭐⭐ **THE CONSTANT-FREE ANSWER -- STAKE THE BUILD ON THIS TABLE.**
    |b26|_X(v) = |b26|_MEASURED(v) * Y_X(v) / Y_route(v).  Only r77/r78's measured wire and
    a ratio of two flash tables.  No scale constant, no >>24, no reconstruction.
    ⚠ UPPER BOUND: r77 is undamped, so a damped V107 meets LESS than this.
============================================================================================================================

  from r77 (measured, dose x1.00 stock, 1062 s engaged)
       variant    speed         n    p50 |b26|    p99 |b26|    duty>=511    duty>=256
    V106 today      <16     22079          38.4         475.2       0.00643       0.07541
    V106 today    16-40     42744          14.4         240.0       0.00044       0.00674
    V106 today    40-70     27842           4.8         216.0       0.00007       0.00456
    V106 today    70-90     14688           4.8         226.2       0.00000       0.00368
    V106 today     >=90       109           0.0           9.6       0.00000       0.00000
     RESHAPE A      <16     22079          49.7         567.5       0.01871       0.10422
     RESHAPE A    16-40     42744          28.5         438.5       0.00519       0.05500
     RESHAPE A    40-70     27842          13.9         525.7       0.01174       0.05689
     RESHAPE A    70-90     14688          19.3         880.9       0.06223       0.11288
     RESHAPE A     >=90       109           0.0          48.0       0.00000       0.00000
     RESHAPE B      <16     22079          45.4         526.5       0.01218       0.09285
     RESHAPE B    16-40     42744          21.6         342.9       0.00180       0.03006
     RESHAPE B    40-70     27842           9.0         365.3       0.00255       0.02819
     RESHAPE B    70-90     14688          11.1         513.9       0.01048       0.07292
     RESHAPE B     >=90       109           0.0          26.0       0.00000       0.00000
     RESHAPE C      <16     22079          49.7         567.5       0.01871       0.10422
     RESHAPE C    16-40     42744          26.6         421.2       0.00414       0.05077
     RESHAPE C    40-70     27842          11.1         451.6       0.00607       0.04357
     RESHAPE C    70-90     14688          13.9         639.9       0.03391       0.08742
     RESHAPE C     >=90       109           0.0          32.6       0.00000       0.00000

  from r78 (measured, dose x1.50 stock, 613 s engaged)
       variant    speed         n    p50 |b26|    p99 |b26|    duty>=511    duty>=256
    V106 today      <16      7418          16.0         224.0       0.00000       0.00809
    V106 today    16-40     10317          12.8         163.2       0.00000       0.00165
    V106 today    40-70     23301           3.2          92.8       0.00000       0.00086
    V106 today    70-90     10856           3.2          32.0       0.00000       0.00000
    V106 today     >=90     10095           3.2          83.2       0.00000       0.00000
     RESHAPE A      <16      7418          20.4         276.9       0.00000       0.01146
     RESHAPE A    16-40     10317          22.7         298.8       0.00116       0.01512
     RESHAPE A    40-70     23301           9.4         235.7       0.00197       0.00772
     RESHAPE A    70-90     10856          11.2         134.2       0.00037       0.00368
     RESHAPE A     >=90     10095          16.0         416.0       0.00654       0.02754
     RESHAPE B      <16      7418          19.2         247.5       0.00000       0.00957
     RESHAPE B    16-40     10317          18.1         237.6       0.00029       0.00775
     RESHAPE B    40-70     23301           6.0         160.8       0.00043       0.00288
     RESHAPE B    70-90     10856           6.7          75.8       0.00000       0.00074
     RESHAPE B     >=90     10095           8.7         225.7       0.00000       0.00792
     RESHAPE C      <16      7418          20.4         276.9       0.00000       0.01146
     RESHAPE C    16-40     10317          22.3         286.2       0.00087       0.01357
     RESHAPE C    40-70     23301           7.5         199.0       0.00112       0.00536
     RESHAPE C    70-90     10856           8.4          94.4       0.00000       0.00166
     RESHAPE C     >=90     10095          10.9         282.1       0.00158       0.01248

============================================================================================================================
4.  NEW-Q3 -- THE **MEASURED** V106 CLAMP DUTY AT <16 km/h, against the predicted 9.98 %.
    V106 is exactly x3.0 of stock at EVERY knot, so scaling r77's measured wire by 3.0
    (and r78's by 2.0) reproduces V106's lane exactly -- again with no model.
============================================================================================================================
 route    stratum   k used         n        p50        p90        p99    duty>=511    duty>=256
   r77    engaged     3.00    107462       14.4      115.2      340.8      0.00152      0.01986
   r77    <8 km/h     3.00     10149       48.0      244.8      484.8      0.00838      0.09065
   r77   <16 km/h     3.00     22079       38.4      220.8      475.2      0.00643      0.07541
   r77    S1-like     3.00      7031       76.8      312.0      508.8      0.00996      0.14749
   r77   S2c hard     3.00      3731       52.8      230.4      470.4      0.00509      0.08148
   r77      40-95     3.00     42639        4.8       67.2      220.8      0.00005      0.00424
   r77       >=70     3.00     14797        4.8       76.8      225.6      0.00000      0.00365
   r78    engaged     2.00     61987        3.2       35.2      124.8      0.00000      0.00156
   r78    <8 km/h     2.00      3846       16.0       73.6      243.2      0.00000      0.00988
   r78   <16 km/h     2.00      7418       16.0       73.6      224.0      0.00000      0.00809
   r78    S1-like     2.00      1205       38.4      150.4      368.0      0.00000      0.03485
   r78   S2c hard     2.00       328       48.0      118.4      370.7      0.00000      0.03049
   r78      40-95     2.00     38437        3.2       19.2       83.2      0.00000      0.00052
   r78       >=70     2.00     20951        3.2       12.8       64.0      0.00000      0.00000
  🛑 These rows are UPPER BOUNDS on V106's real duty: r77/r78 carry the UNDAMPED (or
     half-damped) |gp-0x6c2c|, and V106's whole purpose is to shrink it.

wrote analysis-2020accord/_ra6_c2c_highway.json
