============================================================================================================================
0.  🛑 THE CONTROL, RUN BEFORE THE MEASUREMENT -- the WITHIN-DRIVE split-half-by-episode
    null on route a6 itself, for both the band RMS and the PEAK LOCATION.
    Nothing below may be called a result unless it clears the row for its own regime.
============================================================================================================================
                                regime    eps        18-30 RMS null (a6)    peak-shift null Hz (a6)
       micro   < 8 km/h  (his "5 mph")      2   -- fewer than 6 episodes, NO NULL AVAILABLE --
   low     < 16 km/h (grind #1 window)     10             [0.572, 1.797]             [-3.50, +3.50]
                    mid     16-40 km/h      9             [0.268, 2.742]             [-1.75, +1.75]
                    hwy     40-95 km/h     12             [0.319, 3.096]             [-3.75, +3.75]
    hwy-mat 55-70 km/h (SPEED-MATCHED)      7             [0.422, 2.122]             [-5.49, +5.49]

============================================================================================================================
1.  PEAK LOCATION, 18-30 Hz, PER SPEED REGIME.  ⭐ THE HEADLINE.
    Last column is `|H_V105|` at THAT build's own peak (the a5 relocation discriminator),
    carried so the V106 row is directly readable against the V105 result.
============================================================================================================================

  micro   < 8 km/h  (his "5 mph")
         build   eps   peak Hz         peak 95 % CI    peak PSD   18-30 RMS          RMS 95 % CI   |H105|@pk   speed census p10/p50/p90, s engaged
      STOCK 1x     1   -- fewer than 3 episodes --
       V104 6x     1   -- fewer than 3 episodes --
    V105 NOTCH     2   -- fewer than 3 episodes --
   V106 6b26x3     2   -- fewer than 3 episodes --

  low     < 16 km/h (grind #1 window)
         build   eps   peak Hz         peak 95 % CI    peak PSD   18-30 RMS          RMS 95 % CI   |H105|@pk   speed census p10/p50/p90, s engaged
      STOCK 1x     7     18.23       [18.23, 23.73]       0.018      0.2638       [0.193, 0.352]      0.7292     5.3/  7.7/  9.1     28.0 s
       V104 6x     9     22.73       [22.48, 22.98]      51.356      8.2173      [6.439, 10.289]      0.3039     6.1/  9.6/ 14.7     60.1 s
    V105 NOTCH     6     20.48       [20.23, 21.98]      17.478      6.3107       [4.990, 8.777]      0.5442     5.6/  7.6/  9.2     38.0 s
   V106 6b26x3    10     18.23       [18.23, 21.73]       2.187      2.6083       [1.946, 3.324]      0.7292     6.6/  9.5/ 13.8     42.0 s

  mid     16-40 km/h
         build   eps   peak Hz         peak 95 % CI    peak PSD   18-30 RMS          RMS 95 % CI   |H105|@pk   speed census p10/p50/p90, s engaged
      STOCK 1x    10     28.22       [18.23, 28.22]       0.065      0.6554       [0.474, 0.809]      0.2371    20.1/ 26.1/ 37.4     30.0 s
       V104 6x    13     23.48       [22.48, 23.73]      11.263      5.2852       [3.363, 6.422]      0.2190    21.4/ 28.2/ 34.6     74.1 s
    V105 NOTCH    12     21.73       [21.48, 23.73]      14.622      4.9617       [3.846, 6.104]      0.4152    24.0/ 30.3/ 36.1     82.1 s
   V106 6b26x3     9     20.48       [18.73, 21.98]       2.670      2.7327       [1.373, 3.719]      0.5442    20.3/ 27.7/ 35.2     56.1 s

  hwy     40-95 km/h
         build   eps   peak Hz         peak 95 % CI    peak PSD   18-30 RMS          RMS 95 % CI   |H105|@pk   speed census p10/p50/p90, s engaged
      STOCK 1x    13     18.98       [18.73, 28.72]       0.051      0.6794       [0.537, 0.813]      0.6752    44.8/ 65.1/ 84.1    346.3 s
       V104 6x    13     26.47       [26.22, 27.22]      49.047      8.8631      [4.796, 12.042]      0.0936    49.3/ 57.1/ 83.1    276.3 s
    V105 NOTCH    10     26.97       [26.97, 27.47]      79.100      9.5674      [4.720, 12.861]      0.1379    50.8/ 63.6/ 87.1    220.2 s
   V106 6b26x3    12     27.22       [23.48, 28.22]       2.083      2.1781       [1.123, 3.029]      0.1590    53.5/ 65.4/ 89.8    298.3 s

  hwy-mat 55-70 km/h (SPEED-MATCHED)
         build   eps   peak Hz         peak 95 % CI    peak PSD   18-30 RMS          RMS 95 % CI   |H105|@pk   speed census p10/p50/p90, s engaged
      STOCK 1x     8     18.98       [18.98, 26.72]       0.029      0.4170       [0.299, 0.485]      0.6752    57.6/ 61.4/ 64.5     56.1 s
       V104 6x     4     25.97       [24.97, 26.97]       7.741      3.8750       [0.517, 5.830]      0.0467    56.8/ 60.7/ 63.1     22.0 s
    V105 NOTCH     4     27.47       [26.97, 27.72]      11.424      5.2271       [3.352, 6.889]      0.1795    57.6/ 62.2/ 65.3     88.1 s
   V106 6b26x3     7     23.48       [20.23, 26.97]       0.071      0.7369       [0.448, 0.920]      0.2190    58.8/ 63.8/ 65.4    104.1 s

============================================================================================================================
2.  THE PAIRED PEAK SHIFT, a6 vs a5 and a6 vs a4, joint episode bootstrap.
    ⚠ The RMS ratio column is CROSS-DRIVE and is printed BESIDE its within-drive null.
============================================================================================================================
                                regime           pair    peak SHIFT Hz [95 % CI]      RMS ratio [95 % CI]     a6 within-drive null
   low     < 16 km/h (grind #1 window)         a6/ra5       -2.25 [-3.75, +1.25]     0.410 [0.272, 0.575]           [0.572, 1.797]
   low     < 16 km/h (grind #1 window)         a6/ra4       -4.50 [-4.75, -1.00]     0.314 [0.216, 0.443]           [0.572, 1.797]
                    mid     16-40 km/h         a6/ra5       -1.25 [-3.25, +0.25]     0.546 [0.266, 0.825]           [0.268, 2.742]
                    mid     16-40 km/h         a6/ra4       -3.00 [-4.75, -1.50]     0.519 [0.252, 0.880]           [0.268, 2.742]
                    hwy     40-95 km/h         a6/ra5       +0.25 [-3.75, +1.25]     0.234 [0.106, 0.513]           [0.319, 3.096]
                    hwy     40-95 km/h         a6/ra4       +0.75 [-3.25, +1.75]     0.250 [0.109, 0.504]           [0.319, 3.096]
    hwy-mat 55-70 km/h (SPEED-MATCHED)         a6/ra5       -4.00 [-7.24, -0.25]     0.138 [0.077, 0.234]           [0.422, 2.122]
    hwy-mat 55-70 km/h (SPEED-MATCHED)         a6/ra4       -2.50 [-5.74, +1.25]     0.189 [0.102, 1.467]           [0.422, 2.122]

============================================================================================================================
3.  🛑 THE FULL PSD SHAPE 5-45 Hz -- because an argmax cannot tell unimodal from bimodal.
    Values are PSD in the pooled episode-average, 0.247 Hz bins, decimated to 0.5 Hz for
    printing.  ⭐ Look for TWO local maxima: `a5`'s residual looked bimodal (open item #3).
============================================================================================================================

  low     < 16 km/h (grind #1 window)
     Hz      STOCK 1x       V104 6x    V105 NOTCH   V106 6b26x3
    5.0        0.3580        0.2740        5.0773        0.8509
    5.5        0.2077        0.4758        4.3055        0.8351
    6.0        0.2610        0.4338        3.8727        0.5951
    6.5        0.1452        0.6368        3.7830        0.4722
    7.0        0.0327        1.1272        5.6066        0.9630
    7.5        0.0741        1.8211       12.1961        1.2181
    8.0        0.0833        1.3833        5.7136        3.3440
    8.5        0.0215        0.9432        4.5459        2.4348
    9.0        0.0287        0.3198        0.9242        1.0509
    9.5        0.0345        0.1343        0.4292        0.5901
   10.0        0.0704        0.1035        0.1934        0.6731
   10.5        0.0266        0.0685        0.2213        0.3936
   11.0        0.0276        0.0546        0.2220        0.5105
   11.5        0.0104        0.0685        0.2248        0.6586
   12.0        0.0127        0.0671        0.2436        0.4952
   12.5        0.0131        0.0767        0.3145        0.2268
   13.0        0.0165        0.0636        0.1195        0.5078
   13.5        0.0096        0.0977        0.3240        0.6089
   14.0        0.0132        0.1126        0.9417        0.6833
   14.5        0.0125        0.0992        0.6860        1.1601
   15.0        0.0140        0.0658        0.5950        1.6462
   15.5        0.0119        0.1638        0.7390        1.2436
   16.0        0.0157        0.1597        2.2914        1.4239
   16.5        0.0164        0.1556        1.1723        2.5027
   17.0        0.0210        0.1098        1.1176        2.9093
   17.5        0.0152        0.1857        1.0716        1.4028
   18.0        0.0197        0.2581        0.8982        3.2390
   18.5        0.0089        0.2715        1.4683        1.7324
   19.0        0.0066        0.4361        2.0073        1.1202
   19.5        0.0061        0.9915        3.7826        1.0520
   20.0        0.0055        3.0730        5.5789        1.6222
   20.5        0.0100        5.1433       17.4785        0.9876
   21.0        0.0050        5.2279        7.9054        0.6948
   21.5        0.0089        8.0306        6.7892        0.9578
   22.0        0.0079       14.5071       14.7079        1.0866
   22.5        0.0036       41.8488        7.0479        0.6704
   23.0        0.0059       42.4809        1.8758        0.4011
   23.5        0.0058        4.0863        3.1267        0.2659
   24.0        0.0032        2.2300        1.7725        0.3459
   24.5        0.0039        1.3571        1.0441        0.4653
   25.0        0.0056        0.5811        0.4988        0.2497
   25.5        0.0032        0.2802        0.6242        0.1408
   26.0        0.0045        0.3300        0.4441        0.1119
   26.5        0.0018        0.4204        0.3542        0.1645
   27.0        0.0037        0.3526        0.4131        0.1869
   27.5        0.0072        0.4029        0.3552        0.2129
   28.0        0.0067        0.3829        0.5310        0.1003
   28.5        0.0035        0.3006        0.2725        0.0900
   29.0        0.0036        0.3228        0.3219        0.1252
   29.5        0.0029        0.4030        0.5767        0.1043
   30.0        0.0076        0.2762        0.2479        0.1398
   30.5        0.0027        0.2742        0.1469        0.0875
   31.0        0.0011        0.1646        0.2054        0.1006
   31.5        0.0023        0.2330        0.3214        0.0693
   32.0        0.0068        0.1489        0.2719        0.1185
   32.5        0.0018        0.1573        0.1272        0.0880
   33.0        0.0034        0.1462        0.2337        0.0410
   33.5        0.0025        0.1388        0.1064        0.0473
   34.0        0.0021        0.1320        0.1068        0.0739
   34.5        0.0026        0.0695        0.0889        0.0671
   35.0        0.0015        0.0589        0.0960        0.0454
   35.5        0.0012        0.0474        0.0861        0.0268
   36.0        0.0015        0.0293        0.1024        0.0342
   36.5        0.0008        0.0669        0.0831        0.0156
   37.0        0.0012        0.0479        0.1248        0.0271
   37.5        0.0012        0.0749        0.0862        0.0303
   38.0        0.0026        0.0507        0.0706        0.0241
   38.5        0.0007        0.0206        0.0712        0.0137
   39.0        0.0007        0.0670        0.1255        0.0103
   39.5        0.0008        0.0374        0.0693        0.0131
   40.0        0.0012        0.0443        0.2100        0.0099
   40.5        0.0008        0.0551        0.0772        0.0124
   41.0        0.0007        0.0456        0.1560        0.0173
   41.5        0.0011        0.0383        0.0961        0.0170
   42.0        0.0014        0.0751        0.0485        0.0273
   42.5        0.0009        0.0728        0.0444        0.0171
   43.0        0.0009        0.0788        0.0621        0.0270
   43.5        0.0013        0.0986        0.0995        0.0187
   44.0        0.0011        0.0696        0.0878        0.0200
   44.5        0.0007        0.1094        0.1027        0.0102
   45.0        0.0015        0.1098        0.0499        0.0120
  local maxima 15-35 Hz (native 0.247 Hz grid, prominence vs 1 Hz neighbourhood):
    STOCK 1x       16.98 Hz (PSD 0.021, prom 1.7)  21.23 Hz (PSD 0.011, prom 1.7)  27.72 Hz (PSD 0.008, prom 2.2)  29.97 Hz (PSD 0.008, prom 2.2)
    V104 6x        22.73 Hz (PSD 51.356, prom 12.5)  27.72 Hz (PSD 0.453, prom 1.3)  26.47 Hz (PSD 0.420, prom 1.0)  29.47 Hz (PSD 0.403, prom 1.4)
    V105 NOTCH     20.48 Hz (PSD 17.478, prom 4.2)  21.98 Hz (PSD 14.708, prom 3.6)  16.23 Hz (PSD 2.317, prom 2.6)  29.47 Hz (PSD 0.577, prom 1.8)
    V106 6b26x3    17.98 Hz (PSD 3.239, prom 2.0)  15.23 Hz (PSD 1.919, prom 1.4)  19.98 Hz (PSD 1.622, prom 1.4)  21.73 Hz (PSD 1.338, prom 1.9)

  mid     16-40 km/h
     Hz      STOCK 1x       V104 6x    V105 NOTCH   V106 6b26x3
    5.0        0.7233        0.3415        0.1596        0.2422
    5.5        0.4276        0.2296        0.1897        0.2494
    6.0        0.2489        0.2653        0.2324        0.3043
    6.5        0.0998        0.1299        0.1123        0.3330
    7.0        0.0826        0.1594        0.1696        0.3205
    7.5        0.1288        0.1330        0.1553        0.1171
    8.0        0.1349        0.4991        0.6772        0.2701
    8.5        0.1118        0.8134        1.0552        0.7358
    9.0        0.1023        0.1447        0.2419        0.1628
    9.5        0.0907        0.1146        0.2043        0.2622
   10.0        0.1159        0.1163        0.1213        0.2091
   10.5        0.1112        0.0829        0.1157        0.1349
   11.0        0.0778        0.0768        0.1229        0.1535
   11.5        0.0832        0.0582        0.1035        0.1239
   12.0        0.0630        0.0800        0.1004        0.1922
   12.5        0.0472        0.0823        0.1067        0.2153
   13.0        0.0357        0.0777        0.0985        0.1540
   13.5        0.0853        0.0783        0.1854        0.1738
   14.0        0.0909        0.0909        0.1193        0.2416
   14.5        0.1266        0.1109        0.0922        0.2063
   15.0        0.1481        0.0767        0.1346        0.2694
   15.5        0.0708        0.0964        0.1012        0.3784
   16.0        0.0663        0.0853        0.1093        0.3981
   16.5        0.0459        0.0989        0.1802        0.5136
   17.0        0.1563        0.0897        0.1390        0.8085
   17.5        0.0586        0.1257        0.1860        0.8129
   18.0        0.0449        0.1893        0.1703        0.4488
   18.5        0.0650        0.1667        0.5262        0.8308
   19.0        0.0444        0.2333        0.6985        1.0528
   19.5        0.0441        0.6573        1.1465        1.2989
   20.0        0.0308        1.0497        1.2107        1.7621
   20.5        0.0344        1.3358        1.3964        2.6697
   21.0        0.0230        1.4119        3.8608        1.2848
   21.5        0.0309        2.2957       10.2592        1.2605
   22.0        0.0192        5.6544       11.1483        0.7854
   22.5        0.0277        8.1475        3.9243        0.3870
   23.0        0.0288       11.0274        2.9512        0.5192
   23.5        0.0405       11.2630        2.4868        0.4119
   24.0        0.0340        4.9273        2.3732        0.2005
   24.5        0.0215        2.6737        2.3699        0.1201
   25.0        0.0390        2.3044        1.5053        0.1593
   25.5        0.0407        1.2409        0.7416        0.2938
   26.0        0.0362        0.7474        0.7127        0.2246
   26.5        0.0518        0.6046        0.6263        0.2696
   27.0        0.0362        0.5806        0.4493        0.2631
   27.5        0.0414        0.4545        0.2538        0.2007
   28.0        0.0496        0.3786        0.1752        0.2080
   28.5        0.0429        0.2574        0.2198        0.1564
   29.0        0.0203        0.3634        0.1875        0.2025
   29.5        0.0311        0.2083        0.3110        0.1318
   30.0        0.0217        0.2308        0.2686        0.0744
   30.5        0.0328        0.1783        0.1584        0.0619
   31.0        0.0393        0.2524        0.1593        0.0526
   31.5        0.0289        0.2070        0.1137        0.0427
   32.0        0.0204        0.1126        0.0877        0.0416
   32.5        0.0231        0.0641        0.0820        0.0197
   33.0        0.0127        0.0672        0.0912        0.0241
   33.5        0.0214        0.0470        0.0431        0.0174
   34.0        0.0148        0.0304        0.0508        0.0404
   34.5        0.0078        0.0443        0.0542        0.0160
   35.0        0.0066        0.0272        0.0506        0.0258
   35.5        0.0075        0.0273        0.0485        0.0231
   36.0        0.0043        0.0399        0.0466        0.0193
   36.5        0.0026        0.0225        0.0361        0.0129
   37.0        0.0056        0.0233        0.0358        0.0212
   37.5        0.0058        0.0189        0.0478        0.0101
   38.0        0.0041        0.0182        0.0378        0.0084
   38.5        0.0039        0.0267        0.0314        0.0082
   39.0        0.0042        0.0445        0.0369        0.0103
   39.5        0.0047        0.0269        0.0229        0.0182
   40.0        0.0049        0.0347        0.0319        0.0182
   40.5        0.0031        0.0442        0.0204        0.0227
   41.0        0.0061        0.0369        0.0226        0.0181
   41.5        0.0033        0.0386        0.0176        0.0186
   42.0        0.0065        0.0434        0.0216        0.0163
   42.5        0.0085        0.0128        0.0294        0.0201
   43.0        0.0077        0.0272        0.0410        0.0151
   43.5        0.0086        0.0343        0.0520        0.0242
   44.0        0.0052        0.0297        0.0447        0.0325
   44.5        0.0074        0.0518        0.0241        0.0374
   45.0        0.0032        0.0430        0.0198        0.0239
  local maxima 15-35 Hz (native 0.247 Hz grid, prominence vs 1 Hz neighbourhood):
    STOCK 1x       16.98 Hz (PSD 0.156, prom 2.4)  28.22 Hz (PSD 0.065, prom 1.8)  18.48 Hz (PSD 0.065, prom 1.4)  26.47 Hz (PSD 0.052, prom 1.3)
    V104 6x        23.48 Hz (PSD 11.263, prom 4.3)  30.72 Hz (PSD 0.261, prom 1.3)  16.23 Hz (PSD 0.121, prom 1.3)
    V105 NOTCH     21.73 Hz (PSD 14.622, prom 5.9)  23.73 Hz (PSD 3.653, prom 1.5)  29.47 Hz (PSD 0.311, prom 1.6)  32.72 Hz (PSD 0.102, prom 1.2)
    V106 6b26x3    20.48 Hz (PSD 2.670, prom 3.2)  17.23 Hz (PSD 0.836, prom 1.5)  25.72 Hz (PSD 0.334, prom 1.5)  33.97 Hz (PSD 0.040, prom 1.7)

  hwy     40-95 km/h
     Hz      STOCK 1x       V104 6x    V105 NOTCH   V106 6b26x3
    5.0        0.1120        0.3957        0.1235        0.0687
    5.5        0.0847        0.2899        0.1092        0.0753
    6.0        0.0544        0.4129        0.0888        0.0647
    6.5        0.0450        0.4261        0.1682        0.0575
    7.0        0.0400        0.4510        0.2873        0.0492
    7.5        0.0450        1.2061        0.3062        0.0602
    8.0        0.0444        1.1728        0.9064        0.1061
    8.5        0.0591        0.5686        0.9475        0.1159
    9.0        0.0499        0.2456        0.3086        0.0612
    9.5        0.1106        0.3720        0.1945        0.0540
   10.0        0.0949        0.1794        0.1919        0.0944
   10.5        0.0744        0.2730        0.2815        0.0942
   11.0        0.1008        0.1944        0.1804        0.1066
   11.5        0.1037        0.1512        0.2202        0.0710
   12.0        0.0648        0.1495        0.1529        0.1571
   12.5        0.0692        0.1811        0.2938        0.0736
   13.0        0.0841        0.1247        0.1174        0.0279
   13.5        0.0798        0.1509        0.1244        0.0349
   14.0        0.0599        0.1483        0.1528        0.0361
   14.5        0.0730        0.1203        0.2174        0.0426
   15.0        0.0886        0.2176        0.1833        0.0395
   15.5        0.0829        0.2457        0.1763        0.0479
   16.0        0.0631        0.3176        0.2119        0.0399
   16.5        0.0563        0.3653        0.2317        0.0497
   17.0        0.0503        0.4284        0.3549        0.0439
   17.5        0.0430        0.3488        0.3955        0.0615
   18.0        0.0475        0.3635        0.5125        0.0527
   18.5        0.0383        0.3081        0.7667        0.0669
   19.0        0.0513        0.3940        0.6460        0.0648
   19.5        0.0454        0.7084        0.9695        0.0863
   20.0        0.0364        0.9963        1.6079        0.1145
   20.5        0.0416        1.1276        1.5786        0.2486
   21.0        0.0336        1.4927        1.9142        0.0964
   21.5        0.0449        1.9668        1.6358        0.1161
   22.0        0.0449        2.3879        1.3572        0.1973
   22.5        0.0341        2.0228        1.2719        0.2672
   23.0        0.0399        1.8413        1.5474        0.2023
   23.5        0.0352        1.6694        1.4059        0.4569
   24.0        0.0449        2.2055        1.6270        0.3032
   24.5        0.0366        2.8188        1.8437        0.2623
   25.0        0.0365        3.6774        2.3082        0.2544
   25.5        0.0356        5.5601        3.2901        0.3842
   26.0        0.0417       18.6647        5.9543        0.3217
   26.5        0.0430       49.0465       11.9703        0.5715
   27.0        0.0315       34.0741       79.0997        1.6212
   27.5        0.0483       12.9050       36.7635        1.2908
   28.0        0.0399        4.1971       22.2763        1.2994
   28.5        0.0458        1.9746        3.5367        0.7449
   29.0        0.0396        1.0478        1.0845        0.2258
   29.5        0.0212        1.1252        0.6679        0.1292
   30.0        0.0159        0.7214        0.3678        0.0773
   30.5        0.0197        0.3788        0.2237        0.0574
   31.0        0.0163        0.3066        0.2600        0.0463
   31.5        0.0137        0.1977        0.1501        0.0253
   32.0        0.0112        0.1350        0.1235        0.0215
   32.5        0.0119        0.0833        0.1537        0.0218
   33.0        0.0085        0.0764        0.1137        0.0186
   33.5        0.0097        0.0746        0.1119        0.0143
   34.0        0.0087        0.0690        0.0864        0.0143
   34.5        0.0078        0.0522        0.1001        0.0158
   35.0        0.0083        0.0692        0.0636        0.0140
   35.5        0.0042        0.0471        0.0538        0.0122
   36.0        0.0051        0.0486        0.0436        0.0117
   36.5        0.0044        0.0497        0.0546        0.0106
   37.0        0.0042        0.0488        0.0542        0.0089
   37.5        0.0049        0.0523        0.0510        0.0091
   38.0        0.0055        0.0456        0.0431        0.0094
   38.5        0.0049        0.0366        0.0319        0.0077
   39.0        0.0069        0.0449        0.0486        0.0106
   39.5        0.0076        0.0357        0.0318        0.0090
   40.0        0.0056        0.0481        0.0332        0.0159
   40.5        0.0046        0.0408        0.0436        0.0132
   41.0        0.0056        0.0366        0.0492        0.0107
   41.5        0.0050        0.0395        0.0383        0.0097
   42.0        0.0061        0.0401        0.0482        0.0136
   42.5        0.0059        0.0378        0.0438        0.0114
   43.0        0.0060        0.0405        0.0312        0.0087
   43.5        0.0061        0.0508        0.0371        0.0108
   44.0        0.0073        0.0487        0.0314        0.0097
   44.5        0.0069        0.0400        0.0376        0.0121
   45.0        0.0078        0.0421        0.0442        0.0113
  local maxima 15-35 Hz (native 0.247 Hz grid, prominence vs 1 Hz neighbourhood):
    STOCK 1x       18.98 Hz (PSD 0.051, prom 1.2)  27.47 Hz (PSD 0.048, prom 1.3)  24.73 Hz (PSD 0.045, prom 1.1)  21.98 Hz (PSD 0.045, prom 1.1)
    V104 6x        26.47 Hz (PSD 49.047, prom 13.3)  21.73 Hz (PSD 2.551, prom 1.5)  16.73 Hz (PSD 0.435, prom 1.3)  34.96 Hz (PSD 0.069, prom 1.2)
    V105 NOTCH     26.97 Hz (PSD 79.100, prom 24.0)  20.98 Hz (PSD 1.914, prom 1.3)  32.72 Hz (PSD 0.161, prom 1.4)
    V106 6b26x3    27.22 Hz (PSD 2.083, prom 6.5)  23.73 Hz (PSD 0.461, prom 1.7)  20.48 Hz (PSD 0.249, prom 2.2)  15.23 Hz (PSD 0.048, prom 1.1)

  hwy-mat 55-70 km/h (SPEED-MATCHED)
     Hz      STOCK 1x       V104 6x    V105 NOTCH   V106 6b26x3
    5.0        0.0235        0.0146        0.0482        0.0118
    5.5        0.0225        0.0103        0.0576        0.0072
    6.0        0.0128        0.0215        0.0469        0.0099
    6.5        0.0174        0.0133        0.0469        0.0081
    7.0        0.0282        0.0395        0.0442        0.0080
    7.5        0.0269        0.0726        0.0860        0.0135
    8.0        0.0517        0.1014        0.1511        0.0205
    8.5        0.0892        0.1428        0.2803        0.1322
    9.0        0.0993        0.0668        0.2553        0.0458
    9.5        0.0218        0.0382        0.1180        0.0208
   10.0        0.0224        0.0410        0.1118        0.0282
   10.5        0.0227        0.0190        0.0958        0.0308
   11.0        0.0236        0.0202        0.1221        0.0264
   11.5        0.0302        0.0098        0.0814        0.0234
   12.0        0.0293        0.0270        0.0849        0.0183
   12.5        0.0248        0.0292        0.0848        0.0210
   13.0        0.0294        0.0207        0.0692        0.0215
   13.5        0.0290        0.0224        0.0819        0.0207
   14.0        0.0320        0.0202        0.1156        0.0222
   14.5        0.0292        0.0206        0.1282        0.0239
   15.0        0.0250        0.0253        0.1403        0.0257
   15.5        0.0310        0.0172        0.1820        0.0232
   16.0        0.0302        0.0226        0.1563        0.0207
   16.5        0.0324        0.0120        0.1519        0.0222
   17.0        0.0270        0.0158        0.1609        0.0251
   17.5        0.0153        0.0370        0.1531        0.0218
   18.0        0.0266        0.0149        0.1847        0.0218
   18.5        0.0259        0.0157        0.2325        0.0240
   19.0        0.0294        0.0535        0.2176        0.0341
   19.5        0.0170        0.0727        0.3045        0.0284
   20.0        0.0110        0.0344        0.3393        0.0477
   20.5        0.0168        0.0808        0.6609        0.0498
   21.0        0.0137        0.0491        1.3620        0.0326
   21.5        0.0143        0.0994        1.0921        0.0646
   22.0        0.0131        0.1024        0.6747        0.0433
   22.5        0.0083        0.1361        0.7608        0.0574
   23.0        0.0101        0.2647        0.8277        0.0529
   23.5        0.0198        0.2884        0.8990        0.0714
   24.0        0.0166        0.7292        1.2240        0.0481
   24.5        0.0197        3.2119        1.2572        0.0518
   25.0        0.0139        4.6464        1.8120        0.0655
   25.5        0.0078        5.5946        2.2645        0.0472
   26.0        0.0101        7.7413        4.7978        0.0606
   26.5        0.0169        3.0615        5.8749        0.0563
   27.0        0.0169        0.6796        8.9471        0.0431
   27.5        0.0151        1.2563       11.4243        0.0428
   28.0        0.0117        1.2652        7.6887        0.0482
   28.5        0.0088        0.5250        2.2533        0.0380
   29.0        0.0114        0.1383        0.8317        0.0278
   29.5        0.0097        0.0622        0.4146        0.0288
   30.0        0.0074        0.0475        0.2567        0.0248
   30.5        0.0070        0.0267        0.1791        0.0157
   31.0        0.0042        0.0190        0.1650        0.0146
   31.5        0.0030        0.0123        0.0894        0.0123
   32.0        0.0042        0.0107        0.0718        0.0071
   32.5        0.0025        0.0113        0.0472        0.0090
   33.0        0.0029        0.0105        0.0571        0.0058
   33.5        0.0016        0.0075        0.0430        0.0070
   34.0        0.0023        0.0119        0.0274        0.0064
   34.5        0.0025        0.0058        0.0257        0.0079
   35.0        0.0026        0.0201        0.0226        0.0060
   35.5        0.0015        0.0062        0.0170        0.0048
   36.0        0.0019        0.0072        0.0213        0.0051
   36.5        0.0014        0.0120        0.0264        0.0041
   37.0        0.0028        0.0103        0.0196        0.0043
   37.5        0.0016        0.0112        0.0362        0.0035
   38.0        0.0017        0.0066        0.0259        0.0039
   38.5        0.0021        0.0071        0.0201        0.0032
   39.0        0.0017        0.0045        0.0254        0.0037
   39.5        0.0016        0.0049        0.0173        0.0039
   40.0        0.0015        0.0039        0.0193        0.0038
   40.5        0.0017        0.0063        0.0317        0.0049
   41.0        0.0014        0.0095        0.0299        0.0033
   41.5        0.0019        0.0052        0.0204        0.0041
   42.0        0.0018        0.0104        0.0578        0.0044
   42.5        0.0015        0.0061        0.0473        0.0043
   43.0        0.0018        0.0067        0.0256        0.0046
   43.5        0.0021        0.0105        0.0442        0.0023
   44.0        0.0017        0.0047        0.0241        0.0030
   44.5        0.0021        0.0034        0.0334        0.0040
   45.0        0.0019        0.0098        0.0218        0.0035
  local maxima 15-35 Hz (native 0.247 Hz grid, prominence vs 1 Hz neighbourhood):
    STOCK 1x       15.73 Hz (PSD 0.040, prom 1.4)  18.98 Hz (PSD 0.029, prom 1.6)  24.23 Hz (PSD 0.022, prom 1.5)  26.72 Hz (PSD 0.020, prom 1.5)
    V104 6x        25.97 Hz (PSD 7.741, prom 6.1)  17.48 Hz (PSD 0.037, prom 1.6)  15.73 Hz (PSD 0.032, prom 1.6)  34.96 Hz (PSD 0.020, prom 1.9)
    V105 NOTCH     27.47 Hz (PSD 11.424, prom 5.1)  21.73 Hz (PSD 1.366, prom 1.7)  15.48 Hz (PSD 0.182, prom 1.2)
    V106 6b26x3    23.48 Hz (PSD 0.071, prom 1.3)  24.97 Hz (PSD 0.065, prom 1.2)  21.48 Hz (PSD 0.065, prom 1.3)  20.23 Hz (PSD 0.052, prom 1.4)

============================================================================================================================
4.  DID THE MODE LEAVE 18-30 Hz OUT THE TOP?  Peak searched 30-45 Hz and the 18-30 vs
    30-45 SPLIT, per regime.  Also the 32-45 Hz PLACEBO.
============================================================================================================================
                                regime          build   pk 30-45   pk 18-30  RMS 18-30  RMS 30-45  hi/lo share
   low     < 16 km/h (grind #1 window)       STOCK 1x      31.97      18.23     0.2638     0.1588       0.3624
   low     < 16 km/h (grind #1 window)        V104 6x      30.22      22.73     8.2173     1.1855       0.0208
   low     < 16 km/h (grind #1 window)     V105 NOTCH      31.72      20.48     6.3107     1.3510       0.0458
   low     < 16 km/h (grind #1 window)    V106 6b26x3      31.97      18.23     2.6083     0.7576       0.0844
                    mid     16-40 km/h       STOCK 1x      30.72      28.22     0.6554     0.4013       0.3750
                    mid     16-40 km/h        V104 6x      30.72      23.48     5.2852     0.9297       0.0309
                    mid     16-40 km/h     V105 NOTCH      30.22      21.73     4.9617     0.8929       0.0324
                    mid     16-40 km/h    V106 6b26x3      30.72      20.48     2.7327     0.6037       0.0488
                    hwy     40-95 km/h       STOCK 1x      30.72      18.98     0.6794     0.3402       0.2507
                    hwy     40-95 km/h        V104 6x      30.22      26.47     8.8631     1.1003       0.0154
                    hwy     40-95 km/h     V105 NOTCH      30.22      26.97     9.5674     1.0669       0.0124
                    hwy     40-95 km/h    V106 6b26x3      30.22      27.22     2.1781     0.4922       0.0511
    hwy-mat 55-70 km/h (SPEED-MATCHED)       STOCK 1x      30.47      18.98     0.4170     0.1851       0.1970
    hwy-mat 55-70 km/h (SPEED-MATCHED)        V104 6x      30.72      25.97     3.8750     0.3902       0.0101
    hwy-mat 55-70 km/h (SPEED-MATCHED)     V105 NOTCH      30.22      27.47     5.2271     0.8120       0.0241
    hwy-mat 55-70 km/h (SPEED-MATCHED)    V106 6b26x3      30.22      23.48     0.7369     0.2952       0.1604

wrote analysis-2020accord/_ra6_peak.json
