============================================================================================================================
1.  ⭐⭐ THE DOSE PROOF -- `b5` DUTY AT MATCHED MEASURED ALPHA, ENGAGED, WITH EPISODE CIs.
    This is the estimator that is immune to the closed-loop `K*alpha` invariance: at a
    FIXED alpha the comparator's operand B is proportional to k.
============================================================================================================================
           build        <30      30-60     60-120    120-250    250-500     500-1k      1k-2k      2k-4k
     V104 (x1.5)     0.1578     0.2449     0.3662     0.4400     0.3397     0.2143     0.1270     0.0518
     V105 (x1.5)     0.1686     0.2851     0.4390     0.5045     0.4112     0.2460     0.1278     0.0442
     V106 (x3.0)     0.1245     0.1724     0.2291     0.2686     0.2357     0.1548     0.0890     0.0275

  ⭐ RATIO a6/a5 and a6/a4 AT MATCHED ALPHA, episode bootstrap (2000 draws).
     A dose that arrived shows as a ratio BELOW 1 in EVERY bin.  The sign test across
     bins is the headline: it needs no distributional assumption at all.
            pair        <30      30-60     60-120    120-250    250-500     500-1k      1k-2k      2k-4k   sign test p
          a6/ra5      0.716      0.603      0.534      0.552      0.605      0.643      0.711      0.555        0.0039
         95 % CI  0.58-0.83  0.52-0.68  0.45-0.75  0.45-0.81  0.46-0.90  0.48-1.03  0.62-1.02  0.38-1.23   (8/8 below 1)
          a6/ra4      0.769      0.702      0.646      0.630      0.730      0.739      0.750      0.529        0.0039
         95 % CI  0.62-0.95  0.58-0.84  0.52-0.93  0.51-0.95  0.55-1.11  0.56-1.17  0.58-1.29  0.35-1.24   (8/8 below 1)

============================================================================================================================
2.  THE DELIVERED MULTIPLIER -- horizontal shift on the **FALLING BRANCH ONLY**.
    (`ra6_dose.py`'s version searched both branches and is RETRACTED.)
    Expected 2.00 if V105 ran x1.5 and V106 runs x3.0;  3.00 if the x1.5 was never live.
============================================================================================================================
  V104 (x1.5)      falling branch: 224:0.440  282:0.378  355:0.322  446:0.310  561:0.254  706:0.224  887:0.169  1116:0.169  1403:0.136  1765:0.102  2219:0.099  2791:0.040  3510:0.008
  V105 (x1.5)      falling branch: 223:0.516  277:0.468  345:0.423  429:0.363  533:0.310  663:0.259  824:0.209  1025:0.171  1274:0.143  1584:0.120  1970:0.099  2449:0.048  3045:0.005
  V106 (x3.0)      falling branch: 220:0.268  265:0.267  320:0.240  386:0.236  466:0.193  563:0.172  679:0.167  819:0.135  989:0.123  1193:0.092  1440:0.081  1738:0.076  2098:0.041
  ⭐ delivered multiplier a6 vs V105 (x1.5)  =  **1.02x**  [1.00, 1.03]
  ⭐ delivered multiplier a6 vs V104 (x1.5)  =  **1.02x**  [1.00, 1.03]

============================================================================================================================
3.  Q2' -- THE CLAMP, WITH THE CALIBRATION'S OWN RESIDUAL SPREAD FOLDED IN.
    Reconstruction: r77's measured alpha -> |gp-0x6b26| law (r77 ran x1.00 stock), x3.0,
    with residuals RESAMPLED from r77's own empirical residuals -- so the duty below is a
    PREDICTIVE duty, not a noiseless one.  🛑 Still a reconstruction, not a measurement.
============================================================================================================================
  r77 law: log|b26| = 0.7311*log(alpha) -1.6436;  residual sd 0.826  (x2.28)
  ⊕ SANITY: applying the law to r77 itself (k=1) reproduces its own measured duty>=511 of 0.00000 -> predicted 0.00000

         stratum      n eng        p50        p99      duty>=511      duty>=256
     engaged all     123802       15.1      268.5        0.00121        0.01137
    <8 km/h (S1)       3173       16.2      221.1        0.00047        0.00683
        <16 km/h      10186       30.2      333.3        0.00185        0.02322
           16-40      12215       21.1      263.3        0.00083        0.01098
      40-95 (S3)      34593       13.3      208.1        0.00056        0.00572
   S2c hard turn       1913       50.9      371.8        0.00305        0.03777
    |rate|40-100       2757       41.9      477.9        0.00861        0.05208
     |rate|>=100       1772       31.3      264.8        0.00066        0.01105

============================================================================================================================
4.  ⭐ THE ADDITION -- THE MEASURED MOTOR ACCELERATION ITSELF, ENGAGED, deg/s^2.
    `gp-0x6b26 = -K*alpha`, so alpha is EXACTLY what this term removes.  No comparator,
    no transfer, no reconstruction -- this is the 0x18F channel, differenced.
============================================================================================================================
           build      n eng       p50       p90       p99     p99.9       max
     V104 (x1.5)      67039     267.0    2658.2    3807.2    4190.3    4882.4
     V105 (x1.5)      49021     268.0    1947.1    3252.9    3694.9    4072.2
     V106 (x3.0)     123802      76.9     564.4    1752.9    2791.3    4026.7

  SPEED-MATCHED (engaged, alpha p90 by speed bin) -- removes the exposure confound:
           build         <8       8-16      16-25      25-40      40-60      60-80        80+
     V104 (x1.5)     2075.6     1668.9     1547.6     1208.8      899.2     2548.9     3614.4
     V105 (x1.5)     1639.6     1368.7     1456.1     1105.5     1098.9     1634.8     3178.7
     V106 (x3.0)      446.9     1116.5      839.8      619.0      256.9      270.1      529.0

wrote analysis-2020accord/_ra6_dose2.json
