
=== A 2.5-8 m/s  cell Q
  err_rms_cl_deg         V282:2.81[2.45,3.85]n249  V282old:2.97[2.55,4.19]n127  T64:2.99[2.22,3.74]n59  T64B:3.07[2.54,3.58]n59  T5:4.76[3.48,6.13]n24  T4:3.14[2.79,3.49]n89
  err_rms_deg            V282:2.81[2.48,3.88]n249  V282old:2.97[2.55,4.25]n127  T64:3.23[2.49,3.9]n59  T64B:3.3[2.78,3.86]n59  T5:4.96[3.66,6.36]n24  T4:3.32[2.96,3.72]n89
  sr_2_10_degps          V282:1.14[0.959,1.73]n249  V282old:1.31[0.975,1.45]n127  T64:3.06[2.32,3.99]n59  T64B:2.91[2.55,3.27]n59  T5:2.85[1.82,3.81]n24  T4:3.18[2.48,3.89]n89
  sr_18_35_degps         V282:0.704[0.582,1.16]n249  V282old:0.739[0.514,0.838]n127  T64:2.86[2.05,3.85]n59  T64B:2.53[2.15,2.9]n59  T5:2.58[1.58,3.56]n24  T4:2.93[2.29,3.66]n89
  sr_lt1_degps           V282:3.03[2.56,4.41]n249  V282old:5.06[2.8,8]n127  T64:5.88[3.25,8.55]n59  T64B:4.09[3.41,4.82]n59  T5:6.16[2.76,9.44]n24  T4:4.09[2.79,5.51]n89
  cmd_hf_over_lf         V282:0.224[0.199,0.264]n249  V282old:0.13[0.0636,0.153]n127  T64:0.0662[0.0521,0.0828]n59  T64B:0.0573[0.0481,0.0686]n59  T5:0.0464[0.0329,0.0596]n24  T4:0.0445[0.0349,0.0547]n89
  demand_hf_over_rate    V282:0.183[0.152,0.218]n249  V282old:0.163[0.145,0.212]n127  T64:0.172[0.139,0.207]n59  T64B:0.139[0.119,0.162]n59  T5:0.141[0.116,0.177]n24  T4:0.177[0.151,0.204]n89
  f_share_hf             V282:24.3[23.1,25.3]n249  V282old:0.584[0.376,2.38]n127  T64:142[137,147]n59  T64B:143[140,146]n59  T5:138[135,144]n24  T4:107[105,111]n89
  p_share_hf             V282:1.33[1.24,1.56]n249  V282old:3.37[2.79,8.4]n127  T64:7.5[6.41,8.68]n59  T64B:7.69[7.06,8.56]n59  T5:10.4[8.87,11.5]n24  T4:18.2[16.5,19.2]n89
  i_share_hf             V282:0.000844[0.000168,0.00124]n249  V282old:0.000312[0.000225,0.00107]n127  T64:0.00248[0.002,0.00298]n59  T64B:0.00237[0.00207,0.00277]n59  T5:0.00315[0.00242,0.0036]n24  T4:0.0329[0.0281,0.0374]n89
  sat_frac               V282:0[0,0]n249  V282old:0[0,0]n127  T64:0[0,0]n59  T64B:0[0,0]n59  T5:0[0,0]n24  T4:0[0,0]n89

=== A 2.5-8 m/s  cell A15
  err_rms_cl_deg         V282:23.9[11.7,30.5]n32  V282old:20[14.8,28.3]n46  T64:11[9.21,12.9]n28  T64B:13.3[11,15.2]n25  T5:12.3[8.31,17.1]n13  T4:17.1[14,19.9]n29
  err_rms_deg            V282:23.9[11.8,30.9]n32  V282old:20[14.8,27.7]n46  T64:14.6[11.7,17.4]n28  T64B:15.8[13.3,18.5]n25  T5:15.5[10.6,20.9]n13  T4:18.1[15.4,21.1]n29
  sr_2_10_degps          V282:4.5[3.61,5.62]n32  V282old:4.94[3.44,5.69]n46  T64:13.7[10.3,17.2]n28  T64B:20.7[15.8,26.1]n25  T5:15.8[11.8,19.3]n13  T4:14.6[11.6,17.4]n29
  sr_18_35_degps         V282:2.7[1.83,3.33]n32  V282old:2.6[1.23,3.1]n46  T64:13.4[9.94,16.9]n28  T64B:21.1[14.6,27.3]n25  T5:16.2[12,20]n13  T4:16.8[12.3,20.8]n29
  sr_lt1_degps           V282:58[39.5,76.3]n32  V282old:56.3[40.1,73.9]n46  T64:61.6[45.7,77.8]n28  T64B:68.2[52.2,83.1]n25  T5:48.4[27.8,66.9]n13  T4:56.1[46.2,65.4]n29
  cmd_hf_over_lf         V282:0.0751[0.039,0.113]n32  V282old:0.0773[0.0236,0.108]n46  T64:0.0999[0.0683,0.142]n28  T64B:0.129[0.0975,0.169]n25  T5:0.0809[0.0559,0.118]n13  T4:0.0556[0.0444,0.068]n29
  demand_hf_over_rate    V282:0.0454[0.0155,0.0672]n32  V282old:0.0838[0.0266,0.152]n46  T64:0.0876[0.0309,0.151]n28  T64B:0.174[0.072,0.285]n25  T5:0.0922[0.0233,0.14]n13  T4:0.141[0.0841,0.182]n29
  f_share_hf             V282:25.6[22.1,28.7]n32  V282old:0.276[0.133,1.61]n46  T64:131[129,134]n28  T64B:124[120,128]n25  T5:127[124,131]n13  T4:107[103,111]n29
  p_share_hf             V282:2.27[1.86,2.49]n32  V282old:5.71[4.4,16.3]n46  T64:8.79[7.43,9.97]n28  T64B:10.2[9.17,11.3]n25  T5:10.4[9.08,11.3]n13  T4:15.4[14.3,16.2]n29
  i_share_hf             V282:0.0159[3.95e-05,0.0386]n32  V282old:0.00195[0.000767,0.00822]n46  T64:0.00265[0.00217,0.00334]n28  T64B:0.0111[0.00296,0.0386]n25  T5:0.00332[0.00294,0.00355]n13  T4:0.0321[0.0288,0.0354]n29
  sat_frac               V282:0[0,0]n32  V282old:0[0,0]n46  T64:0[0,0]n28  T64B:0[0,0]n25  T5:0[0,0]n13  T4:0[0,0]n29

=== A 2.5-8 m/s  cell R10
  err_rms_cl_deg         V282:21.5[11.4,28.4]n43  V282old:19.7[15,26.1]n53  T64:10.7[8.75,12.6]n30  T64B:12[9.98,14]n32  T5:12.5[8.6,16.9]n13  T4:15.1[12.1,18]n39
  err_rms_deg            V282:21.5[11.3,28.5]n43  V282old:19.7[15,26.7]n53  T64:14.5[11.4,17.7]n30  T64B:14.5[11.9,16.9]n32  T5:15.8[10.9,21]n13  T4:16[13.4,18.6]n39
  sr_2_10_degps          V282:4.25[3.16,4.87]n43  V282old:4.76[3.13,5.63]n53  T64:13.6[9.99,18.1]n30  T64B:18.6[13.9,23.3]n32  T5:14.3[8.95,19]n13  T4:13.2[10.4,15.8]n39
  sr_18_35_degps         V282:2.45[1.62,2.94]n43  V282old:2.49[1.15,3.02]n53  T64:13.3[9.59,17.9]n30  T64B:18.9[13.5,24.7]n32  T5:14.6[9.48,18.9]n13  T4:15.1[11.3,18.5]n39
  sr_lt1_degps           V282:53.1[34.9,64.3]n43  V282old:55.1[42.7,70.4]n53  T64:62.1[46.4,81.9]n30  T64B:62.6[49.3,76.1]n32  T5:48.3[27.5,67.6]n13  T4:49.6[40.6,58.6]n39
  cmd_hf_over_lf         V282:0.0742[0.0424,0.0962]n43  V282old:0.074[0.022,0.104]n53  T64:0.102[0.0703,0.145]n30  T64B:0.13[0.0971,0.169]n32  T5:0.0852[0.055,0.128]n13  T4:0.0567[0.0455,0.0684]n39
  demand_hf_over_rate    V282:0.0454[0.0212,0.0649]n43  V282old:0.0822[0.0268,0.145]n53  T64:0.0856[0.0317,0.141]n30  T64B:0.174[0.0771,0.286]n32  T5:0.0909[0.0196,0.138]n13  T4:0.142[0.0901,0.184]n39
  f_share_hf             V282:25.3[22,28]n43  V282old:0.275[0.136,1.59]n53  T64:131[129,134]n30  T64B:124[121,129]n32  T5:126[123,132]n13  T4:106[104,110]n39
  p_share_hf             V282:2.23[1.9,2.43]n43  V282old:5.64[4.43,16.1]n53  T64:8.81[7.55,9.95]n30  T64B:10.1[9.08,11.1]n32  T5:10.7[9.11,11.6]n13  T4:15.6[14.7,16.4]n39
  i_share_hf             V282:0.0149[0.00087,0.0352]n43  V282old:0.00209[0.00122,0.00757]n53  T64:0.00334[0.00239,0.00625]n30  T64B:0.011[0.00297,0.0348]n32  T5:0.00339[0.00289,0.00365]n13  T4:0.0325[0.0292,0.0354]n39
  sat_frac               V282:0[0,0]n43  V282old:0[0,0]n53  T64:0[0,0]n30  T64B:0[0,0]n32  T5:0[0,0]n13  T4:0[0,0]n39

=== A 2.5-8 m/s  cell ALL
  err_rms_cl_deg         V282:8.61[5.53,10.8]n298  V282old:10.7[7.97,16.9]n190  T64:6.78[5.33,8.07]n92  T64B:7.59[6.07,8.97]n92  T5:8.26[6,10.8]n40  T4:8.75[6.96,10.5]n129
  err_rms_deg            V282:8.61[5.56,11]n298  V282old:10.7[8.01,16.6]n190  T64:8.82[7,10.8]n92  T64B:9.04[7.26,10.8]n92  T5:10[6.9,13.1]n40  T4:9.31[7.57,11]n129
  sr_2_10_degps          V282:1.94[1.68,2.49]n298  V282old:2.77[2.16,3.16]n190  T64:8.17[6.14,10.7]n92  T64B:11.2[8.03,14.2]n92  T5:9.34[6.29,12]n40  T4:7.72[6.16,9.4]n129
  sr_18_35_degps         V282:1.15[0.965,1.4]n298  V282old:1.46[0.836,1.68]n190  T64:8[5.95,10.5]n92  T64B:11.4[7.73,14.9]n92  T5:9.51[6.3,12.3]n40  T4:8.64[6.44,10.8]n129
  sr_lt1_degps           V282:20.4[14.1,25.7]n298  V282old:29.5[22.4,45.4]n190  T64:35.8[25.3,48.1]n92  T64B:37.1[27.2,47]n92  T5:28.1[15.4,39.4]n40  T4:27.5[21.1,33]n129
  cmd_hf_over_lf         V282:0.089[0.0722,0.118]n298  V282old:0.0772[0.0249,0.105]n190  T64:0.0964[0.0697,0.134]n92  T64B:0.123[0.091,0.16]n92  T5:0.0781[0.0546,0.113]n40  T4:0.0553[0.0446,0.0658]n129
  demand_hf_over_rate    V282:0.0563[0.0406,0.0787]n298  V282old:0.0852[0.0304,0.148]n190  T64:0.0876[0.0369,0.149]n92  T64B:0.174[0.0787,0.289]n92  T5:0.0933[0.033,0.137]n40  T4:0.143[0.0899,0.184]n129
  f_share_hf             V282:25[23.2,26.8]n298  V282old:0.321[0.163,1.69]n190  T64:132[129,135]n92  T64B:125[121,130]n92  T5:127[124,132]n40  T4:106[104,110]n129
  p_share_hf             V282:1.92[1.47,2.06]n298  V282old:5.4[4.18,14.3]n190  T64:8.74[7.49,9.78]n92  T64B:10.1[9.02,11.1]n92  T5:10.4[9.12,11.3]n40  T4:15.8[15,16.6]n129
  i_share_hf             V282:0.01[0.000406,0.0215]n298  V282old:0.00185[0.00109,0.00503]n190  T64:0.00329[0.00242,0.00587]n92  T64B:0.0108[0.00297,0.0327]n92  T5:0.00331[0.00295,0.00354]n40  T4:0.0325[0.0296,0.0354]n129
  sat_frac               V282:0[0,0]n298  V282old:0[0,0]n190  T64:0[0,0]n92  T64B:0[0,0]n92  T5:0[0,0]n40  T4:0[0,0]n129

=== A 8-15 m/s  cell Q
  err_rms_cl_deg         V282:1.41[1.25,1.58]n493  V282old:2.45[1.92,3.61]n315  T64:1.72[1.56,1.87]n244  T64B:1.9[1.7,2.11]n184  T5:2.72[2.33,3.07]n44  T4:2.01[1.83,2.18]n221
  err_rms_deg            V282:1.41[1.25,1.59]n493  V282old:2.45[1.94,3.65]n315  T64:1.9[1.75,2.05]n244  T64B:2.16[1.97,2.37]n184  T5:3.05[2.64,3.41]n44  T4:2.17[1.98,2.36]n221
  sr_2_10_degps          V282:0.787[0.723,1.04]n493  V282old:0.931[0.813,0.99]n315  T64:2.49[2.14,2.99]n244  T64B:2.97[2.6,3.39]n184  T5:3.5[2.9,4.12]n44  T4:2.6[2.24,2.96]n221
  sr_18_35_degps         V282:0.431[0.398,0.531]n493  V282old:0.5[0.413,0.544]n315  T64:1.87[1.58,2.23]n244  T64B:2.43[2.08,2.83]n184  T5:2.53[2.02,3.05]n44  T4:2.21[1.87,2.59]n221
  sr_lt1_degps           V282:2.9[2.36,4.52]n493  V282old:3.76[3.12,4.39]n315  T64:3.45[2.99,3.95]n244  T64B:3.78[3.37,4.2]n184  T5:4.74[3.96,5.5]n44  T4:3.22[2.74,3.7]n221
  cmd_hf_over_lf         V282:0.118[0.109,0.139]n493  V282old:0.0991[0.0603,0.115]n315  T64:0.0549[0.0492,0.0612]n244  T64B:0.0617[0.0553,0.0689]n184  T5:0.0505[0.0421,0.0594]n44  T4:0.0365[0.0318,0.0415]n221
  demand_hf_over_rate    V282:0.122[0.11,0.141]n493  V282old:0.121[0.109,0.137]n315  T64:0.126[0.111,0.145]n244  T64B:0.131[0.116,0.148]n184  T5:0.0843[0.0697,0.103]n44  T4:0.127[0.114,0.144]n221
  f_share_hf             V282:22.2[21.5,22.4]n493  V282old:1.36[0.825,4.78]n315  T64:132[130,135]n244  T64B:136[135,138]n184  T5:127[124,130]n44  T4:100[97.6,103]n221
  p_share_hf             V282:1.93[1.82,2.14]n493  V282old:2.91[2.43,5.73]n315  T64:10.2[9.55,10.8]n244  T64B:8.85[8.24,9.49]n184  T5:11.9[11,12.9]n44  T4:19.4[18.4,20.2]n221
  i_share_hf             V282:0.000598[0.000289,0.001]n493  V282old:0.00054[0.000326,0.00181]n315  T64:0.00244[0.00219,0.00273]n244  T64B:0.0026[0.00208,0.00341]n184  T5:0.00281[0.00238,0.00348]n44  T4:0.101[0.0802,0.129]n221
  sat_frac               V282:0[0,0]n493  V282old:0[0,0]n315  T64:0[0,0]n244  T64B:0[0,0]n184  T5:0[0,0]n44  T4:0[0,0]n221

=== A 8-15 m/s  cell A15
  err_rms_cl_deg         V282:2.53[1.14,7.91]n43  V282old:8.44[5.33,18.6]n23  T64:nan  T64B:5.12[4.14,6.12]n28  T5:nan  T4:8.03[6.6,9.41]n19
  err_rms_deg            V282:2.53[1.14,7.91]n43  V282old:8.44[5.04,19.4]n23  T64:nan  T64B:6.91[5.24,8.6]n28  T5:nan  T4:9.78[7.92,11.8]n19
  sr_2_10_degps          V282:1.72[1.47,3.05]n43  V282old:2.33[1.67,2.82]n23  T64:nan  T64B:14.3[11.4,17]n28  T5:nan  T4:11[9.32,12.5]n19
  sr_18_35_degps         V282:0.629[0.536,1.45]n43  V282old:1.05[0.634,1.35]n23  T64:nan  T64B:14.4[11.1,17.4]n28  T5:nan  T4:11.3[9.71,12.7]n19
  sr_lt1_degps           V282:10.4[6.7,30.1]n43  V282old:24.4[16.1,43.4]n23  T64:nan  T64B:25.9[18.1,33.4]n28  T5:nan  T4:31.1[24.6,37.9]n19
  cmd_hf_over_lf         V282:0.0769[0.0564,0.0904]n43  V282old:0.0407[0.0235,0.0512]n23  T64:nan  T64B:0.0708[0.0596,0.0799]n28  T5:nan  T4:0.0386[0.0317,0.046]n19
  demand_hf_over_rate    V282:0.0408[0.0261,0.0571]n43  V282old:0.0403[0.03,0.0597]n23  T64:nan  T64B:0.0309[0.024,0.0445]n28  T5:nan  T4:0.032[0.0216,0.0503]n19
  f_share_hf             V282:22[20.6,22.2]n43  V282old:1.25[0.584,5.88]n23  T64:nan  T64B:123[121,126]n28  T5:nan  T4:101[99,103]n19
  p_share_hf             V282:1.85[1.78,2.39]n43  V282old:5.23[3.55,14.3]n23  T64:nan  T64B:10.8[10.1,11.3]n28  T5:nan  T4:17.3[16.5,18.3]n19
  i_share_hf             V282:0.000327[0,0.00114]n43  V282old:0.000407[0.000296,0.000915]n23  T64:nan  T64B:0.00503[0.00334,0.00763]n28  T5:nan  T4:0.0768[0.0614,0.0999]n19
  sat_frac               V282:0[0,0]n43  V282old:0[0,0]n23  T64:nan  T64B:0[0,0]n28  T5:nan  T4:0[0,0]n19

=== A 8-15 m/s  cell R10
  err_rms_cl_deg         V282:4.15[2.42,5.32]n23  V282old:9.96[5.76,15.5]n24  T64:5.91[3.13,11.2]n8  T64B:5.14[4.14,6.2]n29  T5:7.94[4.34,11.4]n12  T4:7.29[6.07,8.48]n27
  err_rms_deg            V282:4.15[2.5,5.33]n23  V282old:9.96[5.59,15.5]n24  T64:8.59[4.22,16.6]n8  T64B:7.15[5.61,8.73]n29  T5:9.89[5.65,14.1]n12  T4:9.16[7.36,10.8]n27
  sr_2_10_degps          V282:2.61[2.17,2.85]n23  V282old:2.77[2.4,3.1]n24  T64:9.99[7.8,12.3]n8  T64B:14.2[11.3,16.9]n29  T5:9.6[7.11,12.1]n12  T4:9.89[7.84,11.9]n27
  sr_18_35_degps         V282:0.889[0.755,1.08]n23  V282old:0.852[0.658,1.01]n24  T64:9.07[7.39,11.2]n8  T64B:14.1[10.9,17.3]n29  T5:9.86[6.78,12.7]n12  T4:10.1[7.99,11.8]n27
  sr_lt1_degps           V282:17.7[13.2,21.7]n23  V282old:29[20.2,42.4]n24  T64:29.8[11.8,61.2]n8  T64B:28.1[21.6,35.4]n29  T5:27.2[16.6,37.8]n12  T4:28.7[22.7,34.4]n27
  cmd_hf_over_lf         V282:0.0705[0.0528,0.0857]n23  V282old:0.0324[0.0194,0.0425]n24  T64:0.0979[0.0806,0.172]n8  T64B:0.0771[0.0658,0.0889]n29  T5:0.075[0.0566,0.0954]n12  T4:0.0474[0.0388,0.058]n27
  demand_hf_over_rate    V282:0.0297[0.0249,0.0356]n23  V282old:0.0298[0.0227,0.0368]n24  T64:0.027[0.0206,0.0379]n8  T64B:0.0283[0.0225,0.0378]n29  T5:0.032[0.0256,0.0425]n12  T4:0.0296[0.0209,0.0412]n27
  f_share_hf             V282:21.7[20.7,22]n23  V282old:1.65[0.617,6.52]n24  T64:130[125,133]n8  T64B:124[122,126]n29  T5:127[125,129]n12  T4:99.3[96.6,102]n27
  p_share_hf             V282:1.99[1.86,2.56]n23  V282old:5.2[3.53,11.9]n24  T64:10.4[8.99,13.1]n8  T64B:10.7[10,11.2]n29  T5:10.9[10.2,11.6]n12  T4:18.1[17,19.4]n27
  i_share_hf             V282:0.000644[0.00034,0.00142]n23  V282old:0.000971[0.000418,0.00457]n24  T64:0.00589[0.00307,0.00877]n8  T64B:0.00436[0.00321,0.00576]n29  T5:0.00396[0.00335,0.00476]n12  T4:0.0948[0.0716,0.122]n27
  sat_frac               V282:0[0,0]n23  V282old:0[0,0]n24  T64:0[0,0]n8  T64B:0[0,0]n29  T5:0[0,0]n12  T4:0[0,0]n27

=== A 8-15 m/s  cell ALL
  err_rms_cl_deg         V282:1.64[1.42,1.83]n551  V282old:3.62[2.63,5.52]n350  T64:1.99[1.69,2.39]n253  T64B:2.63[2.28,3.01]n224  T5:4.39[2.99,5.95]n56  T4:3.23[2.77,3.69]n253
  err_rms_deg            V282:1.64[1.4,1.83]n551  V282old:3.62[2.68,5.53]n350  T64:2.42[1.95,3.12]n253  T64B:3.32[2.8,3.87]n224  T5:5.32[3.59,7.39]n56  T4:3.8[3.21,4.46]n253
  sr_2_10_degps          V282:0.977[0.845,1.15]n551  V282old:1.19[1.04,1.3]n350  T64:3.08[2.57,3.55]n253  T64B:6.01[4.84,7.09]n224  T5:5.42[4.1,6.61]n56  T4:4.33[3.65,4.98]n253
  sr_18_35_degps         V282:0.466[0.433,0.564]n551  V282old:0.563[0.456,0.63]n350  T64:2.5[2.05,2.99]n253  T64B:5.79[4.5,6.99]n224  T5:5.09[3.49,6.65]n56  T4:4.2[3.5,4.93]n253
  sr_lt1_degps           V282:4.66[3.57,5.76]n551  V282old:8.6[6.27,13]n350  T64:6.36[3.65,9.8]n253  T64B:10.8[8.03,13.8]n224  T5:13.3[8.04,18.5]n56  T4:10.2[7.82,12.4]n253
  cmd_hf_over_lf         V282:0.0995[0.0911,0.122]n551  V282old:0.0633[0.0347,0.0788]n350  T64:0.0632[0.0547,0.0701]n253  T64B:0.0701[0.0622,0.077]n224  T5:0.0641[0.0521,0.0765]n56  T4:0.0405[0.0354,0.0462]n253
  demand_hf_over_rate    V282:0.0814[0.0704,0.103]n551  V282old:0.0641[0.049,0.0836]n350  T64:0.0713[0.0547,0.111]n253  T64B:0.0483[0.0381,0.0679]n224  T5:0.0427[0.0346,0.0568]n56  T4:0.0551[0.0444,0.0704]n253
  f_share_hf             V282:22.1[21.5,22.3]n551  V282old:1.39[0.785,5.14]n350  T64:131[129,134]n253  T64B:126[124,129]n224  T5:127[125,129]n56  T4:99.7[97.9,101]n253
  p_share_hf             V282:1.92[1.84,2.17]n551  V282old:3.41[2.67,7.68]n350  T64:10.3[9.49,11.1]n253  T64B:10.4[9.83,10.8]n224  T5:11.2[10.6,11.9]n56  T4:18.4[17.6,19.2]n253
  i_share_hf             V282:0.000566[0.00036,0.000819]n551  V282old:0.000589[0.000359,0.00193]n350  T64:0.00361[0.00246,0.00524]n253  T64B:0.0045[0.00328,0.00615]n224  T5:0.00361[0.00305,0.00404]n56  T4:0.0949[0.0783,0.114]n253
  sat_frac               V282:0[0,0]n551  V282old:0[0,0]n350  T64:0[0,0]n253  T64B:0[0,0]n224  T5:0[0,0]n56  T4:0[0,0]n253

=== C 2.5-8
  cmd_to_rate     V282       395s 0.3-1.0: coh 0.97 H 125 lag +0.005 yrms 94.4 | 1.0-2.0: coh 0.90 H 107 lag +0.022 yrms 26.6 | 2.0-4.0: coh 0.62 H 85.8 lag +0.040 yrms 10.4 | 4.0-10.0: coh 0.55 H 81.4 lag +0.039 yrms 14
  cmd_to_rate     V282old    231s 0.3-1.0: coh 0.96 H 121 lag +0.008 yrms 150 | 1.0-2.0: coh 0.83 H 102 lag +0.047 yrms 38.6 | 2.0-4.0: coh 0.59 H 109 lag +0.046 yrms 13.6 | 4.0-10.0: coh 0.64 H 136 lag +0.036 yrms 21.4
  cmd_to_rate     T64        103s 0.3-1.0: coh 0.20 H 240 lag +0.096 yrms 175 | 1.0-2.0: coh 0.52 H 614 lag +0.199 yrms 94.6 | 2.0-4.0: coh 0.85 H 673 lag +0.128 yrms 80.1 | 4.0-10.0: coh 0.64 H 466 lag +0.077 yrms 27.3
  cmd_to_rate     T64B       118s 0.3-1.0: coh 0.37 H 406 lag -0.136 yrms 258 | 1.0-2.0: coh 0.45 H 477 lag +0.111 yrms 123 | 2.0-4.0: coh 0.77 H 513 lag +0.114 yrms 108 | 4.0-10.0: coh 0.76 H 491 lag +0.081 yrms 31.6
  cmd_to_rate     T5          42s 0.3-1.0: coh 0.26 H 182 lag -0.207 yrms 131 | 1.0-2.0: coh 0.82 H 989 lag +0.252 yrms 124 | 2.0-4.0: coh 0.96 H 800 lag +0.144 yrms 68.4 | 4.0-10.0: coh 0.66 H 594 lag +0.072 yrms 18.9
  cmd_to_rate     T4         166s 0.3-1.0: coh 0.17 H 306 lag -0.095 yrms 198 | 1.0-2.0: coh 0.59 H 642 lag +0.128 yrms 135 | 2.0-4.0: coh 0.76 H 892 lag +0.123 yrms 78.7 | 4.0-10.0: coh 0.36 H 567 lag +0.071 yrms 22.9
  des_to_angle    V282       395s 0.3-1.0: coh 0.83 H 0.943 lag +0.200 yrms 48.4 | 1.0-2.0: coh 0.62 H 0.593 lag +0.174 yrms 4.67 | 2.0-4.0: coh 0.22 H 0.11 lag +0.074 yrms 0.715 | 4.0-10.0: coh 0.31 H 0.107 lag -0.046 yrms 0.486
  des_to_angle    V282old    231s 0.3-1.0: coh 0.89 H 0.993 lag +0.152 yrms 88.8 | 1.0-2.0: coh 0.13 H 0.234 lag +0.269 yrms 6.72 | 2.0-4.0: coh 0.16 H 0.121 lag +0.046 yrms 0.936 | 4.0-10.0: coh 0.31 H 0.0781 lag -0.059 yrms 0.669
  des_to_angle    T64        103s 0.3-1.0: coh 0.90 H 1.03 lag +0.059 yrms 99.1 | 1.0-2.0: coh 0.21 H 0.562 lag +0.110 yrms 15.2 | 2.0-4.0: coh 0.27 H 0.455 lag +0.131 yrms 5.02 | 4.0-10.0: coh 0.16 H 0.075 lag +0.077 yrms 0.991
  des_to_angle    T64B       118s 0.3-1.0: coh 0.86 H 1.04 lag +0.042 yrms 110 | 1.0-2.0: coh 0.58 H 0.557 lag +0.124 yrms 18.7 | 2.0-4.0: coh 0.54 H 0.368 lag +0.118 yrms 7.12 | 4.0-10.0: coh 0.16 H 0.0653 lag +0.079 yrms 1.14
  des_to_angle    T5          42s 0.3-1.0: coh 0.85 H 0.86 lag +0.072 yrms 67.4 | 1.0-2.0: coh 0.11 H 0.817 lag -0.288 yrms 18.2 | 2.0-4.0: coh 0.13 H 0.704 lag +0.027 yrms 4.29 | 4.0-10.0: coh 0.06 H 0.0857 lag +0.054 yrms 0.687
  des_to_angle    T4         166s 0.3-1.0: coh 0.69 H 0.945 lag +0.104 yrms 87 | 1.0-2.0: coh 0.40 H 0.408 lag -0.311 yrms 19.6 | 2.0-4.0: coh 0.07 H 0.137 lag +0.076 yrms 5.12 | 4.0-10.0: coh 0.04 H 0.0188 lag +0.040 yrms 0.86
  desrate_to_cmd  V282       395s 0.3-1.0: coh 0.87 H 0.00626 lag +0.202 yrms 0.744 | 1.0-2.0: coh 0.60 H 0.00432 lag +0.182 yrms 0.235 | 2.0-4.0: coh 0.56 H 0.00145 lag +0.057 yrms 0.0956 | 4.0-10.0: coh 0.65 H 0.00101 lag -0.069 yrms 0.0979
  desrate_to_cmd  V282old    231s 0.3-1.0: coh 0.69 H 0.00614 lag +0.248 yrms 1.21 | 1.0-2.0: coh 0.39 H 0.00285 lag +0.286 yrms 0.344 | 2.0-4.0: coh 0.32 H 0.000927 lag +0.070 yrms 0.0955 | 4.0-10.0: coh 0.54 H 0.00055 lag -0.074 yrms 0.0928
  desrate_to_cmd  T64        103s 0.3-1.0: coh 0.23 H 0.00128 lag +0.335 yrms 0.326 | 1.0-2.0: coh 0.30 H 0.000666 lag +0.100 yrms 0.107 | 2.0-4.0: coh 0.48 H 0.000772 lag +0.036 yrms 0.109 | 4.0-10.0: coh 0.37 H 0.000165 lag -0.001 yrms 0.0459
  desrate_to_cmd  T64B       118s 0.3-1.0: coh 0.53 H 0.00133 lag +0.292 yrms 0.384 | 1.0-2.0: coh 0.72 H 0.000586 lag +0.064 yrms 0.168 | 2.0-4.0: coh 0.65 H 0.000656 lag +0.036 yrms 0.183 | 4.0-10.0: coh 0.27 H 0.000116 lag +0.008 yrms 0.0551
  desrate_to_cmd  T5          42s 0.3-1.0: coh 0.32 H 0.00164 lag +0.443 yrms 0.291 | 1.0-2.0: coh 0.25 H 0.00106 lag +0.189 yrms 0.113 | 2.0-4.0: coh 0.13 H 0.000808 lag -0.110 yrms 0.0836 | 4.0-10.0: coh 0.13 H 0.000118 lag +0.006 yrms 0.0252
  desrate_to_cmd  T4         166s 0.3-1.0: coh 0.41 H 0.00119 lag +0.481 yrms 0.264 | 1.0-2.0: coh 0.66 H 0.000553 lag +0.338 yrms 0.161 | 2.0-4.0: coh 0.18 H 0.000177 lag +0.081 yrms 0.0768 | 4.0-10.0: coh 0.13 H 3.08e-05 lag -0.013 yrms 0.024
  ff_to_rate      V282       395s 0.3-1.0: coh 0.93 H 26.2 lag -0.945 yrms 94.4 | 1.0-2.0: coh 0.79 H 22.7 lag -0.371 yrms 26.6 | 2.0-4.0: coh 0.57 H 16.9 lag -0.115 yrms 10.4 | 4.0-10.0: coh 0.47 H 13.5 lag -0.051 yrms 14
  ff_to_rate      V282old    231s 0.3-1.0: coh 0.56 H 125 lag +0.716 yrms 150 | 1.0-2.0: coh 0.28 H 108 lag -0.333 yrms 38.6 | 2.0-4.0: coh 0.12 H 80.3 lag -0.134 yrms 13.6 | 4.0-10.0: coh 0.17 H 128 lag -0.035 yrms 21.4
  ff_to_rate      T64        103s 0.3-1.0: coh 0.10 H 12.1 lag +0.819 yrms 175 | 1.0-2.0: coh 0.39 H 43.3 lag -0.116 yrms 94.6 | 2.0-4.0: coh 0.85 H 59 lag -0.035 yrms 80.1 | 4.0-10.0: coh 0.67 H 39.3 lag -0.012 yrms 27.3
  ff_to_rate      T64B       118s 0.3-1.0: coh 0.23 H 25.9 lag +0.727 yrms 258 | 1.0-2.0: coh 0.35 H 35.1 lag -0.214 yrms 123 | 2.0-4.0: coh 0.73 H 45 lag -0.063 yrms 108 | 4.0-10.0: coh 0.78 H 41.1 lag -0.014 yrms 31.6
  ff_to_rate      T5          42s 0.3-1.0: coh 0.19 H 11.9 lag +0.662 yrms 131 | 1.0-2.0: coh 0.80 H 69.1 lag -0.100 yrms 124 | 2.0-4.0: coh 0.96 H 70.5 lag -0.025 yrms 68.4 | 4.0-10.0: coh 0.69 H 50.9 lag -0.014 yrms 18.9
  ff_to_rate      T4         166s 0.3-1.0: coh 0.16 H 20 lag +0.568 yrms 198 | 1.0-2.0: coh 0.53 H 47.2 lag -0.237 yrms 135 | 2.0-4.0: coh 0.70 H 83.8 lag -0.053 yrms 78.7 | 4.0-10.0: coh 0.36 H 50 lag -0.015 yrms 22.9
  p_to_rate       V282       395s 0.3-1.0: coh 0.84 H 44 lag +0.988 yrms 94.4 | 1.0-2.0: coh 0.61 H 65.1 lag +0.397 yrms 26.6 | 2.0-4.0: coh 0.63 H 66.4 lag -0.118 yrms 10.4 | 4.0-10.0: coh 0.51 H 55.9 lag -0.055 yrms 14
  p_to_rate       V282old    231s 0.3-1.0: coh 0.85 H 48 lag -0.911 yrms 150 | 1.0-2.0: coh 0.43 H 30.1 lag -0.311 yrms 38.6 | 2.0-4.0: coh 0.49 H 53.6 lag -0.111 yrms 13.6 | 4.0-10.0: coh 0.47 H 44 lag -0.063 yrms 21.4
  p_to_rate       T64        103s 0.3-1.0: coh 0.56 H 64.7 lag -0.669 yrms 175 | 1.0-2.0: coh 0.38 H 101 lag -0.214 yrms 94.6 | 2.0-4.0: coh 0.90 H 219 lag -0.070 yrms 80.1 | 4.0-10.0: coh 0.54 H 197 lag -0.033 yrms 27.3
  p_to_rate       T64B       118s 0.3-1.0: coh 0.31 H 50.4 lag -0.978 yrms 258 | 1.0-2.0: coh 0.46 H 126 lag -0.210 yrms 123 | 2.0-4.0: coh 0.88 H 175 lag -0.084 yrms 108 | 4.0-10.0: coh 0.66 H 211 lag -0.032 yrms 31.6
  p_to_rate       T5          42s 0.3-1.0: coh 0.45 H 61.8 lag -1.008 yrms 131 | 1.0-2.0: coh 0.46 H 182 lag -0.302 yrms 124 | 2.0-4.0: coh 0.98 H 253 lag -0.061 yrms 68.4 | 4.0-10.0: coh 0.54 H 212 lag -0.039 yrms 18.9
  p_to_rate       T4         166s 0.3-1.0: coh 0.42 H 63.4 lag -0.800 yrms 198 | 1.0-2.0: coh 0.55 H 188 lag -0.172 yrms 135 | 2.0-4.0: coh 0.90 H 235 lag -0.073 yrms 78.7 | 4.0-10.0: coh 0.42 H 204 lag -0.030 yrms 22.9

=== C 8-15
  cmd_to_rate     V282       714s 0.3-1.0: coh 0.84 H 91.9 lag -0.053 yrms 19.8 | 1.0-2.0: coh 0.86 H 90.1 lag +0.004 yrms 8.71 | 2.0-4.0: coh 0.56 H 96.4 lag +0.022 yrms 4.66 | 4.0-10.0: coh 0.59 H 117 lag +0.025 yrms 8.03
  cmd_to_rate     V282old    441s 0.3-1.0: coh 0.89 H 104 lag -0.071 yrms 37.8 | 1.0-2.0: coh 0.86 H 101 lag +0.005 yrms 11 | 2.0-4.0: coh 0.56 H 117 lag +0.036 yrms 5.58 | 4.0-10.0: coh 0.48 H 185 lag +0.032 yrms 9.71
  cmd_to_rate     T64        350s 0.3-1.0: coh 0.41 H 78.7 lag -0.237 yrms 31.3 | 1.0-2.0: coh 0.16 H 220 lag +0.113 yrms 20 | 2.0-4.0: coh 0.80 H 721 lag +0.134 yrms 24 | 4.0-10.0: coh 0.92 H 937 lag +0.073 yrms 15.1
  cmd_to_rate     T64B       290s 0.3-1.0: coh 0.25 H 85.5 lag -0.300 yrms 63.2 | 1.0-2.0: coh 0.61 H 715 lag +0.243 yrms 63.8 | 2.0-4.0: coh 0.93 H 808 lag +0.141 yrms 56.2 | 4.0-10.0: coh 0.88 H 848 lag +0.076 yrms 20.2
  cmd_to_rate     T5          68s 0.3-1.0: coh 0.32 H 82.6 lag -0.337 yrms 54.3 | 1.0-2.0: coh 0.42 H 476 lag +0.273 yrms 36.3 | 2.0-4.0: coh 0.98 H 956 lag +0.145 yrms 43.7 | 4.0-10.0: coh 0.98 H 989 lag +0.079 yrms 23.2
  cmd_to_rate     T4         337s 0.3-1.0: coh 0.30 H 143 lag -0.356 yrms 77.3 | 1.0-2.0: coh 0.42 H 757 lag +0.271 yrms 47.1 | 2.0-4.0: coh 0.95 H 1.19e+03 lag +0.136 yrms 42.2 | 4.0-10.0: coh 0.85 H 1.46e+03 lag +0.066 yrms 15.1
  des_to_angle    V282       714s 0.3-1.0: coh 0.92 H 1.03 lag +0.063 yrms 15.5 | 1.0-2.0: coh 0.48 H 0.619 lag +0.172 yrms 1.66 | 2.0-4.0: coh 0.24 H 0.221 lag +0.054 yrms 0.362 | 4.0-10.0: coh 0.29 H 0.225 lag -0.060 yrms 0.315
  des_to_angle    V282old    441s 0.3-1.0: coh 0.89 H 1.24 lag +0.128 yrms 25 | 1.0-2.0: coh 0.59 H 0.691 lag +0.160 yrms 2.4 | 2.0-4.0: coh 0.19 H 0.204 lag +0.051 yrms 0.425 | 4.0-10.0: coh 0.14 H 0.108 lag -0.078 yrms 0.346
  des_to_angle    T64        350s 0.3-1.0: coh 0.84 H 1.02 lag +0.132 yrms 17.8 | 1.0-2.0: coh 0.19 H 0.584 lag +0.064 yrms 3.04 | 2.0-4.0: coh 0.03 H 0.289 lag +0.125 yrms 1.51 | 4.0-10.0: coh 0.02 H 0.105 lag -0.076 yrms 0.558
  des_to_angle    T64B       290s 0.3-1.0: coh 0.88 H 1.01 lag +0.061 yrms 34.6 | 1.0-2.0: coh 0.11 H 0.906 lag -0.033 yrms 8.54 | 2.0-4.0: coh 0.03 H 0.544 lag +0.130 yrms 3.51 | 4.0-10.0: coh 0.01 H 0.0638 lag +0.060 yrms 0.742
  des_to_angle    T5          68s 0.3-1.0: coh 0.91 H 1.11 lag +0.131 yrms 39 | 1.0-2.0: coh 0.27 H 0.865 lag +0.045 yrms 5.63 | 2.0-4.0: coh 0.08 H 0.857 lag +0.107 yrms 2.93 | 4.0-10.0: coh 0.06 H 0.203 lag -0.085 yrms 0.921
  des_to_angle    T4         337s 0.3-1.0: coh 0.87 H 1.07 lag +0.112 yrms 40 | 1.0-2.0: coh 0.11 H 0.72 lag +0.013 yrms 6.94 | 2.0-4.0: coh 0.02 H 0.253 lag -0.091 yrms 2.8 | 4.0-10.0: coh 0.00 H 0.0374 lag +0.059 yrms 0.569
  desrate_to_cmd  V282       714s 0.3-1.0: coh 0.82 H 0.00852 lag +0.229 yrms 0.197 | 1.0-2.0: coh 0.74 H 0.00531 lag +0.225 yrms 0.0891 | 2.0-4.0: coh 0.65 H 0.00211 lag +0.052 yrms 0.0362 | 4.0-10.0: coh 0.79 H 0.00163 lag -0.065 yrms 0.0387
  desrate_to_cmd  V282old    441s 0.3-1.0: coh 0.75 H 0.00909 lag +0.257 yrms 0.345 | 1.0-2.0: coh 0.59 H 0.00407 lag +0.204 yrms 0.101 | 2.0-4.0: coh 0.52 H 0.00162 lag +0.059 yrms 0.0357 | 4.0-10.0: coh 0.56 H 0.000773 lag +0.071 yrms 0.0293
  desrate_to_cmd  T64        350s 0.3-1.0: coh 0.46 H 0.00607 lag +0.473 yrms 0.249 | 1.0-2.0: coh 0.54 H 0.00164 lag +0.176 yrms 0.036 | 2.0-4.0: coh 0.21 H 0.00088 lag +0.065 yrms 0.0297 | 4.0-10.0: coh 0.10 H 0.000198 lag +0.011 yrms 0.0154
  desrate_to_cmd  T64B       290s 0.3-1.0: coh 0.30 H 0.00347 lag +0.483 yrms 0.278 | 1.0-2.0: coh 0.19 H 0.00128 lag +0.184 yrms 0.068 | 2.0-4.0: coh 0.09 H 0.000983 lag +0.046 yrms 0.0671 | 4.0-10.0: coh 0.10 H 0.000185 lag +0.001 yrms 0.0223
  desrate_to_cmd  T5          68s 0.3-1.0: coh 0.37 H 0.00432 lag +0.584 yrms 0.358 | 1.0-2.0: coh 0.23 H 0.000875 lag +0.331 yrms 0.0435 | 2.0-4.0: coh 0.09 H 0.000781 lag -0.037 yrms 0.0453 | 4.0-10.0: coh 0.07 H 0.000167 lag +0.025 yrms 0.0232
  desrate_to_cmd  T4         337s 0.3-1.0: coh 0.48 H 0.00357 lag +0.536 yrms 0.253 | 1.0-2.0: coh 0.17 H 0.000679 lag -0.316 yrms 0.0392 | 2.0-4.0: coh 0.06 H 0.000347 lag +0.125 yrms 0.0344 | 4.0-10.0: coh 0.04 H 4.57e-05 lag +0.000 yrms 0.00942
  ff_to_rate      V282       714s 0.3-1.0: coh 0.83 H 20.8 lag +0.911 yrms 19.8 | 1.0-2.0: coh 0.86 H 19 lag -0.370 yrms 8.71 | 2.0-4.0: coh 0.53 H 20 lag -0.136 yrms 4.66 | 4.0-10.0: coh 0.56 H 23.1 lag -0.069 yrms 8.03
  ff_to_rate      V282old    441s 0.3-1.0: coh 0.56 H 39.5 lag +0.707 yrms 37.8 | 1.0-2.0: coh 0.59 H 65.6 lag -0.375 yrms 11 | 2.0-4.0: coh 0.31 H 67.4 lag -0.142 yrms 5.58 | 4.0-10.0: coh 0.27 H 114 lag -0.046 yrms 9.71
  ff_to_rate      T64        350s 0.3-1.0: coh 0.38 H 5.8 lag +0.807 yrms 31.3 | 1.0-2.0: coh 0.12 H 14.6 lag +0.009 yrms 20 | 2.0-4.0: coh 0.75 H 61.2 lag -0.023 yrms 24 | 4.0-10.0: coh 0.92 H 78.3 lag -0.015 yrms 15.1
  ff_to_rate      T64B       290s 0.3-1.0: coh 0.26 H 6.7 lag +0.691 yrms 63.2 | 1.0-2.0: coh 0.60 H 55.4 lag -0.064 yrms 63.8 | 2.0-4.0: coh 0.92 H 71.8 lag -0.024 yrms 56.2 | 4.0-10.0: coh 0.89 H 70 lag -0.014 yrms 20.2
  ff_to_rate      T5          68s 0.3-1.0: coh 0.31 H 6.24 lag +0.750 yrms 54.3 | 1.0-2.0: coh 0.37 H 37.9 lag -0.045 yrms 36.3 | 2.0-4.0: coh 0.98 H 85.7 lag -0.019 yrms 43.7 | 4.0-10.0: coh 0.98 H 83.1 lag -0.014 yrms 23.2
  ff_to_rate      T4         337s 0.3-1.0: coh 0.44 H 14.5 lag +0.639 yrms 77.3 | 1.0-2.0: coh 0.52 H 57.8 lag -0.028 yrms 47.1 | 2.0-4.0: coh 0.92 H 119 lag -0.035 yrms 42.2 | 4.0-10.0: coh 0.81 H 138 lag -0.025 yrms 15.1
  p_to_rate       V282       714s 0.3-1.0: coh 0.71 H 46.2 lag +1.042 yrms 19.8 | 1.0-2.0: coh 0.75 H 62.8 lag +0.376 yrms 8.71 | 2.0-4.0: coh 0.60 H 70 lag -0.131 yrms 4.66 | 4.0-10.0: coh 0.63 H 101 lag -0.062 yrms 8.03
  p_to_rate       V282old    441s 0.3-1.0: coh 0.79 H 42.3 lag -0.920 yrms 37.8 | 1.0-2.0: coh 0.74 H 58 lag -0.382 yrms 11 | 2.0-4.0: coh 0.53 H 71.8 lag -0.123 yrms 5.58 | 4.0-10.0: coh 0.45 H 90.5 lag -0.058 yrms 9.71
  p_to_rate       T64        350s 0.3-1.0: coh 0.50 H 32.6 lag -0.949 yrms 31.3 | 1.0-2.0: coh 0.56 H 102 lag -0.336 yrms 20 | 2.0-4.0: coh 0.91 H 241 lag -0.052 yrms 24 | 4.0-10.0: coh 0.84 H 309 lag -0.039 yrms 15.1
  p_to_rate       T64B       290s 0.3-1.0: coh 0.41 H 42.8 lag -0.816 yrms 63.2 | 1.0-2.0: coh 0.74 H 145 lag -0.279 yrms 63.8 | 2.0-4.0: coh 0.97 H 253 lag -0.053 yrms 56.2 | 4.0-10.0: coh 0.85 H 327 lag -0.039 yrms 20.2
  p_to_rate       T5          68s 0.3-1.0: coh 0.37 H 38.8 lag -0.958 yrms 54.3 | 1.0-2.0: coh 0.52 H 128 lag -0.207 yrms 36.3 | 2.0-4.0: coh 0.97 H 272 lag -0.053 yrms 43.7 | 4.0-10.0: coh 0.93 H 322 lag -0.040 yrms 23.2
  p_to_rate       T4         337s 0.3-1.0: coh 0.49 H 54.7 lag -0.600 yrms 77.3 | 1.0-2.0: coh 0.71 H 116 lag -0.287 yrms 47.1 | 2.0-4.0: coh 0.97 H 279 lag -0.052 yrms 42.2 | 4.0-10.0: coh 0.84 H 343 lag -0.038 yrms 15.1

=== D dwell-then-jump
  2.5-8|V282 {'n': 76, 'travel_deg': 3229.583, 'per100': 2.353, 'jump_p50': 0.55, 'jump_p90': 1.417, 'frac_jump_gt3': 0.013, 'per_route': [(10, 522), (7, 586), (59, 2122)]}
  8-15|V282 {'n': 77, 'travel_deg': 2082.45, 'per100': 3.698, 'jump_p50': 0.692, 'jump_p90': 1.28, 'frac_jump_gt3': 0.0, 'per_route': [(9, 251), (9, 396), (59, 1435)]}
  2.5-8|V282old {'n': 36, 'travel_deg': 3259.364, 'per100': 1.105, 'jump_p50': 0.746, 'jump_p90': 2.021, 'frac_jump_gt3': 0.0, 'per_route': [(24, 2418), (3, 398), (9, 444)]}
  8-15|V282old {'n': 47, 'travel_deg': 1967.137, 'per100': 2.389, 'jump_p50': 0.659, 'jump_p90': 1.084, 'frac_jump_gt3': 0.021, 'per_route': [(32, 1234), (5, 442), (10, 290)]}
  2.5-8|T64 {'n': 20, 'travel_deg': 2119.208, 'per100': 0.944, 'jump_p50': 1.568, 'jump_p90': 11.567, 'frac_jump_gt3': 0.35, 'per_route': [(13, 1116), (7, 1003)]}
  8-15|T64 {'n': 55, 'travel_deg': 1230.669, 'per100': 4.469, 'jump_p50': 0.747, 'jump_p90': 2.094, 'frac_jump_gt3': 0.073, 'per_route': [(27, 584), (28, 646)]}
  2.5-8|T64B {'n': 26, 'travel_deg': 2602.408, 'per100': 0.999, 'jump_p50': 1.0, 'jump_p90': 2.85, 'frac_jump_gt3': 0.115, 'per_route': [(26, 2602)]}
  8-15|T64B {'n': 64, 'travel_deg': 1892.941, 'per100': 3.381, 'jump_p50': 0.948, 'jump_p90': 4.492, 'frac_jump_gt3': 0.172, 'per_route': [(64, 1893)]}
  2.5-8|T5 {'n': 12, 'travel_deg': 854.492, 'per100': 1.404, 'jump_p50': 1.224, 'jump_p90': 3.655, 'frac_jump_gt3': 0.25, 'per_route': [(12, 854)]}
  8-15|T5 {'n': 12, 'travel_deg': 505.085, 'per100': 2.376, 'jump_p50': 1.2, 'jump_p90': 2.59, 'frac_jump_gt3': 0.0, 'per_route': [(12, 505)]}
  2.5-8|T4 {'n': 39, 'travel_deg': 2487.439, 'per100': 1.568, 'jump_p50': 1.1, 'jump_p90': 3.0, 'frac_jump_gt3': 0.077, 'per_route': [(39, 2487)]}
  8-15|T4 {'n': 54, 'travel_deg': 1814.67, 'per100': 2.976, 'jump_p50': 0.82, 'jump_p90': 1.67, 'frac_jump_gt3': 0.056, 'per_route': [(54, 1815)]}

=== E events
  2.5-8|V282 {'n': 9, 'n_build': 2, 'dDes': [19.788, 24.569, 35.166], 'peak_rate_des': [18.336, 35.69, 60.053], 'peak_rate_meas': [20.268, 27.767, 52.766], 't50_lag': [0.17, 0.313, 0.697], 't50_lag_cl': [0.17, 0.313, 0.697], 'rise_des': [1.639, 2.402, 3.223], 'rise_meas': [2.029, 2.921, 3.811], 'overrun': [1.143, 4.089, 6.449], 'overrun_cl': [1.143, 4.089, 6.449], 'err_rms_cl': [5.222, 5.668, 7.688], 'sr_2_10': [1.824, 2.434, 2.665], 'sr_18_35': [0.748, 1.119, 1.605], 'n_dj': [0.0, 0.0, 0.0], 'max_jump': [0.0, 0.0, 0.0], 'settle_err': [3.059, 5.207, 7.119], 'ratio_mid': [0.188, 0.403, 0.777], 'rate_ratio': [0.778, 0.842, 0.879]}
  8-15|V282 {'n': 4, 'n_build': 2, 'dDes': [15.16, 21.455, 28.161], 'peak_rate_des': [16.831, 17.12, 20.319], 'peak_rate_meas': [18.345, 18.797, 21.381], 't50_lag': [0.11, 0.176, 0.18], 't50_lag_cl': [0.11, 0.176, 0.18], 'rise_des': [1.194, 2.095, 2.975], 'rise_meas': [1.059, 1.34, 1.712], 'overrun': [-1.551, 0.66, 3.274], 'overrun_cl': [-1.551, 0.66, 3.274], 'err_rms_cl': [3.107, 3.353, 5.835], 'sr_2_10': [2.08, 2.316, 2.59], 'sr_18_35': [0.673, 0.932, 1.161], 'n_dj': [0.0, 0.0, 0.0], 'max_jump': [0.0, 0.0, 0.0], 'settle_err': [1.014, 2.249, 3.57], 'ratio_mid': [-427.643, 0.592, 0.701], 'rate_ratio': [1.026, 1.061, 1.097]}
  2.5-8|V282old {'n': 11, 'n_build': 3, 'dDes': [16.627, 38.472, 96.666], 'peak_rate_des': [35.359, 57.075, 72.984], 'peak_rate_meas': [27.495, 41.514, 66.887], 't50_lag': [0.031, 0.309, 0.401], 't50_lag_cl': [0.031, 0.309, 0.401], 'rise_des': [1.297, 1.657, 2.542], 'rise_meas': [1.095, 1.44, 1.764], 'overrun': [1.397, 4.858, 9.722], 'overrun_cl': [1.397, 4.858, 9.722], 'err_rms_cl': [2.986, 6.232, 12.32], 'sr_2_10': [2.186, 2.962, 3.694], 'sr_18_35': [0.739, 1.13, 2.253], 'n_dj': [0.0, 0.0, 0.0], 'max_jump': [0.0, 0.0, 0.0], 'settle_err': [1.626, 2.662, 5.395], 'ratio_mid': [0.595, 0.701, 0.943], 'rate_ratio': [0.813, 0.936, 0.996]}
  8-15|V282old {'n': 6, 'n_build': 1, 'dDes': [20.141, 39.927, 73.737], 'peak_rate_des': [30.385, 57.486, 78.89], 'peak_rate_meas': [35.573, 65.755, 74.971], 't50_lag': [0.029, 0.2, 0.244], 't50_lag_cl': [0.029, 0.2, 0.244], 'rise_des': [0.9, 1.049, 1.671], 'rise_meas': [0.748, 1.166, 1.675], 'overrun': [7.845, 9.752, 16.038], 'overrun_cl': [7.845, 9.752, 16.038], 'err_rms_cl': [6.733, 11.348, 11.785], 'sr_2_10': [2.126, 2.152, 2.288], 'sr_18_35': [0.582, 0.754, 0.982], 'n_dj': [0.0, 0.0, 0.0], 'max_jump': [0.0, 0.0, 0.0], 'settle_err': [3.677, 3.947, 5.317], 'ratio_mid': [0.521, 0.696, 1.075], 'rate_ratio': [1.029, 1.093, 1.266]}
  2.5-8|T64 {'n': 3, 'n_build': 0, 'dDes': [84.626, 136.84, 151.707], 'peak_rate_des': [53.677, 82.82, 115.056], 'peak_rate_meas': [79.855, 108.561, 127.201], 't50_lag': [0.034, 0.353, 0.372], 't50_lag_cl': [-0.062, 0.26, 0.273], 'rise_des': [1.322, 1.551, 1.573], 'rise_meas': [1.27, 1.427, 1.497], 'overrun': [6.653, 8.065, 11.061], 'overrun_cl': [6.611, 8.845, 10.335], 'err_rms_cl': [6.009, 7.619, 9.471], 'sr_2_10': [10.104, 11.966, 12.056], 'sr_18_35': [10.22, 11.866, 12.841], 'n_dj': [0.0, 0.0, 0.0], 'max_jump': [0.0, 0.0, 0.0], 'settle_err': [3.685, 3.802, 4.017], 'ratio_mid': [0.566, 0.642, 0.934], 'rate_ratio': [1.15, 1.311, 1.698]}
  8-15|T64 {'n': 4, 'n_build': 1, 'dDes': [8.263, 11.809, 55.006], 'peak_rate_des': [22.716, 48.507, 79.655], 'peak_rate_meas': [42.096, 72.251, 105.602], 't50_lag': [0.03, 0.155, 0.267], 't50_lag_cl': [-0.011, 0.074, 0.16], 'rise_des': [0.304, 0.478, 0.86], 'rise_meas': [0.288, 0.439, 0.806], 'overrun': [5.082, 6.831, 7.295], 'overrun_cl': [3.692, 4.526, 5.385], 'err_rms_cl': [2.316, 3.237, 4.929], 'sr_2_10': [6.071, 6.75, 8.045], 'sr_18_35': [5.844, 6.673, 7.297], 'n_dj': [0.0, 0.0, 0.5], 'max_jump': [0.0, 0.0, 0.5], 'settle_err': [1.186, 1.97, 3.136], 'ratio_mid': [0.071, 0.737, 1.303], 'rate_ratio': [1.341, 1.578, 1.883]}
  2.5-8|T64B {'n': 7, 'n_build': 1, 'dDes': [43.103, 70.14, 122.759], 'peak_rate_des': [52.058, 74.402, 115.847], 'peak_rate_meas': [76.398, 104.404, 139.797], 't50_lag': [0.24, 0.289, 0.54], 't50_lag_cl': [0.139, 0.189, 0.403], 'rise_des': [0.738, 1.33, 1.675], 'rise_meas': [1.316, 1.814, 1.997], 'overrun': [4.147, 7.727, 9.928], 'overrun_cl': [3.562, 6.697, 7.666], 'err_rms_cl': [5.654, 8.14, 9.862], 'sr_2_10': [7.48, 11.152, 14.625], 'sr_18_35': [7.539, 8.64, 12.762], 'n_dj': [0.0, 0.0, 1.0], 'max_jump': [0.0, 0.0, 0.972], 'settle_err': [1.439, 2.175, 5.152], 'ratio_mid': [0.044, 0.704, 0.861], 'rate_ratio': [1.031, 1.402, 1.507]}
  8-15|T64B {'n': 10, 'n_build': 3, 'dDes': [16.037, 36.41, 79.454], 'peak_rate_des': [21.223, 32.127, 57.924], 'peak_rate_meas': [38.331, 56.939, 81.921], 't50_lag': [0.163, 0.323, 0.4], 't50_lag_cl': [0.119, 0.228, 0.313], 'rise_des': [1.19, 1.391, 1.775], 'rise_meas': [1.233, 1.409, 1.662], 'overrun': [2.465, 5.089, 7.747], 'overrun_cl': [1.865, 4.491, 6.144], 'err_rms_cl': [3.211, 4.292, 5.308], 'sr_2_10': [6.418, 10.403, 12.974], 'sr_18_35': [5.85, 10.488, 12.94], 'n_dj': [0.0, 0.5, 2.0], 'max_jump': [0.0, 0.15, 2.215], 'settle_err': [1.944, 2.99, 3.757], 'ratio_mid': [0.397, 0.635, 0.862], 'rate_ratio': [1.172, 1.675, 2.004]}
  2.5-8|T5 {'n': 3, 'n_build': 2, 'dDes': [33.992, 58.325, 86.651], 'peak_rate_des': [30.03, 44.387, 45.302], 'peak_rate_meas': [51.939, 88.16, 88.16], 't50_lag': [0.15, 0.245, 0.932], 't50_lag_cl': [0.09, 0.159, 0.867], 'rise_des': [1.34, 1.436, 2.332], 'rise_meas': [1.679, 2.057, 2.434], 'overrun': [1.648, 3.786, 15.641], 'overrun_cl': [3.159, 3.52, 11.035], 'err_rms_cl': [5.201, 7.018, 8.373], 'sr_2_10': [7.228, 11.404, 14.183], 'sr_18_35': [6.596, 11.314, 14.535], 'n_dj': [1.0, 1.0, 1.0], 'max_jump': [8.768, 16.588, 16.588], 'settle_err': [2.605, 3.856, 11.66], 'ratio_mid': [0.384, 0.949, 1.0], 'rate_ratio': [1.455, 1.908, 1.947]}
  8-15|T5 {'n': 2, 'n_build': 0, 'dDes': [28.758, 30.601, 32.444], 'peak_rate_des': [27.067, 31.893, 36.719], 'peak_rate_meas': [41.246, 50.636, 60.025], 't50_lag': [0.38, 0.401, 0.422], 't50_lag_cl': [0.308, 0.31, 0.313], 'rise_des': [0.879, 0.969, 1.058], 'rise_meas': [1.153, 1.443, 1.732], 'overrun': [5.955, 7.354, 8.753], 'overrun_cl': [5.149, 6.285, 7.42], 'err_rms_cl': [4.551, 5.569, 6.587], 'sr_2_10': [5.575, 7.274, 8.974], 'sr_18_35': [5.437, 7.112, 8.788], 'n_dj': [0.0, 0.0, 0.0], 'max_jump': [0.0, 0.0, 0.0], 'settle_err': [3.847, 4.722, 5.598], 'ratio_mid': [0.126, 0.227, 0.328], 'rate_ratio': [1.492, 1.552, 1.611]}
  2.5-8|T4 {'n': 11, 'n_build': 3, 'dDes': [27.562, 109.391, 174.629], 'peak_rate_des': [35.856, 85.054, 127.27], 'peak_rate_meas': [54.633, 115.611, 146.832], 't50_lag': [0.058, 0.177, 0.442], 't50_lag_cl': [0.045, 0.156, 0.385], 'rise_des': [1.443, 1.986, 2.412], 'rise_meas': [1.515, 1.923, 2.256], 'overrun': [-2.389, 4.228, 12.793], 'overrun_cl': [-0.115, 4.214, 13.566], 'err_rms_cl': [6.578, 8.441, 18.79], 'sr_2_10': [7.263, 10.776, 12.448], 'sr_18_35': [7.491, 11.567, 12.751], 'n_dj': [0.0, 1.0, 1.5], 'max_jump': [0.0, 1.3, 3.039], 'settle_err': [3.189, 5.023, 6.27], 'ratio_mid': [0.468, 0.907, 0.991], 'rate_ratio': [1.014, 1.154, 1.4]}
  8-15|T4 {'n': 11, 'n_build': 3, 'dDes': [17.129, 28.996, 70.611], 'peak_rate_des': [25.106, 41.912, 50.508], 'peak_rate_meas': [37.396, 56.574, 83.546], 't50_lag': [0.017, 0.45, 0.654], 't50_lag_cl': [-0.004, 0.373, 0.519], 'rise_des': [1.142, 1.391, 1.619], 'rise_meas': [0.26, 0.666, 1.734], 'overrun': [-0.212, 4.449, 9.166], 'overrun_cl': [-0.503, 4.484, 8.349], 'err_rms_cl': [4.655, 5.635, 7.585], 'sr_2_10': [4.857, 6.852, 12.022], 'sr_18_35': [4.995, 6.757, 12.188], 'n_dj': [0.0, 0.0, 0.5], 'max_jump': [0.0, 0.0, 0.9], 'settle_err': [2.0, 3.886, 6.723], 'ratio_mid': [-0.083, 0.376, 0.979], 'rate_ratio': [1.313, 1.432, 1.692]}
